Component: ARM Compiler 5.06 (build 20) Tool: armlink [4d35a3]

==============================================================================

Section Cross References

    hardfault_handler.o(.emb_text) refers to hardfault_handler.o(i.C_HardFault_Handler) for C_HardFault_Handler
    irq_va108xx.o(i.VOR_Disable_Irq) refers to irq_va108xx.o(i.__ARM_common_switch8) for __ARM_common_switch8
    irq_va108xx.o(i.VOR_Disable_Irq) refers to irq_va108xx.o(i.NVIC_DisableIRQ) for NVIC_DisableIRQ
    irq_va108xx.o(i.VOR_Enable_Irq) refers to irq_va108xx.o(i.__ARM_common_switch8) for __ARM_common_switch8
    irq_va108xx.o(i.VOR_Enable_Irq) refers to irq_va108xx.o(i.NVIC_SetPriority) for NVIC_SetPriority
    irq_va108xx.o(i.VOR_Enable_Irq) refers to irq_va108xx.o(i.NVIC_EnableIRQ) for NVIC_EnableIRQ
    startup_va108xx.o(RESET) refers to startup_va108xx.o(STACK) for __initial_sp
    startup_va108xx.o(RESET) refers to startup_va108xx.o(.text) for Reset_Handler
    startup_va108xx.o(RESET) refers to hardfault_handler.o(.emb_text) for HardFault_Handler
    startup_va108xx.o(RESET) refers to reb_timer.o(i.VOR_TIM0_IRQHandler) for VOR_TIM0_IRQHandler
    startup_va108xx.o(RESET) refers to reb_timer.o(i.VOR_TIM1_IRQHandler) for VOR_TIM1_IRQHandler
    startup_va108xx.o(RESET) refers to spi_drv_api.o(i.VOR_SPI0_IRQHandler) for VOR_SPI0_IRQHandler
    startup_va108xx.o(RESET) refers to spi_drv_api.o(i.VOR_SPI1_IRQHandler) for VOR_SPI1_IRQHandler
    startup_va108xx.o(RESET) refers to spi_drv_api.o(i.VOR_SPI2_IRQHandler) for VOR_SPI2_IRQHandler
    startup_va108xx.o(RESET) refers to i2c_drv_api.o(i.VOR_I2C0_MS_IRQHandler) for VOR_I2C0_MS_IRQHandler
    startup_va108xx.o(RESET) refers to i2c_drv_api.o(i.VOR_I2C0_SL_IRQHandler) for VOR_I2C0_SL_IRQHandler
    startup_va108xx.o(RESET) refers to i2c_drv_api.o(i.VOR_I2C1_MS_IRQHandler) for VOR_I2C1_MS_IRQHandler
    startup_va108xx.o(RESET) refers to i2c_drv_api.o(i.VOR_I2C1_SL_IRQHandler) for VOR_I2C1_SL_IRQHandler
    startup_va108xx.o(RESET) refers to spi_an_main.o(i.OC14_IRQHandler) for OC14_IRQHandler
    startup_va108xx.o(.text) refers to system_va108xx.o(i.SystemInit) for SystemInit
    startup_va108xx.o(.text) refers to entry.o(.ARM.Collect$$$$00000000) for __main
    system_va108xx.o(i.SystemCoreClockUpdate) refers to system_va108xx.o(.data) for .data
    system_va108xx.o(i.SystemInit) refers to system_va108xx.o(.data) for .data
    driver.common.o(i.VOR_Get_ClockFreq) refers to system_va108xx.o(.data) for SystemCoreClock
    driver.common.o(i.VOR_Sleep) refers to uidiv.o(.text) for __aeabi_uidivmod
    driver.common.o(i.VOR_Sleep) refers to system_va108xx.o(.data) for SystemCoreClock
    i2c_drv_api.o(i.VOR_I2C0_Control) refers to i2c_va108xx.o(i.VOR_I2C_Control) for VOR_I2C_Control
    i2c_drv_api.o(i.VOR_I2C0_Control) refers to i2c_va108xx.o(.data) for I2C0_Resources
    i2c_drv_api.o(i.VOR_I2C0_GetDataCount) refers to i2c_va108xx.o(i.VOR_I2C_GetDataCount) for VOR_I2C_GetDataCount
    i2c_drv_api.o(i.VOR_I2C0_GetDataCount) refers to i2c_va108xx.o(.data) for I2C0_Resources
    i2c_drv_api.o(i.VOR_I2C0_GetStatus) refers to i2c_va108xx.o(i.VOR_I2C_GetStatus) for VOR_I2C_GetStatus
    i2c_drv_api.o(i.VOR_I2C0_GetStatus) refers to i2c_va108xx.o(.data) for I2C0_Resources
    i2c_drv_api.o(i.VOR_I2C0_Initialize) refers to i2c_va108xx.o(i.VOR_I2C_Initialize) for VOR_I2C_Initialize
    i2c_drv_api.o(i.VOR_I2C0_Initialize) refers to i2c_va108xx.o(.data) for I2C0_Resources
    i2c_drv_api.o(i.VOR_I2C0_MS_IRQHandler) refers to i2c_va108xx.o(i.VOR_I2C_MasterHandler) for VOR_I2C_MasterHandler
    i2c_drv_api.o(i.VOR_I2C0_MS_IRQHandler) refers to i2c_va108xx.o(.data) for I2C0_Resources
    i2c_drv_api.o(i.VOR_I2C0_MasterReceive) refers to i2c_va108xx.o(i.VOR_I2C_MasterReceive) for VOR_I2C_MasterReceive
    i2c_drv_api.o(i.VOR_I2C0_MasterReceive) refers to i2c_va108xx.o(.data) for I2C0_Resources
    i2c_drv_api.o(i.VOR_I2C0_MasterTransmit) refers to i2c_va108xx.o(i.VOR_I2C_MasterTransmit) for VOR_I2C_MasterTransmit
    i2c_drv_api.o(i.VOR_I2C0_MasterTransmit) refers to i2c_va108xx.o(.data) for I2C0_Resources
    i2c_drv_api.o(i.VOR_I2C0_SL_IRQHandler) refers to i2c_va108xx.o(i.VOR_I2C_SlaveHandler) for VOR_I2C_SlaveHandler
    i2c_drv_api.o(i.VOR_I2C0_SL_IRQHandler) refers to i2c_va108xx.o(.data) for I2C0_Resources
    i2c_drv_api.o(i.VOR_I2C0_SlaveReceive) refers to i2c_va108xx.o(i.VOR_I2C_SlaveReceive) for VOR_I2C_SlaveReceive
    i2c_drv_api.o(i.VOR_I2C0_SlaveReceive) refers to i2c_va108xx.o(.data) for I2C0_Resources
    i2c_drv_api.o(i.VOR_I2C0_SlaveTransmit) refers to i2c_va108xx.o(i.VOR_I2C_SlaveTransmit) for VOR_I2C_SlaveTransmit
    i2c_drv_api.o(i.VOR_I2C0_SlaveTransmit) refers to i2c_va108xx.o(.data) for I2C0_Resources
    i2c_drv_api.o(i.VOR_I2C0_Uninitialize) refers to i2c_va108xx.o(i.VOR_I2C_Uninitialize) for VOR_I2C_Uninitialize
    i2c_drv_api.o(i.VOR_I2C0_Uninitialize) refers to i2c_va108xx.o(.data) for I2C0_Resources
[...]
    printf4.o(i.__0printf$4) refers to stdout.o(.data) for __stdout
    printf4.o(i.__0snprintf$4) refers to printf4.o(i._printf_core) for _printf_core
    printf4.o(i.__0snprintf$4) refers to printf4.o(i._snputc) for _snputc
    printf4.o(i.__0sprintf$4) refers to printf4.o(i._printf_core) for _printf_core
    printf4.o(i.__0sprintf$4) refers to printf4.o(i._sputc) for _sputc
    printf4.o(i.__0vfprintf$4) refers to printf4.o(i._printf_core) for _printf_core
    printf4.o(i.__0vfprintf$4) refers to fputc.o(i.fputc) for fputc
    printf4.o(i.__0vprintf$4) refers to printf4.o(i._printf_core) for _printf_core
    printf4.o(i.__0vprintf$4) refers to fputc.o(i.fputc) for fputc
    printf4.o(i.__0vprintf$4) refers to stdout.o(.data) for __stdout
    printf4.o(i.__0vsnprintf$4) refers to printf4.o(i._printf_core) for _printf_core
    printf4.o(i.__0vsnprintf$4) refers to printf4.o(i._snputc) for _snputc
    printf4.o(i.__0vsprintf$4) refers to printf4.o(i._printf_core) for _printf_core
    printf4.o(i.__0vsprintf$4) refers to printf4.o(i._sputc) for _sputc
    printf4.o(i._printf_core) refers to uldiv.o(.text) for __aeabi_uldivmod
    printf5.o(i.__0fprintf$5) refers to printf5.o(i._printf_core) for _printf_core
    printf5.o(i.__0fprintf$5) refers to fputc.o(i.fputc) for fputc
    printf5.o(i.__0printf$5) refers to printf5.o(i._printf_core) for _printf_core
    printf5.o(i.__0printf$5) refers to fputc.o(i.fputc) for fputc
    printf5.o(i.__0printf$5) refers to stdout.o(.data) for __stdout
    printf5.o(i.__0snprintf$5) refers to printf5.o(i._printf_core) for _printf_core
    printf5.o(i.__0snprintf$5) refers to printf5.o(i._snputc) for _snputc
    printf5.o(i.__0sprintf$5) refers to printf5.o(i._printf_core) for _printf_core
    printf5.o(i.__0sprintf$5) refers to printf5.o(i._sputc) for _sputc
    printf5.o(i.__0vfprintf$5) refers to printf5.o(i._printf_core) for _printf_core
    printf5.o(i.__0vfprintf$5) refers to fputc.o(i.fputc) for fputc
    printf5.o(i.__0vprintf$5) refers to printf5.o(i._printf_core) for _printf_core
    printf5.o(i.__0vprintf$5) refers to fputc.o(i.fputc) for fputc
    printf5.o(i.__0vprintf$5) refers to stdout.o(.data) for __stdout
    printf5.o(i.__0vsnprintf$5) refers to printf5.o(i._printf_core) for _printf_core
    printf5.o(i.__0vsnprintf$5) refers to printf5.o(i._snputc) for _snputc
    printf5.o(i.__0vsprintf$5) refers to printf5.o(i._printf_core) for _printf_core
    printf5.o(i.__0vsprintf$5) refers to printf5.o(i._sputc) for _sputc
    printf5.o(i._printf_core) refers to uldiv.o(.text) for __aeabi_uldivmod
    printf6.o(i.__0fprintf$6) refers to printf6.o(i._printf_core) for _printf_core
    printf6.o(i.__0fprintf$6) refers to fputc.o(i.fputc) for fputc
    printf6.o(i.__0printf$6) refers to printf6.o(i._printf_core) for _printf_core
    printf6.o(i.__0printf$6) refers to fputc.o(i.fputc) for fputc
    printf6.o(i.__0printf$6) refers to stdout.o(.data) for __stdout
    printf6.o(i.__0snprintf$6) refers to printf6.o(i._printf_core) for _printf_core
    printf6.o(i.__0snprintf$6) refers to printf6.o(i._snputc) for _snputc
    printf6.o(i.__0sprintf$6) refers to printf6.o(i._printf_core) for _printf_core
    printf6.o(i.__0sprintf$6) refers to printf6.o(i._sputc) for _sputc
    printf6.o(i.__0vfprintf$6) refers to printf6.o(i._printf_core) for _printf_core
    printf6.o(i.__0vfprintf$6) refers to fputc.o(i.fputc) for fputc
    printf6.o(i.__0vprintf$6) refers to printf6.o(i._printf_core) for _printf_core
    printf6.o(i.__0vprintf$6) refers to fputc.o(i.fputc) for fputc
    printf6.o(i.__0vprintf$6) refers to stdout.o(.data) for __stdout
    printf6.o(i.__0vsnprintf$6) refers to printf6.o(i._printf_core) for _printf_core
    printf6.o(i.__0vsnprintf$6) refers to printf6.o(i._snputc) for _snputc
    printf6.o(i.__0vsprintf$6) refers to printf6.o(i._printf_core) for _printf_core
    printf6.o(i.__0vsprintf$6) refers to printf6.o(i._sputc) for _sputc
    printf6.o(i._printf_core) refers to printf6.o(i._printf_pre_padding) for _printf_pre_padding
    printf6.o(i._printf_core) refers to printf6.o(i._printf_post_padding) for _printf_post_padding
    printf6.o(i._printf_core) refers to uidiv.o(.text) for __aeabi_uidivmod
    printf7.o(i.__0fprintf$7) refers to printf7.o(i._printf_core) for _printf_core
    printf7.o(i.__0fprintf$7) refers to fputc.o(i.fputc) for fputc
    printf7.o(i.__0printf$7) refers to printf7.o(i._printf_core) for _printf_core
    printf7.o(i.__0printf$7) refers to fputc.o(i.fputc) for fputc
    printf7.o(i.__0printf$7) refers to stdout.o(.data) for __stdout
    printf7.o(i.__0snprintf$7) refers to printf7.o(i._printf_core) for _printf_core
    printf7.o(i.__0snprintf$7) refers to printf7.o(i._snputc) for _snputc
    printf7.o(i.__0sprintf$7) refers to printf7.o(i._printf_core) for _printf_core
    printf7.o(i.__0sprintf$7) refers to printf7.o(i._sputc) for _sputc
    printf7.o(i.__0vfprintf$7) refers to printf7.o(i._printf_core) for _printf_core
    printf7.o(i.__0vfprintf$7) refers to fputc.o(i.fputc) for fputc
    printf7.o(i.__0vprintf$7) refers to printf7.o(i._printf_core) for _printf_core
    printf7.o(i.__0vprintf$7) refers to fputc.o(i.fputc) for fputc
    printf7.o(i.__0vprintf$7) refers to stdout.o(.data) for __stdout
    printf7.o(i.__0vsnprintf$7) refers to printf7.o(i._printf_core) for _printf_core
    printf7.o(i.__0vsnprintf$7) refers to printf7.o(i._snputc) for _snputc
    printf7.o(i.__0vsprintf$7) refers to printf7.o(i._printf_core) for _printf_core
    printf7.o(i.__0vsprintf$7) refers to printf7.o(i._sputc) for _sputc
    printf7.o(i._printf_core) refers to printf7.o(i._printf_pre_padding) for _printf_pre_padding
    printf7.o(i._printf_core) refers to printf7.o(i._printf_post_padding) for _printf_post_padding
    printf7.o(i._printf_core) refers to uldiv.o(.text) for __aeabi_uldivmod
    printf8.o(i.__0fprintf$8) refers to printf8.o(i._printf_core) for _printf_core
    printf8.o(i.__0fprintf$8) refers to fputc.o(i.fputc) for fputc
    printf8.o(i.__0printf$8) refers to printf8.o(i._printf_core) for _printf_core
    printf8.o(i.__0printf$8) refers to fputc.o(i.fputc) for fputc
    printf8.o(i.__0printf$8) refers to stdout.o(.data) for __stdout
    printf8.o(i.__0snprintf$8) refers to printf8.o(i._printf_core) for _printf_core
    printf8.o(i.__0snprintf$8) refers to printf8.o(i._snputc) for _snputc
    printf8.o(i.__0sprintf$8) refers to printf8.o(i._printf_core) for _printf_core
    printf8.o(i.__0sprintf$8) refers to printf8.o(i._sputc) for _sputc
    printf8.o(i.__0vfprintf$8) refers to printf8.o(i._printf_core) for _printf_core
    printf8.o(i.__0vfprintf$8) refers to fputc.o(i.fputc) for fputc
    printf8.o(i.__0vprintf$8) refers to printf8.o(i._printf_core) for _printf_core
    printf8.o(i.__0vprintf$8) refers to fputc.o(i.fputc) for fputc
    printf8.o(i.__0vprintf$8) refers to stdout.o(.data) for __stdout
    printf8.o(i.__0vsnprintf$8) refers to printf8.o(i._printf_core) for _printf_core
    printf8.o(i.__0vsnprintf$8) refers to printf8.o(i._snputc) for _snputc
    printf8.o(i.__0vsprintf$8) refers to printf8.o(i._printf_core) for _printf_core
    printf8.o(i.__0vsprintf$8) refers to printf8.o(i._sputc) for _sputc
    printf8.o(i._printf_core) refers to printf8.o(i._printf_pre_padding) for _printf_pre_padding
    printf8.o(i._printf_core) refers to printf8.o(i._printf_post_padding) for _printf_post_padding
    printf8.o(i._printf_core) refers to uldiv.o(.text) for __aeabi_uldivmod
    printfa.o(i.__0fprintf) refers (Special) to iusefp.o(.text) for __I$use$fp
    printfa.o(i.__0fprintf) refers to printfa.o(i._printf_core) for _printf_core
    printfa.o(i.__0fprintf) refers to fputc.o(i.fputc) for fputc
    printfa.o(i.__0printf) refers (Special) to iusefp.o(.text) for __I$use$fp
    printfa.o(i.__0printf) refers to printfa.o(i._printf_core) for _printf_core
    printfa.o(i.__0printf) refers to fputc.o(i.fputc) for fputc
    printfa.o(i.__0printf) refers to stdout.o(.data) for __stdout
    printfa.o(i.__0snprintf) refers (Special) to iusefp.o(.text) for __I$use$fp
    printfa.o(i.__0snprintf) refers to printfa.o(i._printf_core) for _printf_core
    printfa.o(i.__0snprintf) refers to printfa.o(i._snputc) for _snputc
    printfa.o(i.__0sprintf) refers (Special) to iusefp.o(.text) for __I$use$fp
    printfa.o(i.__0sprintf) refers to printfa.o(i._printf_core) for _printf_core
    printfa.o(i.__0sprintf) refers to printfa.o(i._sputc) for _sputc
    printfa.o(i.__0vfprintf) refers (Special) to iusefp.o(.text) for __I$use$fp
    printfa.o(i.__0vfprintf) refers to printfa.o(i._printf_core) for _printf_core
    printfa.o(i.__0vfprintf) refers to fputc.o(i.fputc) for fputc
    printfa.o(i.__0vprintf) refers (Special) to iusefp.o(.text) for __I$use$fp
    printfa.o(i.__0vprintf) refers to printfa.o(i._printf_core) for _printf_core
    printfa.o(i.__0vprintf) refers to fputc.o(i.fputc) for fputc
    printfa.o(i.__0vprintf) refers to stdout.o(.data) for __stdout
    printfa.o(i.__0vsnprintf) refers (Special) to iusefp.o(.text) for __I$use$fp
    printfa.o(i.__0vsnprintf) refers to printfa.o(i._printf_core) for _printf_core
    printfa.o(i.__0vsnprintf) refers to printfa.o(i._snputc) for _snputc
    printfa.o(i.__0vsprintf) refers (Special) to iusefp.o(.text) for __I$use$fp
    printfa.o(i.__0vsprintf) refers to printfa.o(i._printf_core) for _printf_core
    printfa.o(i.__0vsprintf) refers to printfa.o(i._sputc) for _sputc
    printfa.o(i._fp_digits) refers (Special) to iusefp.o(.text) for __I$use$fp
    printfa.o(i._fp_digits) refers to dmul.o(.text) for __aeabi_dmul
    printfa.o(i._fp_digits) refers to ddiv.o(.text) for __aeabi_ddiv
    printfa.o(i._fp_digits) refers to cdrcmple.o(.text) for __aeabi_cdrcmple
    printfa.o(i._fp_digits) refers to dadd.o(.text) for __aeabi_dadd
    printfa.o(i._fp_digits) refers to dfixul.o(.text) for __aeabi_d2ulz
    printfa.o(i._fp_digits) refers to uldiv.o(.text) for __aeabi_uldivmod
    printfa.o(i._printf_core) refers (Special) to iusefp.o(.text) for __I$use$fp
    printfa.o(i._printf_core) refers to printfa.o(i._printf_pre_padding) for _printf_pre_padding
    printfa.o(i._printf_core) refers to uldiv.o(.text) for __aeabi_uldivmod
    printfa.o(i._printf_core) refers to printfa.o(i._printf_post_padding) for _printf_post_padding
    printfa.o(i._printf_core) refers to printfa.o(i._fp_digits) for _fp_digits
    printfa.o(i._printf_core) refers to uidiv.o(.text) for __aeabi_uidivmod
    printfa.o(i._printf_post_padding) refers (Special) to iusefp.o(.text) for __I$use$fp
    printfa.o(i._printf_pre_padding) refers (Special) to iusefp.o(.text) for __I$use$fp
    printfa.o(i._snputc) refers (Special) to iusefp.o(.text) for __I$use$fp
    printfa.o(i._sputc) refers (Special) to iusefp.o(.text) for __I$use$fp
    entry2.o(.ARM.Collect$$$$00000001) refers to entry2.o(.ARM.Collect$$$$00002712) for __lit__00000000
    entry2.o(.ARM.Collect$$$$00002712) refers to startup_va108xx.o(STACK) for __initial_sp
    entry2.o(__vectab_stack_and_reset_area) refers to startup_va108xx.o(STACK) for __initial_sp
    entry2.o(__vectab_stack_and_reset_area) refers to entry.o(.ARM.Collect$$$$00000000) for __main
    entry5.o(.ARM.Collect$$$$00000004) refers to init.o(.text) for __scatterload
    entry9a.o(.ARM.Collect$$$$0000000B) refers to spi_an_main.o(i.main) for main
    entry9b.o(.ARM.Collect$$$$0000000C) refers to spi_an_main.o(i.main) for main
    uldiv.o(.text) refers to llushr.o(.text) for __aeabi_llsr
    uldiv.o(.text) refers to llshl.o(.text) for __aeabi_llsl
    dadd.o(.text) refers to llshl.o(.text) for __aeabi_llsl
    dadd.o(.text) refers to llsshr.o(.text) for __aeabi_lasr
    dadd.o(.text) refers to depilogue.o(.text) for _double_epilogue
    dmul.o(.text) refers to depilogue.o(.text) for _double_epilogue
    ddiv.o(.text) refers to depilogue.o(.text) for _double_round
    dfixul.o(.text) refers to llushr.o(.text) for __aeabi_llsr
    dfixul.o(.text) refers to llshl.o(.text) for __aeabi_llsl
    init.o(.text) refers to entry5.o(.ARM.Collect$$$$00000004) for __main_after_scatterload
    depilogue.o(.text) refers to depilogue.o(i.__ARM_clz) for __ARM_clz
    depilogue.o(.text) refers to llshl.o(.text) for __aeabi_llsl
    depilogue.o(.text) refers to llushr.o(.text) for __aeabi_llsr


==============================================================================

Removing Unused input sections from the image.

    Removing hardfault_handler.o(.rev16_text), (4 bytes).
    Removing hardfault_handler.o(.revsh_text), (4 bytes).
    Removing hardfault_handler.o(i.ReadMem), (24 bytes).
    Removing irq_va108xx.o(.rev16_text), (4 bytes).
    Removing irq_va108xx.o(.revsh_text), (4 bytes).
    Removing startup_va108xx.o(HEAP), (3072 bytes).
    Removing system_va108xx.o(.rev16_text), (4 bytes).
    Removing system_va108xx.o(.revsh_text), (4 bytes).
    Removing system_va108xx.o(i.SystemCoreClockUpdate), (16 bytes).
    Removing driver.common.o(.rev16_text), (4 bytes).
    Removing driver.common.o(.revsh_text), (4 bytes).
    Removing driver.common.o(i.VOR_GPIO_PinMux), (32 bytes).
    Removing gpio_drv_api.o(.rev16_text), (4 bytes).
    Removing gpio_drv_api.o(.revsh_text), (4 bytes).
    Removing gpio_va108xx.o(.rev16_text), (4 bytes).
    Removing gpio_va108xx.o(.revsh_text), (4 bytes).
    Removing i2c_drv_api.o(.rev16_text), (4 bytes).
    Removing i2c_drv_api.o(.revsh_text), (4 bytes).
    Removing i2c_va108xx.o(.rev16_text), (4 bytes).
    Removing i2c_va108xx.o(.revsh_text), (4 bytes).
    Removing spi_drv_api.o(.rev16_text), (4 bytes).
    Removing spi_drv_api.o(.revsh_text), (4 bytes).
    Removing spi_va108xx.o(.rev16_text), (4 bytes).
    Removing spi_va108xx.o(.revsh_text), (4 bytes).
    Removing spi_va108xx.o(i.VOR_SPI_Drv_Mode), (6 bytes).
    Removing spi_va108xx.o(i.VOR_SPI_Poll_Tout), (6 bytes).
    Removing uart_drv_api.o(.rev16_text), (4 bytes).
    Removing uart_drv_api.o(.revsh_text), (4 bytes).
    Removing uart_va108xx.o(.rev16_text), (4 bytes).
    Removing uart_va108xx.o(.revsh_text), (4 bytes).
    Removing reb_adt75.o(i.VOR_ADT75_GetTemp), (64 bytes).
    Removing reb_adt75.o(i.VOR_ADT75_Initialize), (64 bytes).
    Removing reb_adt75.o(i.VOR_ADT75_UnInitialize), (20 bytes).
    Removing reb_log.o(.rev16_text), (4 bytes).
    Removing reb_log.o(.revsh_text), (4 bytes).
    Removing reb_log.o(i.VOR_Log), (92 bytes).
    Removing reb_log.o(i.VOR_Log_Init), (32 bytes).
    Removing reb_log.o(.bss), (100 bytes).
    Removing reb_log.o(.data), (2 bytes).
    Removing reb_max11619.o(.rev16_text), (4 bytes).
    Removing reb_max11619.o(.revsh_text), (4 bytes).
    Removing reb_max11619.o(i.VOR_MAX11619_Configure), (88 bytes).
    Removing reb_max11619.o(i.VOR_MAX11619_GetData), (60 bytes).
    Removing reb_max11619.o(i.VOR_MAX11619_Initialize), (180 bytes).
    Removing reb_max11619.o(i.VOR_MAX11619_UnInitialize), (20 bytes).
    Removing reb_max11619.o(.data), (4 bytes).
    Removing reb_timer.o(.rev16_text), (4 bytes).
    Removing reb_timer.o(.revsh_text), (4 bytes).
    Removing reb_timer.o(i.VOR_TIM0_MSecClear), (12 bytes).
    Removing reb_timer.o(i.VOR_TIM0_MSecExpired), (12 bytes).
    Removing reb_timer.o(i.VOR_TIM0_MSecInitialize), (72 bytes).
    Removing reb_timer.o(i.VOR_TIM1_SecClear), (12 bytes).
    Removing reb_timer.o(i.VOR_TIM1_SecExpired), (12 bytes).
    Removing reb_timer.o(i.VOR_TIM1_SecInitialize), (64 bytes).
    Removing spi_an_main.o(.rev16_text), (4 bytes).
    Removing spi_an_main.o(.revsh_text), (4 bytes).
    Removing spi_an_main.o(i.READ_APB), (4 bytes).
    Removing spi_an_main.o(i.REB1_SPIB_setup), (48 bytes).
    Removing spi_an_main.o(i.WRITE_APB), (4 bytes).
    Removing spi_an_main.o(.bss), (32 bytes).
    Removing spi_an_main.o(.data), (1 bytes).
    Removing spi_an_main.o(.data), (4 bytes).
    Removing spi_an_main.o(.data), (4 bytes).
    Removing spi_an_main.o(.data), (4 bytes).
    Removing spi_an_main.o(.data), (4 bytes).
    Removing redirect.o(.rev16_text), (4 bytes).
    Removing redirect.o(.revsh_text), (4 bytes).
    Removing segger_rtt.o(i.SEGGER_RTT_AllocDownBuffer), (84 bytes).
    Removing segger_rtt.o(i.SEGGER_RTT_AllocUpBuffer), (84 bytes).
    Removing segger_rtt.o(i.SEGGER_RTT_GetKey), (28 bytes).
    Removing segger_rtt.o(i.SEGGER_RTT_HasData), (20 bytes).
    Removing segger_rtt.o(i.SEGGER_RTT_HasKey), (36 bytes).
    Removing segger_rtt.o(i.SEGGER_RTT_Read), (8 bytes).
    Removing segger_rtt.o(i.SEGGER_RTT_ReadNoLock), (128 bytes).
    Removing segger_rtt.o(i.SEGGER_RTT_SetNameDownBuffer), (48 bytes).
    Removing segger_rtt.o(i.SEGGER_RTT_SetNameUpBuffer), (48 bytes).
    Removing segger_rtt.o(i.SEGGER_RTT_TerminalOut), (148 bytes).
    Removing segger_rtt.o(i.SEGGER_RTT_WaitKey), (12 bytes).
    Removing segger_rtt.o(i.SEGGER_RTT_WriteSkipNoLock), (136 bytes).
    Removing segger_rtt.o(i._PostTerminalSwitch), (32 bytes).
    Removing segger_rtt_syscalls_keil.o(i._sys_close), (4 bytes).
    Removing segger_rtt_syscalls_keil.o(i._sys_command_string), (2 bytes).
    Removing segger_rtt_syscalls_keil.o(i._sys_ensure), (6 bytes).
    Removing segger_rtt_syscalls_keil.o(i._sys_exit), (2 bytes).
    Removing segger_rtt_syscalls_keil.o(i._sys_flen), (4 bytes).
    Removing segger_rtt_syscalls_keil.o(i._sys_istty), (16 bytes).
    Removing segger_rtt_syscalls_keil.o(i._sys_open), (52 bytes).
    Removing segger_rtt_syscalls_keil.o(i._sys_read), (4 bytes).
    Removing segger_rtt_syscalls_keil.o(i._sys_seek), (4 bytes).
    Removing segger_rtt_syscalls_keil.o(i._sys_tmpnam), (4 bytes).
    Removing segger_rtt_syscalls_keil.o(i._sys_write), (28 bytes).
    Removing segger_rtt_syscalls_keil.o(i._ttywrch), (20 bytes).
    Removing segger_rtt_syscalls_keil.o(.constdata), (6 bytes).
    Removing segger_rtt_syscalls_keil.o(.constdata), (14 bytes).
    Removing utils.o(.rev16_text), (4 bytes).
    Removing utils.o(.revsh_text), (4 bytes).
    Removing dadd.o(.text), (356 bytes).
    Removing dmul.o(.text), (208 bytes).
    Removing ddiv.o(.text), (240 bytes).
    Removing dfixul.o(.text), (64 bytes).
    Removing cdrcmple.o(.text), (40 bytes).
    Removing depilogue.o(.text), (190 bytes).
    Removing depilogue.o(i.__ARM_clz), (46 bytes).

103 unused section(s) (total 6437 bytes) removed from the image.

==============================================================================

Image Symbol Table

    Local Symbols

    Symbol Name                              Value     Ov Type        Size  Object(Section)

    RESET                                    0x00000000   Section      192  startup_va108xx.o(RESET)
    ../clib/../cmprslib/zerorunl2.c          0x00000000   Number         0  __dczerorl2.o ABSOLUTE
    ../clib/microlib/division.c              0x00000000   Number         0  uidiv.o ABSOLUTE
    ../clib/microlib/division.c              0x00000000   Number         0  idiv.o ABSOLUTE
    ../clib/microlib/division.c              0x00000000   Number         0  uldiv.o ABSOLUTE
    ../clib/microlib/init/entry.s            0x00000000   Number         0  entry.o ABSOLUTE
    ../clib/microlib/init/entry.s            0x00000000   Number         0  entry11b.o ABSOLUTE
    ../clib/microlib/init/entry.s            0x00000000   Number         0  entry10b.o ABSOLUTE
    ../clib/microlib/init/entry.s            0x00000000   Number         0  entry5.o ABSOLUTE
    ../clib/microlib/init/entry.s            0x00000000   Number         0  entry11a.o ABSOLUTE
    ../clib/microlib/init/entry.s            0x00000000   Number         0  entry10a.o ABSOLUTE
    ../clib/microlib/init/entry.s            0x00000000   Number         0  entry7a.o ABSOLUTE
    ../clib/microlib/init/entry.s            0x00000000   Number         0  entry7b.o ABSOLUTE
    ../clib/microlib/init/entry.s            0x00000000   Number         0  entry8a.o ABSOLUTE
    ../clib/microlib/init/entry.s            0x00000000   Number         0  entry8b.o ABSOLUTE
    ../clib/microlib/init/entry.s            0x00000000   Number         0  entry9a.o ABSOLUTE
    ../clib/microlib/init/entry.s            0x00000000   Number         0  entry2.o ABSOLUTE
    ../clib/microlib/init/entry.s            0x00000000   Number         0  entry9b.o ABSOLUTE
    ../clib/microlib/longlong.c              0x00000000   Number         0  llshl.o ABSOLUTE
    ../clib/microlib/longlong.c              0x00000000   Number         0  llushr.o ABSOLUTE
    ../clib/microlib/longlong.c              0x00000000   Number         0  llsshr.o ABSOLUTE
    ../clib/microlib/printf/printf.c         0x00000000   Number         0  printf4.o ABSOLUTE
    ../clib/microlib/printf/printf.c         0x00000000   Number         0  printf7.o ABSOLUTE
    ../clib/microlib/printf/printf.c         0x00000000   Number         0  printf8.o ABSOLUTE
    ../clib/microlib/printf/printf.c         0x00000000   Number         0  printfa.o ABSOLUTE
    ../clib/microlib/printf/printf.c         0x00000000   Number         0  printf1.o ABSOLUTE
    ../clib/microlib/printf/printf.c         0x00000000   Number         0  printf2.o ABSOLUTE
    ../clib/microlib/printf/printf.c         0x00000000   Number         0  printf0.o ABSOLUTE
    ../clib/microlib/printf/printf.c         0x00000000   Number         0  printf3.o ABSOLUTE
    ../clib/microlib/printf/printf.c         0x00000000   Number         0  printfb.o ABSOLUTE
    ../clib/microlib/printf/printf.c         0x00000000   Number         0  printf5.o ABSOLUTE
    ../clib/microlib/printf/printf.c         0x00000000   Number         0  printf6.o ABSOLUTE
    ../clib/microlib/stdio/fflush.c          0x00000000   Number         0  fflush.o ABSOLUTE
    ../clib/microlib/stdio/fputc.c           0x00000000   Number         0  fputc.o ABSOLUTE
    ../clib/microlib/stdio/semi.s            0x00000000   Number         0  semi.o ABSOLUTE
    ../clib/microlib/stdio/streams.c         0x00000000   Number         0  stdout.o ABSOLUTE
    ../clib/microlib/string/memcpy.c         0x00000000   Number         0  memcpya.o ABSOLUTE
    ../clib/microlib/string/memcpy.c         0x00000000   Number         0  memcpyb.o ABSOLUTE
    ../clib/microlib/string/strcmp.c         0x00000000   Number         0  strcmp.o ABSOLUTE
    ../clib/microlib/string/strcpy.c         0x00000000   Number         0  strcpy.o ABSOLUTE
    ../clib/microlib/string/strlen.c         0x00000000   Number         0  strlen.o ABSOLUTE
    ../clib/microlib/stubs.s                 0x00000000   Number         0  iusesemip.o ABSOLUTE
    ../clib/microlib/stubs.s                 0x00000000   Number         0  iusefp.o ABSOLUTE
    ../clib/microlib/stubs.s                 0x00000000   Number         0  useno.o ABSOLUTE
    ../fplib/microlib/fpadd.c                0x00000000   Number         0  dadd.o ABSOLUTE
    ../fplib/microlib/fpdiv.c                0x00000000   Number         0  ddiv.o ABSOLUTE
    ../fplib/microlib/fpepilogue.c           0x00000000   Number         0  depilogue.o ABSOLUTE
    ../fplib/microlib/fpfix.c                0x00000000   Number         0  dfixul.o ABSOLUTE
    ../fplib/microlib/fpmul.c                0x00000000   Number         0  dmul.o ABSOLUTE
    ..\..\common\src\hardfault_handler.c     0x00000000   Number         0  hardfault_handler.o ABSOLUTE
    ..\..\common\src\irq_va108xx.c           0x00000000   Number         0  irq_va108xx.o ABSOLUTE
    ..\..\common\src\startup_va108xx.s       0x00000000   Number         0  startup_va108xx.o ABSOLUTE
    ..\..\common\src\system_va108xx.c        0x00000000   Number         0  system_va108xx.o ABSOLUTE
    ..\..\driver\src\driver.common.c         0x00000000   Number         0  driver.common.o ABSOLUTE
    ..\..\driver\src\gpio_drv_api.c          0x00000000   Number         0  gpio_drv_api.o ABSOLUTE
    ..\..\driver\src\gpio_va108xx.c          0x00000000   Number         0  gpio_va108xx.o ABSOLUTE
    ..\..\driver\src\i2c_drv_api.c           0x00000000   Number         0  i2c_drv_api.o ABSOLUTE
    ..\..\driver\src\i2c_va108xx.c           0x00000000   Number         0  i2c_va108xx.o ABSOLUTE
    ..\..\driver\src\spi_drv_api.c           0x00000000   Number         0  spi_drv_api.o ABSOLUTE
    ..\..\driver\src\spi_va108xx.c           0x00000000   Number         0  spi_va108xx.o ABSOLUTE
    ..\..\driver\src\uart_drv_api.c          0x00000000   Number         0  uart_drv_api.o ABSOLUTE
    ..\..\driver\src\uart_va108xx.c          0x00000000   Number         0  uart_va108xx.o ABSOLUTE
    ..\..\utilities\src\redirect.c           0x00000000   Number         0  redirect.o ABSOLUTE
    ..\..\utilities\src\segger_rtt.c         0x00000000   Number         0  segger_rtt.o ABSOLUTE
    ..\..\utilities\src\segger_rtt_printf.c  0x00000000   Number         0  segger_rtt_printf.o ABSOLUTE
    ..\..\utilities\src\segger_rtt_syscalls_keil.c 0x00000000   Number         0  segger_rtt_syscalls_keil.o ABSOLUTE
    ..\..\utilities\src\utils.c              0x00000000   Number         0  utils.o ABSOLUTE
    ..\\..\\common\\src\\hardfault_handler.c 0x00000000   Number         0  hardfault_handler.o ABSOLUTE
    ..\\..\\common\\src\\irq_va108xx.c       0x00000000   Number         0  irq_va108xx.o ABSOLUTE
    ..\\..\\common\\src\\system_va108xx.c    0x00000000   Number         0  system_va108xx.o ABSOLUTE
    ..\\..\\driver\\src\\driver.common.c     0x00000000   Number         0  driver.common.o ABSOLUTE
    ..\\..\\driver\\src\\gpio_drv_api.c      0x00000000   Number         0  gpio_drv_api.o ABSOLUTE
    ..\\..\\driver\\src\\gpio_va108xx.c      0x00000000   Number         0  gpio_va108xx.o ABSOLUTE
    ..\\..\\driver\\src\\i2c_drv_api.c       0x00000000   Number         0  i2c_drv_api.o ABSOLUTE
    ..\\..\\driver\\src\\i2c_va108xx.c       0x00000000   Number         0  i2c_va108xx.o ABSOLUTE
    ..\\..\\driver\\src\\spi_drv_api.c       0x00000000   Number         0  spi_drv_api.o ABSOLUTE
    ..\\..\\driver\\src\\spi_va108xx.c       0x00000000   Number         0  spi_va108xx.o ABSOLUTE
    ..\\..\\driver\\src\\uart_drv_api.c      0x00000000   Number         0  uart_drv_api.o ABSOLUTE
    ..\\..\\driver\\src\\uart_va108xx.c      0x00000000   Number         0  uart_va108xx.o ABSOLUTE
    ..\\..\\utilities\\src\\redirect.c       0x00000000   Number         0  redirect.o ABSOLUTE
    ..\\..\\utilities\\src\\utils.c          0x00000000   Number         0  utils.o ABSOLUTE
    cdrcmple.s                               0x00000000   Number         0  cdrcmple.o ABSOLUTE
    dc.s                                     0x00000000   Number         0  dc.o ABSOLUTE
    handlers.s                               0x00000000   Number         0  handlers.o ABSOLUTE
    init.s                                   0x00000000   Number         0  init.o ABSOLUTE
    src\SPI_AN_main.c                        0x00000000   Number         0  spi_an_main.o ABSOLUTE
    src\\SPI_AN_main.c                       0x00000000   Number         0  spi_an_main.o ABSOLUTE
    src\\reb_log.c                           0x00000000   Number         0  reb_log.o ABSOLUTE
    src\\reb_max11619.c                      0x00000000   Number         0  reb_max11619.o ABSOLUTE
    src\\reb_timer.c                         0x00000000   Number         0  reb_timer.o ABSOLUTE
    src\reb_adt75.c                          0x00000000   Number         0  reb_adt75.o ABSOLUTE
    src\reb_log.c                            0x00000000   Number         0  reb_log.o ABSOLUTE
    src\reb_max11619.c                       0x00000000   Number         0  reb_max11619.o ABSOLUTE
    src\reb_timer.c                          0x00000000   Number         0  reb_timer.o ABSOLUTE
    .ARM.Collect$$$$00000000                 0x000000c0   Section        0  entry.o(.ARM.Collect$$$$00000000)
    .ARM.Collect$$$$00000001                 0x000000c0   Section        4  entry2.o(.ARM.Collect$$$$00000001)
    .ARM.Collect$$$$00000004                 0x000000c4   Section        4  entry5.o(.ARM.Collect$$$$00000004)
    .ARM.Collect$$$$00000008                 0x000000c8   Section        0  entry7b.o(.ARM.Collect$$$$00000008)
    .ARM.Collect$$$$0000000A                 0x000000c8   Section        0  entry8b.o(.ARM.Collect$$$$0000000A)
    .ARM.Collect$$$$0000000B                 0x000000c8   Section        8  entry9a.o(.ARM.Collect$$$$0000000B)
    .ARM.Collect$$$$0000000D                 0x000000d0   Section        0  entry10a.o(.ARM.Collect$$$$0000000D)
    .ARM.Collect$$$$0000000F                 0x000000d0   Section        0  entry11a.o(.ARM.Collect$$$$0000000F)
    .ARM.Collect$$$$00002712                 0x000000d0   Section        4  entry2.o(.ARM.Collect$$$$00002712)
    __lit__00000000                          0x000000d0   Data           4  entry2.o(.ARM.Collect$$$$00002712)
    .emb_text                                0x000000d4   Section       12  hardfault_handler.o(.emb_text)
    .text                                    0x000000e0   Section       36  startup_va108xx.o(.text)
    .text                                    0x00000104   Section        0  uidiv.o(.text)
    .text                                    0x00000130   Section        0  idiv.o(.text)
    .text                                    0x00000158   Section        0  memcpya.o(.text)
    .text                                    0x0000017c   Section        0  strlen.o(.text)
    .text                                    0x0000018a   Section        0  strcpy.o(.text)
    .text                                    0x0000019c   Section       36  init.o(.text)
    .text                                    0x000001c0   Section        0  __dczerorl2.o(.text)
    i.C_HardFault_Handler                    0x00000216   Section        0  hardfault_handler.o(i.C_HardFault_Handler)
    __tagsym$$used                           0x00000217   Number         0  hardfault_handler.o(i.C_HardFault_Handler)
    i.NVIC_DisableIRQ                        0x00000218   Section        0  irq_va108xx.o(i.NVIC_DisableIRQ)
    NVIC_DisableIRQ                          0x00000219   Thumb Code    14  irq_va108xx.o(i.NVIC_DisableIRQ)
    i.NVIC_EnableIRQ                         0x0000022c   Section        0  irq_va108xx.o(i.NVIC_EnableIRQ)
    NVIC_EnableIRQ                           0x0000022d   Thumb Code    14  irq_va108xx.o(i.NVIC_EnableIRQ)
    i.NVIC_SetPriority                       0x00000240   Section        0  irq_va108xx.o(i.NVIC_SetPriority)
    NVIC_SetPriority                         0x00000241   Thumb Code    60  irq_va108xx.o(i.NVIC_SetPriority)
    i.OC14_IRQHandler                        0x00000284   Section        0  spi_an_main.o(i.OC14_IRQHandler)
    i.Output_data_RTT                        0x00000318   Section        0  spi_an_main.o(i.Output_data_RTT)
    i.ProgramPage_SPIA                       0x00000464   Section        0  spi_an_main.o(i.ProgramPage_SPIA)
    i.REB1_SPIA_setup                        0x00000514   Section        0  spi_an_main.o(i.REB1_SPIA_setup)
    i.Read_32bytes_from_EE                   0x00000548   Section        0  spi_an_main.o(i.Read_32bytes_from_EE)
    i.Read_32bytes_wint                      0x00000600   Section        0  spi_an_main.o(i.Read_32bytes_wint)
    i.SEGGER_RTT_ConfigDownBuffer            0x000006c0   Section        0  segger_rtt.o(i.SEGGER_RTT_ConfigDownBuffer)
    i.SEGGER_RTT_ConfigUpBuffer              0x0000070c   Section        0  segger_rtt.o(i.SEGGER_RTT_ConfigUpBuffer)
    i.SEGGER_RTT_Init                        0x00000758   Section        0  segger_rtt.o(i.SEGGER_RTT_Init)
    i.SEGGER_RTT_SetTerminal                 0x0000076c   Section        0  segger_rtt.o(i.SEGGER_RTT_SetTerminal)
    i.SEGGER_RTT_Write                       0x000007d4   Section        0  segger_rtt.o(i.SEGGER_RTT_Write)
    i.SEGGER_RTT_WriteNoLock                 0x000007f8   Section        0  segger_rtt.o(i.SEGGER_RTT_WriteNoLock)
    i.SEGGER_RTT_WriteString                 0x00000854   Section        0  segger_rtt.o(i.SEGGER_RTT_WriteString)
    i.SEGGER_RTT_printf                      0x0000086c   Section        0  segger_rtt_printf.o(i.SEGGER_RTT_printf)
    i.SEGGER_RTT_vprintf                     0x00000884   Section        0  segger_rtt_printf.o(i.SEGGER_RTT_vprintf)
    i.Single_Frame_TX_SPIA                   0x00000a18   Section        0  spi_an_main.o(i.Single_Frame_TX_SPIA)
    i.SystemInit                             0x00000aac   Section        0  system_va108xx.o(i.SystemInit)
    i.VOR_Disable_Irq                        0x00000abc   Section        0  irq_va108xx.o(i.VOR_Disable_Irq)
    i.VOR_Enable_Irq                         0x00000b40   Section        0  irq_va108xx.o(i.VOR_Enable_Irq)
    i.VOR_Get_ClockFreq                      0x00000c5c   Section        0  driver.common.o(i.VOR_Get_ClockFreq)
    i.VOR_Get_SysTime                        0x00000c68   Section        0  driver.common.o(i.VOR_Get_SysTime)
    i.VOR_I2C0_Control                       0x00000c6c   Section        0  i2c_drv_api.o(i.VOR_I2C0_Control)
    VOR_I2C0_Control                         0x00000c6d   Thumb Code    10  i2c_drv_api.o(i.VOR_I2C0_Control)
    i.VOR_I2C0_GetDataCount                  0x00000c7c   Section        0  i2c_drv_api.o(i.VOR_I2C0_GetDataCount)
    VOR_I2C0_GetDataCount                    0x00000c7d   Thumb Code    10  i2c_drv_api.o(i.VOR_I2C0_GetDataCount)
    i.VOR_I2C0_GetStatus                     0x00000c8c   Section        0  i2c_drv_api.o(i.VOR_I2C0_GetStatus)
    VOR_I2C0_GetStatus                       0x00000c8d   Thumb Code    10  i2c_drv_api.o(i.VOR_I2C0_GetStatus)
    i.VOR_I2C0_Initialize                    0x00000c9c   Section        0  i2c_drv_api.o(i.VOR_I2C0_Initialize)
    VOR_I2C0_Initialize                      0x00000c9d   Thumb Code    10  i2c_drv_api.o(i.VOR_I2C0_Initialize)
    i.VOR_I2C0_MS_IRQHandler                 0x00000cac   Section        0  i2c_drv_api.o(i.VOR_I2C0_MS_IRQHandler)
    i.VOR_I2C0_MasterReceive                 0x00000cbc   Section        0  i2c_drv_api.o(i.VOR_I2C0_MasterReceive)
    VOR_I2C0_MasterReceive                   0x00000cbd   Thumb Code    12  i2c_drv_api.o(i.VOR_I2C0_MasterReceive)
    i.VOR_I2C0_MasterTransmit                0x00000ccc   Section        0  i2c_drv_api.o(i.VOR_I2C0_MasterTransmit)
    VOR_I2C0_MasterTransmit                  0x00000ccd   Thumb Code    12  i2c_drv_api.o(i.VOR_I2C0_MasterTransmit)
    i.VOR_I2C0_SL_IRQHandler                 0x00000cdc   Section        0  i2c_drv_api.o(i.VOR_I2C0_SL_IRQHandler)
    i.VOR_I2C0_SlaveReceive                  0x00000cec   Section        0  i2c_drv_api.o(i.VOR_I2C0_SlaveReceive)
    VOR_I2C0_SlaveReceive                    0x00000ced   Thumb Code    10  i2c_drv_api.o(i.VOR_I2C0_SlaveReceive)
    i.VOR_I2C0_SlaveTransmit                 0x00000cfc   Section        0  i2c_drv_api.o(i.VOR_I2C0_SlaveTransmit)
    VOR_I2C0_SlaveTransmit                   0x00000cfd   Thumb Code    10  i2c_drv_api.o(i.VOR_I2C0_SlaveTransmit)
    i.VOR_I2C0_Uninitialize                  0x00000d0c   Section        0  i2c_drv_api.o(i.VOR_I2C0_Uninitialize)
    VOR_I2C0_Uninitialize                    0x00000d0d   Thumb Code    10  i2c_drv_api.o(i.VOR_I2C0_Uninitialize)
    i.VOR_I2C1_Control                       0x00000d1c   Section        0  i2c_drv_api.o(i.VOR_I2C1_Control)
    VOR_I2C1_Control                         0x00000d1d   Thumb Code    10  i2c_drv_api.o(i.VOR_I2C1_Control)
    i.VOR_I2C1_GetDataCount                  0x00000d2c   Section        0  i2c_drv_api.o(i.VOR_I2C1_GetDataCount)
    VOR_I2C1_GetDataCount                    0x00000d2d   Thumb Code    10  i2c_drv_api.o(i.VOR_I2C1_GetDataCount)
    i.VOR_I2C1_GetStatus                     0x00000d3c   Section        0  i2c_drv_api.o(i.VOR_I2C1_GetStatus)
    VOR_I2C1_GetStatus                       0x00000d3d   Thumb Code    10  i2c_drv_api.o(i.VOR_I2C1_GetStatus)
    i.VOR_I2C1_Initialize                    0x00000d4c   Section        0  i2c_drv_api.o(i.VOR_I2C1_Initialize)
    VOR_I2C1_Initialize                      0x00000d4d   Thumb Code    10  i2c_drv_api.o(i.VOR_I2C1_Initialize)
    i.VOR_I2C1_MS_IRQHandler                 0x00000d5c   Section        0  i2c_drv_api.o(i.VOR_I2C1_MS_IRQHandler)
    i.VOR_I2C1_MasterReceive                 0x00000d6c   Section        0  i2c_drv_api.o(i.VOR_I2C1_MasterReceive)
    VOR_I2C1_MasterReceive                   0x00000d6d   Thumb Code    12  i2c_drv_api.o(i.VOR_I2C1_MasterReceive)
    i.VOR_I2C1_MasterTransmit                0x00000d7c   Section        0  i2c_drv_api.o(i.VOR_I2C1_MasterTransmit)
    VOR_I2C1_MasterTransmit                  0x00000d7d   Thumb Code    12  i2c_drv_api.o(i.VOR_I2C1_MasterTransmit)
    i.VOR_I2C1_SL_IRQHandler                 0x00000d8c   Section        0  i2c_drv_api.o(i.VOR_I2C1_SL_IRQHandler)
    i.VOR_I2C1_SlaveReceive                  0x00000d9c   Section        0  i2c_drv_api.o(i.VOR_I2C1_SlaveReceive)
    VOR_I2C1_SlaveReceive                    0x00000d9d   Thumb Code    10  i2c_drv_api.o(i.VOR_I2C1_SlaveReceive)
    i.VOR_I2C1_SlaveTransmit                 0x00000dac   Section        0  i2c_drv_api.o(i.VOR_I2C1_SlaveTransmit)
    VOR_I2C1_SlaveTransmit                   0x00000dad   Thumb Code    10  i2c_drv_api.o(i.VOR_I2C1_SlaveTransmit)
    i.VOR_I2C1_Uninitialize                  0x00000dbc   Section        0  i2c_drv_api.o(i.VOR_I2C1_Uninitialize)
    VOR_I2C1_Uninitialize                    0x00000dbd   Thumb Code    10  i2c_drv_api.o(i.VOR_I2C1_Uninitialize)
    i.VOR_I2C_Control                        0x00000dcc   Section        0  i2c_va108xx.o(i.VOR_I2C_Control)
    i.VOR_I2C_GetDataCount                   0x00000eb8   Section        0  i2c_va108xx.o(i.VOR_I2C_GetDataCount)
    i.VOR_I2C_GetStatus                      0x00000ec8   Section        0  i2c_va108xx.o(i.VOR_I2C_GetStatus)
    i.VOR_I2C_Initialize                     0x00000ff4   Section        0  i2c_va108xx.o(i.VOR_I2C_Initialize)
    i.VOR_I2C_MasterHandler                  0x00001030   Section        0  i2c_va108xx.o(i.VOR_I2C_MasterHandler)
    i.VOR_I2C_MasterReceive                  0x000011a4   Section        0  i2c_va108xx.o(i.VOR_I2C_MasterReceive)
    i.VOR_I2C_MasterTransmit                 0x000012bc   Section        0  i2c_va108xx.o(i.VOR_I2C_MasterTransmit)
    i.VOR_I2C_Setup                          0x00001424   Section        0  i2c_va108xx.o(i.VOR_I2C_Setup)
    VOR_I2C_Setup                            0x00001425   Thumb Code   386  i2c_va108xx.o(i.VOR_I2C_Setup)
    i.VOR_I2C_SlaveHandler                   0x000015a8   Section        0  i2c_va108xx.o(i.VOR_I2C_SlaveHandler)
    i.VOR_I2C_SlaveReceive                   0x00001738   Section        0  i2c_va108xx.o(i.VOR_I2C_SlaveReceive)
    i.VOR_I2C_SlaveTransmit                  0x00001844   Section        0  i2c_va108xx.o(i.VOR_I2C_SlaveTransmit)
    i.VOR_I2C_Stop                           0x000019cc   Section        0  i2c_va108xx.o(i.VOR_I2C_Stop)
    VOR_I2C_Stop                             0x000019cd   Thumb Code    94  i2c_va108xx.o(i.VOR_I2C_Stop)
    i.VOR_I2C_Uninitialize                   0x00001a2c   Section        0  i2c_va108xx.o(i.VOR_I2C_Uninitialize)
    i.VOR_I2C_abort_transfer                 0x00001a4c   Section        0  i2c_va108xx.o(i.VOR_I2C_abort_transfer)
    i.VOR_I2Cx_GetVersion                    0x00001a98   Section        0  i2c_va108xx.o(i.VOR_I2Cx_GetVersion)
    i.VOR_SPI0_Control                       0x00001ab0   Section        0  spi_drv_api.o(i.VOR_SPI0_Control)
    VOR_SPI0_Control                         0x00001ab1   Thumb Code    10  spi_drv_api.o(i.VOR_SPI0_Control)
    i.VOR_SPI0_GetRxCount                    0x00001ac0   Section        0  spi_drv_api.o(i.VOR_SPI0_GetRxCount)
    VOR_SPI0_GetRxCount                      0x00001ac1   Thumb Code    10  spi_drv_api.o(i.VOR_SPI0_GetRxCount)
    i.VOR_SPI0_GetStatus                     0x00001ad0   Section        0  spi_drv_api.o(i.VOR_SPI0_GetStatus)
    VOR_SPI0_GetStatus                       0x00001ad1   Thumb Code    10  spi_drv_api.o(i.VOR_SPI0_GetStatus)
    i.VOR_SPI0_GetTxCount                    0x00001ae0   Section        0  spi_drv_api.o(i.VOR_SPI0_GetTxCount)
    VOR_SPI0_GetTxCount                      0x00001ae1   Thumb Code    10  spi_drv_api.o(i.VOR_SPI0_GetTxCount)
    i.VOR_SPI0_IRQHandler                    0x00001af0   Section        0  spi_drv_api.o(i.VOR_SPI0_IRQHandler)
    i.VOR_SPI0_Initialize                    0x00001b00   Section        0  spi_drv_api.o(i.VOR_SPI0_Initialize)
    VOR_SPI0_Initialize                      0x00001b01   Thumb Code    10  spi_drv_api.o(i.VOR_SPI0_Initialize)
    i.VOR_SPI0_Receive                       0x00001b10   Section        0  spi_drv_api.o(i.VOR_SPI0_Receive)
    VOR_SPI0_Receive                         0x00001b11   Thumb Code    10  spi_drv_api.o(i.VOR_SPI0_Receive)
    i.VOR_SPI0_Send                          0x00001b20   Section        0  spi_drv_api.o(i.VOR_SPI0_Send)
    VOR_SPI0_Send                            0x00001b21   Thumb Code    10  spi_drv_api.o(i.VOR_SPI0_Send)
    i.VOR_SPI0_Transfer                      0x00001b30   Section        0  spi_drv_api.o(i.VOR_SPI0_Transfer)
    VOR_SPI0_Transfer                        0x00001b31   Thumb Code    10  spi_drv_api.o(i.VOR_SPI0_Transfer)
    i.VOR_SPI0_Uninitialize                  0x00001b40   Section        0  spi_drv_api.o(i.VOR_SPI0_Uninitialize)
    VOR_SPI0_Uninitialize                    0x00001b41   Thumb Code    10  spi_drv_api.o(i.VOR_SPI0_Uninitialize)
    i.VOR_SPI1_Control                       0x00001b50   Section        0  spi_drv_api.o(i.VOR_SPI1_Control)
    VOR_SPI1_Control                         0x00001b51   Thumb Code    10  spi_drv_api.o(i.VOR_SPI1_Control)
    i.VOR_SPI1_GetRxCount                    0x00001b60   Section        0  spi_drv_api.o(i.VOR_SPI1_GetRxCount)
    VOR_SPI1_GetRxCount                      0x00001b61   Thumb Code    10  spi_drv_api.o(i.VOR_SPI1_GetRxCount)
    i.VOR_SPI1_GetStatus                     0x00001b70   Section        0  spi_drv_api.o(i.VOR_SPI1_GetStatus)
    VOR_SPI1_GetStatus                       0x00001b71   Thumb Code    10  spi_drv_api.o(i.VOR_SPI1_GetStatus)
    i.VOR_SPI1_GetTxCount                    0x00001b80   Section        0  spi_drv_api.o(i.VOR_SPI1_GetTxCount)
    VOR_SPI1_GetTxCount                      0x00001b81   Thumb Code    10  spi_drv_api.o(i.VOR_SPI1_GetTxCount)
    i.VOR_SPI1_IRQHandler                    0x00001b90   Section        0  spi_drv_api.o(i.VOR_SPI1_IRQHandler)
    i.VOR_SPI1_Initialize                    0x00001ba0   Section        0  spi_drv_api.o(i.VOR_SPI1_Initialize)
    VOR_SPI1_Initialize                      0x00001ba1   Thumb Code    10  spi_drv_api.o(i.VOR_SPI1_Initialize)
    i.VOR_SPI1_Receive                       0x00001bb0   Section        0  spi_drv_api.o(i.VOR_SPI1_Receive)
    VOR_SPI1_Receive                         0x00001bb1   Thumb Code    10  spi_drv_api.o(i.VOR_SPI1_Receive)
    i.VOR_SPI1_Send                          0x00001bc0   Section        0  spi_drv_api.o(i.VOR_SPI1_Send)
    VOR_SPI1_Send                            0x00001bc1   Thumb Code    10  spi_drv_api.o(i.VOR_SPI1_Send)
    i.VOR_SPI1_Transfer                      0x00001bd0   Section        0  spi_drv_api.o(i.VOR_SPI1_Transfer)
    VOR_SPI1_Transfer                        0x00001bd1   Thumb Code    10  spi_drv_api.o(i.VOR_SPI1_Transfer)
    i.VOR_SPI1_Uninitialize                  0x00001be0   Section        0  spi_drv_api.o(i.VOR_SPI1_Uninitialize)
    VOR_SPI1_Uninitialize                    0x00001be1   Thumb Code    10  spi_drv_api.o(i.VOR_SPI1_Uninitialize)
    i.VOR_SPI2_Control                       0x00001bf0   Section        0  spi_drv_api.o(i.VOR_SPI2_Control)
    VOR_SPI2_Control                         0x00001bf1   Thumb Code    10  spi_drv_api.o(i.VOR_SPI2_Control)
    i.VOR_SPI2_GetRxCount                    0x00001c00   Section        0  spi_drv_api.o(i.VOR_SPI2_GetRxCount)
    VOR_SPI2_GetRxCount                      0x00001c01   Thumb Code    10  spi_drv_api.o(i.VOR_SPI2_GetRxCount)
    i.VOR_SPI2_GetStatus                     0x00001c10   Section        0  spi_drv_api.o(i.VOR_SPI2_GetStatus)
    VOR_SPI2_GetStatus                       0x00001c11   Thumb Code    10  spi_drv_api.o(i.VOR_SPI2_GetStatus)
    i.VOR_SPI2_GetTxCount                    0x00001c20   Section        0  spi_drv_api.o(i.VOR_SPI2_GetTxCount)
    VOR_SPI2_GetTxCount                      0x00001c21   Thumb Code    10  spi_drv_api.o(i.VOR_SPI2_GetTxCount)
    i.VOR_SPI2_IRQHandler                    0x00001c30   Section        0  spi_drv_api.o(i.VOR_SPI2_IRQHandler)
    i.VOR_SPI2_Initialize                    0x00001c40   Section        0  spi_drv_api.o(i.VOR_SPI2_Initialize)
    VOR_SPI2_Initialize                      0x00001c41   Thumb Code    10  spi_drv_api.o(i.VOR_SPI2_Initialize)
    i.VOR_SPI2_Receive                       0x00001c50   Section        0  spi_drv_api.o(i.VOR_SPI2_Receive)
    VOR_SPI2_Receive                         0x00001c51   Thumb Code    10  spi_drv_api.o(i.VOR_SPI2_Receive)
    i.VOR_SPI2_Send                          0x00001c60   Section        0  spi_drv_api.o(i.VOR_SPI2_Send)
    VOR_SPI2_Send                            0x00001c61   Thumb Code    10  spi_drv_api.o(i.VOR_SPI2_Send)
    i.VOR_SPI2_Transfer                      0x00001c70   Section        0  spi_drv_api.o(i.VOR_SPI2_Transfer)
    VOR_SPI2_Transfer                        0x00001c71   Thumb Code    10  spi_drv_api.o(i.VOR_SPI2_Transfer)
    i.VOR_SPI2_Uninitialize                  0x00001c80   Section        0  spi_drv_api.o(i.VOR_SPI2_Uninitialize)
    VOR_SPI2_Uninitialize                    0x00001c81   Thumb Code    10  spi_drv_api.o(i.VOR_SPI2_Uninitialize)
    i.VOR_SPI_CTRL_ENABLE_BLOCKMODE_OPR      0x00001c90   Section        0  spi_va108xx.o(i.VOR_SPI_CTRL_ENABLE_BLOCKMODE_OPR)
    i.VOR_SPI_CTRL_SLAVE_OP_DISABLEMODE      0x00001cb4   Section        0  spi_va108xx.o(i.VOR_SPI_CTRL_SLAVE_OP_DISABLEMODE)
    i.VOR_SPI_Control                        0x00001cd8   Section        0  spi_va108xx.o(i.VOR_SPI_Control)
    i.VOR_SPI_ENABLE_INTERFACE               0x00001d86   Section        0  spi_va108xx.o(i.VOR_SPI_ENABLE_INTERFACE)
    i.VOR_SPI_GetRxCount                     0x00001daa   Section        0  spi_va108xx.o(i.VOR_SPI_GetRxCount)
    i.VOR_SPI_GetStatus                      0x00001dae   Section        0  spi_va108xx.o(i.VOR_SPI_GetStatus)
    i.VOR_SPI_GetTxCount                     0x00001e48   Section        0  spi_va108xx.o(i.VOR_SPI_GetTxCount)
    i.VOR_SPI_Initialize                     0x00001e4c   Section        0  spi_va108xx.o(i.VOR_SPI_Initialize)
    i.VOR_SPI_IrqHandler                     0x00001e88   Section        0  spi_va108xx.o(i.VOR_SPI_IrqHandler)
    i.VOR_SPI_Receive                        0x00001fa0   Section        0  spi_va108xx.o(i.VOR_SPI_Receive)
    i.VOR_SPI_SET_CTRL_SIZE_OPR              0x00002078   Section        0  spi_va108xx.o(i.VOR_SPI_SET_CTRL_SIZE_OPR)
    i.VOR_SPI_SET_Clock_Mode                 0x0000209a   Section        0  spi_va108xx.o(i.VOR_SPI_SET_Clock_Mode)
    i.VOR_SPI_SET_Clock_Rate                 0x000020c4   Section        0  spi_va108xx.o(i.VOR_SPI_SET_Clock_Rate)
    i.VOR_SPI_SET_LOOPBACKMODE               0x00002116   Section        0  spi_va108xx.o(i.VOR_SPI_SET_LOOPBACKMODE)
    i.VOR_SPI_SET_RX_FIFOTRG                 0x0000213c   Section        0  spi_va108xx.o(i.VOR_SPI_SET_RX_FIFOTRG)
    i.VOR_SPI_SET_SLAVEMODE                  0x00002152   Section        0  spi_va108xx.o(i.VOR_SPI_SET_SLAVEMODE)
    i.VOR_SPI_SET_TX_FIFOTRG                 0x0000217a   Section        0  spi_va108xx.o(i.VOR_SPI_SET_TX_FIFOTRG)
    i.VOR_SPI_SLAVE_SELECT_OPR               0x00002190   Section        0  spi_va108xx.o(i.VOR_SPI_SLAVE_SELECT_OPR)
    i.VOR_SPI_Send                           0x000021b0   Section        0  spi_va108xx.o(i.VOR_SPI_Send)
    i.VOR_SPI_Transfer                       0x0000224c   Section        0  spi_va108xx.o(i.VOR_SPI_Transfer)
    i.VOR_SPI_Uninitialize                   0x00002364   Section        0  spi_va108xx.o(i.VOR_SPI_Uninitialize)
    i.VOR_SPI_abort_transfer                 0x00002390   Section        0  spi_va108xx.o(i.VOR_SPI_abort_transfer)
    i.VOR_SPIx_GetVersion                    0x000023b4   Section        0  spi_va108xx.o(i.VOR_SPIx_GetVersion)
    i.VOR_Sleep                              0x000023cc   Section        0  driver.common.o(i.VOR_Sleep)
    i.VOR_TIM0_IRQHandler                    0x000023f4   Section        0  reb_timer.o(i.VOR_TIM0_IRQHandler)
    i.VOR_TIM1_IRQHandler                    0x00002414   Section        0  reb_timer.o(i.VOR_TIM1_IRQHandler)
    i._DoInit                                0x00002434   Section        0  segger_rtt.o(i._DoInit)
    _DoInit                                  0x00002435   Thumb Code   112  segger_rtt.o(i._DoInit)
    i._GetAvailWriteSpace                    0x000024d8   Section        0  segger_rtt.o(i._GetAvailWriteSpace)
    _GetAvailWriteSpace                      0x000024d9   Thumb Code    22  segger_rtt.o(i._GetAvailWriteSpace)
    i._PrintInt                              0x000024ee   Section        0  segger_rtt_printf.o(i._PrintInt)
    _PrintInt                                0x000024ef   Thumb Code   200  segger_rtt_printf.o(i._PrintInt)
    i._PrintUnsigned                         0x000025b8   Section        0  segger_rtt_printf.o(i._PrintUnsigned)
    _PrintUnsigned                           0x000025b9   Thumb Code   210  segger_rtt_printf.o(i._PrintUnsigned)
    i._StoreChar                             0x00002690   Section        0  segger_rtt_printf.o(i._StoreChar)
    _StoreChar                               0x00002691   Thumb Code    62  segger_rtt_printf.o(i._StoreChar)
    i._WriteBlocking                         0x000026ce   Section        0  segger_rtt.o(i._WriteBlocking)
    _WriteBlocking                           0x000026cf   Thumb Code    96  segger_rtt.o(i._WriteBlocking)
    i._WriteNoCheck                          0x0000272e   Section        0  segger_rtt.o(i._WriteNoCheck)
    _WriteNoCheck                            0x0000272f   Thumb Code    60  segger_rtt.o(i._WriteNoCheck)
    i.__ARM_common_switch8                   0x0000276a   Section        0  irq_va108xx.o(i.__ARM_common_switch8)
    i.__scatterload_copy                     0x00002784   Section       14  handlers.o(i.__scatterload_copy)
    i.__scatterload_null                     0x00002792   Section        2  handlers.o(i.__scatterload_null)
    i.__scatterload_zeroinit                 0x00002794   Section       14  handlers.o(i.__scatterload_zeroinit)
    i.main                                   0x000027a4   Section        0  spi_an_main.o(i.main)
    .constdata                               0x00002b80   Section        4  i2c_va108xx.o(.constdata)
    i2c_driver_version                       0x00002b80   Data           4  i2c_va108xx.o(.constdata)
    .constdata                               0x00002b84   Section        4  spi_va108xx.o(.constdata)
    DriverVersion                            0x00002b84   Data           4  spi_va108xx.o(.constdata)
    .constdata                               0x00002b88   Section       16  segger_rtt_printf.o(.constdata)
    _aV2C                                    0x00002b88   Data          16  segger_rtt_printf.o(.constdata)
    .conststring                             0x00002b98   Section      293  spi_an_main.o(.conststring)
    .data                                    0x10000000   Section        4  system_va108xx.o(.data)
    .data                                    0x10000004   Section       40  i2c_drv_api.o(.data)
    .data                                    0x1000002c   Section       40  i2c_drv_api.o(.data)
    .data                                    0x10000054   Section      232  i2c_va108xx.o(.data)
    .data                                    0x1000013c   Section      232  i2c_va108xx.o(.data)
    .data                                    0x10000224   Section       40  spi_drv_api.o(.data)
    .data                                    0x1000024c   Section       40  spi_drv_api.o(.data)
    .data                                    0x10000274   Section       40  spi_drv_api.o(.data)
    .data                                    0x1000029c   Section      220  spi_va108xx.o(.data)
    .data                                    0x10000378   Section      220  spi_va108xx.o(.data)
    .data                                    0x10000454   Section      220  spi_va108xx.o(.data)
    .data                                    0x10000530   Section        2  reb_timer.o(.data)
    msec_tim_timeout                         0x10000530   Data           1  reb_timer.o(.data)
    sec_tim_timeout                          0x10000531   Data           1  reb_timer.o(.data)
    .data                                    0x10000534   Section       20  spi_an_main.o(.data)
    .data                                    0x10000548   Section       17  segger_rtt.o(.data)
    _ActiveTerminal                          0x10000548   Data           1  segger_rtt.o(.data)
    _aTerminalId                             0x10000549   Data          16  segger_rtt.o(.data)
    .bss                                     0x1000055c   Section      388  spi_an_main.o(.bss)
    .bss                                     0x100006e0   Section     3104  segger_rtt.o(.bss)
    _acUpBuffer                              0x100006e0   Data        1024  segger_rtt.o(.bss)
    _acDownBuffer                            0x10000ae0   Data          16  segger_rtt.o(.bss)
    _scopeUpBuffer                           0x10000af0   Data        2048  segger_rtt.o(.bss)
    _scopeDownBuffer                         0x100012f0   Data          16  segger_rtt.o(.bss)
    STACK                                    0x10001300   Section     1024  startup_va108xx.o(STACK)
    .ARM.__at_0x10007000                     0x10007000   Section      168  segger_rtt.o(.ARM.__at_0x10007000)

    Global Symbols

    Symbol Name                              Value     Ov Type        Size  Object(Section)

    BuildAttributes$$THM_ISAv3M$S$PE$A:L22$X:L11$S22$IEEE1$IW$USESV6$~STKCKD$USESV7$~SHL$OSPACE$ROPI$EBA8$MICROLIB$REQ8$PRES8$EABIv2 0x00000000   Number         0  anon$$obj.o ABSOLUTE
    __ARM_use_no_argv                        0x00000000   Number         0  spi_an_main.o ABSOLUTE
    __Vectors                                0x00000000   Data           4  startup_va108xx.o(RESET)
    __use_no_errno                           0x00000000   Number         0  useno.o ABSOLUTE
    __use_no_exception_handling              0x00000000   Number         0  useno.o ABSOLUTE
    __use_no_fp                              0x00000000   Number         0  useno.o ABSOLUTE
    __use_no_heap                            0x00000000   Number         0  useno.o ABSOLUTE
    __use_no_heap_region                     0x00000000   Number         0  useno.o ABSOLUTE
    __use_no_semihosting                     0x00000000   Number         0  useno.o ABSOLUTE
    __use_no_semihosting_swi                 0x00000000   Number         0  useno.o ABSOLUTE
    __use_no_signal_handling                 0x00000000   Number         0  useno.o ABSOLUTE
    __cpp_initialize__aeabi_                  - Undefined Weak Reference
    __cxa_finalize                            - Undefined Weak Reference
    _clock_init                               - Undefined Weak Reference
    _microlib_exit                            - Undefined Weak Reference
    __Vectors_End                            0x000000c0   Data           0  startup_va108xx.o(RESET)
    __Vectors_Size                           0x000000c0   Number         0  startup_va108xx.o ABSOLUTE
    __main                                   0x000000c1   Thumb Code     0  entry.o(.ARM.Collect$$$$00000000)
    _main_stk                                0x000000c1   Thumb Code     0  entry2.o(.ARM.Collect$$$$00000001)
    _main_scatterload                        0x000000c5   Thumb Code     0  entry5.o(.ARM.Collect$$$$00000004)
    __main_after_scatterload                 0x000000c9   Thumb Code     0  entry5.o(.ARM.Collect$$$$00000004)
    _main_clock                              0x000000c9   Thumb Code     0  entry7b.o(.ARM.Collect$$$$00000008)
    _main_cpp_init                           0x000000c9   Thumb Code     0  entry8b.o(.ARM.Collect$$$$0000000A)
    _main_init                               0x000000c9   Thumb Code     0  entry9a.o(.ARM.Collect$$$$0000000B)
    __rt_final_cpp                           0x000000d1   Thumb Code     0  entry10a.o(.ARM.Collect$$$$0000000D)
    __rt_final_exit                          0x000000d1   Thumb Code     0  entry11a.o(.ARM.Collect$$$$0000000F)
    HardFault_Handler                        0x000000d5   Thumb Code    12  hardfault_handler.o(.emb_text)
    Reset_Handler                            0x000000e1   Thumb Code     8  startup_va108xx.o(.text)
    NMI_Handler                              0x000000e9   Thumb Code     2  startup_va108xx.o(.text)
    MemManage_Handler                        0x000000ed   Thumb Code     2  startup_va108xx.o(.text)
    BusFault_Handler                         0x000000ef   Thumb Code     2  startup_va108xx.o(.text)
    UsageFault_Handler                       0x000000f1   Thumb Code     2  startup_va108xx.o(.text)
    SVC_Handler                              0x000000f3   Thumb Code     2  startup_va108xx.o(.text)
    DebugMon_Handler                         0x000000f5   Thumb Code     2  startup_va108xx.o(.text)
    PendSV_Handler                           0x000000f7   Thumb Code     2  startup_va108xx.o(.text)
    SysTick_Handler                          0x000000f9   Thumb Code     2  startup_va108xx.o(.text)
    OC13_IRQHandler                          0x000000fb   Thumb Code     0  startup_va108xx.o(.text)
    OC15_IRQHandler                          0x000000fb   Thumb Code     0  startup_va108xx.o(.text)
    OC16_IRQHandler                          0x000000fb   Thumb Code     0  startup_va108xx.o(.text)
    OC17_IRQHandler                          0x000000fb   Thumb Code     0  startup_va108xx.o(.text)
    OC18_IRQHandler                          0x000000fb   Thumb Code     0  startup_va108xx.o(.text)
    OC19_IRQHandler                          0x000000fb   Thumb Code     0  startup_va108xx.o(.text)
    OC20_IRQHandler                          0x000000fb   Thumb Code     0  startup_va108xx.o(.text)
    OC21_IRQHandler                          0x000000fb   Thumb Code     0  startup_va108xx.o(.text)
    OC22_IRQHandler                          0x000000fb   Thumb Code     0  startup_va108xx.o(.text)
    OC23_IRQHandler                          0x000000fb   Thumb Code     0  startup_va108xx.o(.text)
    OC24_IRQHandler                          0x000000fb   Thumb Code     0  startup_va108xx.o(.text)
    OC25_IRQHandler                          0x000000fb   Thumb Code     0  startup_va108xx.o(.text)
    OC26_IRQHandler                          0x000000fb   Thumb Code     0  startup_va108xx.o(.text)
    OC27_IRQHandler                          0x000000fb   Thumb Code     0  startup_va108xx.o(.text)
    OC28_IRQHandler                          0x000000fb   Thumb Code     0  startup_va108xx.o(.text)
    OC29_IRQHandler                          0x000000fb   Thumb Code     0  startup_va108xx.o(.text)
    OC2_IRQHandler                           0x000000fb   Thumb Code     0  startup_va108xx.o(.text)
    OC30_IRQHandler                          0x000000fb   Thumb Code     0  startup_va108xx.o(.text)
    OC31_IRQHandler                          0x000000fb   Thumb Code     0  startup_va108xx.o(.text)
    VOR_GPIO_IRQHandler                      0x000000fb   Thumb Code     0  startup_va108xx.o(.text)
    VOR_UART0_IRQHandler                     0x000000fb   Thumb Code     0  startup_va108xx.o(.text)
    VOR_UART1_IRQHandler                     0x000000fb   Thumb Code     0  startup_va108xx.o(.text)
    __aeabi_uidiv                            0x00000105   Thumb Code     0  uidiv.o(.text)
    __aeabi_uidivmod                         0x00000105   Thumb Code    44  uidiv.o(.text)
    __aeabi_idiv                             0x00000131   Thumb Code     0  idiv.o(.text)
    __aeabi_idivmod                          0x00000131   Thumb Code    40  idiv.o(.text)
    __aeabi_memcpy                           0x00000159   Thumb Code    36  memcpya.o(.text)
    __aeabi_memcpy4                          0x00000159   Thumb Code     0  memcpya.o(.text)
    __aeabi_memcpy8                          0x00000159   Thumb Code     0  memcpya.o(.text)
    strlen                                   0x0000017d   Thumb Code    14  strlen.o(.text)
    strcpy                                   0x0000018b   Thumb Code    18  strcpy.o(.text)
    __scatterload                            0x0000019d   Thumb Code    28  init.o(.text)
    __scatterload_rt2                        0x0000019d   Thumb Code     0  init.o(.text)
    __decompress                             0x000001c1   Thumb Code     0  __dczerorl2.o(.text)
    __decompress1                            0x000001c1   Thumb Code    86  __dczerorl2.o(.text)
    C_HardFault_Handler                      0x00000217   Thumb Code     2  hardfault_handler.o(i.C_HardFault_Handler)
    OC14_IRQHandler                          0x00000285   Thumb Code   140  spi_an_main.o(i.OC14_IRQHandler)
    Output_data_RTT                          0x00000319   Thumb Code   276  spi_an_main.o(i.Output_data_RTT)
    ProgramPage_SPIA                         0x00000465   Thumb Code   162  spi_an_main.o(i.ProgramPage_SPIA)
    REB1_SPIA_setup                          0x00000515   Thumb Code    40  spi_an_main.o(i.REB1_SPIA_setup)
    Read_32bytes_from_EE                     0x00000549   Thumb Code   166  spi_an_main.o(i.Read_32bytes_from_EE)
    Read_32bytes_wint                        0x00000601   Thumb Code   160  spi_an_main.o(i.Read_32bytes_wint)
    SEGGER_RTT_ConfigDownBuffer              0x000006c1   Thumb Code    70  segger_rtt.o(i.SEGGER_RTT_ConfigDownBuffer)
    SEGGER_RTT_ConfigUpBuffer                0x0000070d   Thumb Code    70  segger_rtt.o(i.SEGGER_RTT_ConfigUpBuffer)
    SEGGER_RTT_Init                          0x00000759   Thumb Code    16  segger_rtt.o(i.SEGGER_RTT_Init)
    SEGGER_RTT_SetTerminal                   0x0000076d   Thumb Code    96  segger_rtt.o(i.SEGGER_RTT_SetTerminal)
    SEGGER_RTT_Write                         0x000007d5   Thumb Code    32  segger_rtt.o(i.SEGGER_RTT_Write)
    SEGGER_RTT_WriteNoLock                   0x000007f9   Thumb Code    86  segger_rtt.o(i.SEGGER_RTT_WriteNoLock)
    SEGGER_RTT_WriteString                   0x00000855   Thumb Code    24  segger_rtt.o(i.SEGGER_RTT_WriteString)
    SEGGER_RTT_printf                        0x0000086d   Thumb Code    24  segger_rtt_printf.o(i.SEGGER_RTT_printf)
    SEGGER_RTT_vprintf                       0x00000885   Thumb Code   404  segger_rtt_printf.o(i.SEGGER_RTT_vprintf)
    Single_Frame_TX_SPIA                     0x00000a19   Thumb Code   128  spi_an_main.o(i.Single_Frame_TX_SPIA)
    SystemInit                               0x00000aad   Thumb Code     8  system_va108xx.o(i.SystemInit)
    VOR_Disable_Irq                          0x00000abd   Thumb Code   130  irq_va108xx.o(i.VOR_Disable_Irq)
    VOR_Enable_Irq                           0x00000b41   Thumb Code   274  irq_va108xx.o(i.VOR_Enable_Irq)
    VOR_Get_ClockFreq                        0x00000c5d   Thumb Code     6  driver.common.o(i.VOR_Get_ClockFreq)
    VOR_Get_SysTime                          0x00000c69   Thumb Code     2  driver.common.o(i.VOR_Get_SysTime)
    VOR_I2C0_MS_IRQHandler                   0x00000cad   Thumb Code    10  i2c_drv_api.o(i.VOR_I2C0_MS_IRQHandler)
    VOR_I2C0_SL_IRQHandler                   0x00000cdd   Thumb Code    10  i2c_drv_api.o(i.VOR_I2C0_SL_IRQHandler)
    VOR_I2C1_MS_IRQHandler                   0x00000d5d   Thumb Code    10  i2c_drv_api.o(i.VOR_I2C1_MS_IRQHandler)
    VOR_I2C1_SL_IRQHandler                   0x00000d8d   Thumb Code    10  i2c_drv_api.o(i.VOR_I2C1_SL_IRQHandler)
    VOR_I2C_Control                          0x00000dcd   Thumb Code   226  i2c_va108xx.o(i.VOR_I2C_Control)
    VOR_I2C_GetDataCount                     0x00000eb9   Thumb Code    14  i2c_va108xx.o(i.VOR_I2C_GetDataCount)
    VOR_I2C_GetStatus                        0x00000ec9   Thumb Code   274  i2c_va108xx.o(i.VOR_I2C_GetStatus)
    VOR_I2C_Initialize                       0x00000ff5   Thumb Code    54  i2c_va108xx.o(i.VOR_I2C_Initialize)
    VOR_I2C_MasterHandler                    0x00001031   Thumb Code   370  i2c_va108xx.o(i.VOR_I2C_MasterHandler)
    VOR_I2C_MasterReceive                    0x000011a5   Thumb Code   274  i2c_va108xx.o(i.VOR_I2C_MasterReceive)
    VOR_I2C_MasterTransmit                   0x000012bd   Thumb Code   354  i2c_va108xx.o(i.VOR_I2C_MasterTransmit)
    VOR_I2C_SlaveHandler                     0x000015a9   Thumb Code   396  i2c_va108xx.o(i.VOR_I2C_SlaveHandler)
    VOR_I2C_SlaveReceive                     0x00001739   Thumb Code   258  i2c_va108xx.o(i.VOR_I2C_SlaveReceive)
    VOR_I2C_SlaveTransmit                    0x00001845   Thumb Code   382  i2c_va108xx.o(i.VOR_I2C_SlaveTransmit)
    VOR_I2C_Uninitialize                     0x00001a2d   Thumb Code    28  i2c_va108xx.o(i.VOR_I2C_Uninitialize)
    VOR_I2C_abort_transfer                   0x00001a4d   Thumb Code    74  i2c_va108xx.o(i.VOR_I2C_abort_transfer)
    VOR_I2Cx_GetVersion                      0x00001a99   Thumb Code    18  i2c_va108xx.o(i.VOR_I2Cx_GetVersion)
    VOR_SPI0_IRQHandler                      0x00001af1   Thumb Code    10  spi_drv_api.o(i.VOR_SPI0_IRQHandler)
    VOR_SPI1_IRQHandler                      0x00001b91   Thumb Code    10  spi_drv_api.o(i.VOR_SPI1_IRQHandler)
    VOR_SPI2_IRQHandler                      0x00001c31   Thumb Code    10  spi_drv_api.o(i.VOR_SPI2_IRQHandler)
    VOR_SPI_CTRL_ENABLE_BLOCKMODE_OPR        0x00001c91   Thumb Code    36  spi_va108xx.o(i.VOR_SPI_CTRL_ENABLE_BLOCKMODE_OPR)
    VOR_SPI_CTRL_SLAVE_OP_DISABLEMODE        0x00001cb5   Thumb Code    36  spi_va108xx.o(i.VOR_SPI_CTRL_SLAVE_OP_DISABLEMODE)
    VOR_SPI_Control                          0x00001cd9   Thumb Code   174  spi_va108xx.o(i.VOR_SPI_Control)
    VOR_SPI_ENABLE_INTERFACE                 0x00001d87   Thumb Code    36  spi_va108xx.o(i.VOR_SPI_ENABLE_INTERFACE)
    VOR_SPI_GetRxCount                       0x00001dab   Thumb Code     4  spi_va108xx.o(i.VOR_SPI_GetRxCount)
    VOR_SPI_GetStatus                        0x00001daf   Thumb Code   154  spi_va108xx.o(i.VOR_SPI_GetStatus)
    VOR_SPI_GetTxCount                       0x00001e49   Thumb Code     4  spi_va108xx.o(i.VOR_SPI_GetTxCount)
    VOR_SPI_Initialize                       0x00001e4d   Thumb Code    56  spi_va108xx.o(i.VOR_SPI_Initialize)
    VOR_SPI_IrqHandler                       0x00001e89   Thumb Code   280  spi_va108xx.o(i.VOR_SPI_IrqHandler)
    VOR_SPI_Receive                          0x00001fa1   Thumb Code   216  spi_va108xx.o(i.VOR_SPI_Receive)
    VOR_SPI_SET_CTRL_SIZE_OPR                0x00002079   Thumb Code    34  spi_va108xx.o(i.VOR_SPI_SET_CTRL_SIZE_OPR)
    VOR_SPI_SET_Clock_Mode                   0x0000209b   Thumb Code    42  spi_va108xx.o(i.VOR_SPI_SET_Clock_Mode)
    VOR_SPI_SET_Clock_Rate                   0x000020c5   Thumb Code    82  spi_va108xx.o(i.VOR_SPI_SET_Clock_Rate)
    VOR_SPI_SET_LOOPBACKMODE                 0x00002117   Thumb Code    38  spi_va108xx.o(i.VOR_SPI_SET_LOOPBACKMODE)
    VOR_SPI_SET_RX_FIFOTRG                   0x0000213d   Thumb Code    22  spi_va108xx.o(i.VOR_SPI_SET_RX_FIFOTRG)
    VOR_SPI_SET_SLAVEMODE                    0x00002153   Thumb Code    40  spi_va108xx.o(i.VOR_SPI_SET_SLAVEMODE)
    VOR_SPI_SET_TX_FIFOTRG                   0x0000217b   Thumb Code    22  spi_va108xx.o(i.VOR_SPI_SET_TX_FIFOTRG)
    VOR_SPI_SLAVE_SELECT_OPR                 0x00002191   Thumb Code    30  spi_va108xx.o(i.VOR_SPI_SLAVE_SELECT_OPR)
    VOR_SPI_Send                             0x000021b1   Thumb Code   152  spi_va108xx.o(i.VOR_SPI_Send)
    VOR_SPI_Transfer                         0x0000224d   Thumb Code   280  spi_va108xx.o(i.VOR_SPI_Transfer)
    VOR_SPI_Uninitialize                     0x00002365   Thumb Code    40  spi_va108xx.o(i.VOR_SPI_Uninitialize)
    VOR_SPI_abort_transfer                   0x00002391   Thumb Code    34  spi_va108xx.o(i.VOR_SPI_abort_transfer)
    VOR_SPIx_GetVersion                      0x000023b5   Thumb Code    18  spi_va108xx.o(i.VOR_SPIx_GetVersion)
    VOR_Sleep                                0x000023cd   Thumb Code    30  driver.common.o(i.VOR_Sleep)
    VOR_TIM0_IRQHandler                      0x000023f5   Thumb Code    26  reb_timer.o(i.VOR_TIM0_IRQHandler)
    VOR_TIM1_IRQHandler                      0x00002415   Thumb Code    26  reb_timer.o(i.VOR_TIM1_IRQHandler)
    __ARM_common_switch8                     0x0000276b   Thumb Code    26  irq_va108xx.o(i.__ARM_common_switch8)
    __scatterload_copy                       0x00002785   Thumb Code    14  handlers.o(i.__scatterload_copy)
    __scatterload_null                       0x00002793   Thumb Code     2  handlers.o(i.__scatterload_null)
    __scatterload_zeroinit                   0x00002795   Thumb Code    14  handlers.o(i.__scatterload_zeroinit)
    main                                     0x000027a5   Thumb Code   434  spi_an_main.o(i.main)
    Region$$Table$$Base                      0x00002cc0   Number         0  anon$$obj.o(Region$$Table)
    Region$$Table$$Limit                     0x00002ce0   Number         0  anon$$obj.o(Region$$Table)
    SystemCoreClock                          0x10000000   Data           4  system_va108xx.o(.data)
    Driver_I2C0                              0x10000004   Data          40  i2c_drv_api.o(.data)
    Driver_I2C1                              0x1000002c   Data          40  i2c_drv_api.o(.data)
    I2C0_Resources                           0x10000054   Data         232  i2c_va108xx.o(.data)
    I2C1_Resources                           0x1000013c   Data         232  i2c_va108xx.o(.data)
    Driver_SPI0                              0x10000224   Data          40  spi_drv_api.o(.data)
    Driver_SPI1                              0x1000024c   Data          40  spi_drv_api.o(.data)
    Driver_SPI2                              0x10000274   Data          40  spi_drv_api.o(.data)
    SPI0_Resources                           0x1000029c   Data         220  spi_va108xx.o(.data)
    SPI1_Resources                           0x10000378   Data         220  spi_va108xx.o(.data)
    SPI2_Resources                           0x10000454   Data         220  spi_va108xx.o(.data)
    RX_trg_remainder                         0x10000534   Data           1  spi_an_main.o(.data)
    SPI_ISR_RXCNT                            0x10000538   Data           4  spi_an_main.o(.data)
    spi_bp                                   0x1000053c   Data           4  spi_an_main.o(.data)
    spi_tx_cnt                               0x10000540   Data           4  spi_an_main.o(.data)
    spi_rx_cnt                               0x10000544   Data           4  spi_an_main.o(.data)
    spi_bf                                   0x1000055c   Data         132  spi_an_main.o(.bss)
    abDataIn                                 0x100005e0   Data         128  spi_an_main.o(.bss)
    abDataOut                                0x10000660   Data         128  spi_an_main.o(.bss)
    __initial_sp                             0x10001700   Data           0  startup_va108xx.o(STACK)
    _SEGGER_RTT                              0x10007000   Data         168  segger_rtt.o(.ARM.__at_0x10007000)



==============================================================================

Memory Map of the image

  Image Entry point : 0x000000e1

  Load Region LR_1 (Base: 0x00000000, Size: 0x0000323c, Max: 0xffffffff, ABSOLUTE, COMPRESSED[0x00002dc0])

    Execution Region ER_RO (Base: 0x00000000, Size: 0x00002ce0, Max: 0xffffffff, ABSOLUTE)

    Base Addr    Size         Type   Attr      Idx    E Section Name        Object

    0x00000000   0x000000c0   Data   RO          117    RESET               startup_va108xx.o
    0x000000c0   0x00000000   Code   RO         1499  * .ARM.Collect$$$$00000000  mc_p.l(entry.o)
    0x000000c0   0x00000004   Code   RO         1781    .ARM.Collect$$$$00000001  mc_p.l(entry2.o)
    0x000000c4   0x00000004   Code   RO         1784    .ARM.Collect$$$$00000004  mc_p.l(entry5.o)
    0x000000c8   0x00000000   Code   RO         1786    .ARM.Collect$$$$00000008  mc_p.l(entry7b.o)
    0x000000c8   0x00000000   Code   RO         1788    .ARM.Collect$$$$0000000A  mc_p.l(entry8b.o)
    0x000000c8   0x00000008   Code   RO         1789    .ARM.Collect$$$$0000000B  mc_p.l(entry9a.o)
    0x000000d0   0x00000000   Code   RO         1791    .ARM.Collect$$$$0000000D  mc_p.l(entry10a.o)
    0x000000d0   0x00000000   Code   RO         1793    .ARM.Collect$$$$0000000F  mc_p.l(entry11a.o)
    0x000000d0   0x00000004   Code   RO         1782    .ARM.Collect$$$$00002712  mc_p.l(entry2.o)
    0x000000d4   0x0000000c   Code   RO            3    .emb_text           hardfault_handler.o
    0x000000e0   0x00000024   Code   RO          118  * .text               startup_va108xx.o
    0x00000104   0x0000002c   Code   RO         1507    .text               mc_p.l(uidiv.o)
    0x00000130   0x00000028   Code   RO         1509    .text               mc_p.l(idiv.o)
    0x00000158   0x00000024   Code   RO         1511    .text               mc_p.l(memcpya.o)
    0x0000017c   0x0000000e   Code   RO         1513    .text               mc_p.l(strlen.o)
    0x0000018a   0x00000012   Code   RO         1517    .text               mc_p.l(strcpy.o)
    0x0000019c   0x00000024   Code   RO         1810    .text               mc_p.l(init.o)
    0x000001c0   0x00000056   Code   RO         1830    .text               mc_p.l(__dczerorl2.o)
    0x00000216   0x00000002   Code   RO            4    i.C_HardFault_Handler  hardfault_handler.o
    0x00000218   0x00000014   Code   RO           65    i.NVIC_DisableIRQ   irq_va108xx.o
    0x0000022c   0x00000014   Code   RO           66    i.NVIC_EnableIRQ    irq_va108xx.o
    0x00000240   0x00000044   Code   RO           67    i.NVIC_SetPriority  irq_va108xx.o
    0x00000284   0x00000094   Code   RO         1085    i.OC14_IRQHandler   spi_an_main.o
    0x00000318   0x0000014c   Code   RO         1086    i.Output_data_RTT   spi_an_main.o
    0x00000464   0x000000b0   Code   RO         1087    i.ProgramPage_SPIA  spi_an_main.o
    0x00000514   0x00000034   Code   RO         1089    i.REB1_SPIA_setup   spi_an_main.o
    0x00000548   0x000000b8   Code   RO         1091    i.Read_32bytes_from_EE  spi_an_main.o
    0x00000600   0x000000c0   Code   RO         1092    i.Read_32bytes_wint  spi_an_main.o
    0x000006c0   0x0000004c   Code   RO         1198    i.SEGGER_RTT_ConfigDownBuffer  segger_rtt.o
    0x0000070c   0x0000004c   Code   RO         1199    i.SEGGER_RTT_ConfigUpBuffer  segger_rtt.o
    0x00000758   0x00000014   Code   RO         1203    i.SEGGER_RTT_Init   segger_rtt.o
    0x0000076c   0x00000068   Code   RO         1208    i.SEGGER_RTT_SetTerminal  segger_rtt.o
    0x000007d4   0x00000024   Code   RO         1211    i.SEGGER_RTT_Write  segger_rtt.o
    0x000007f8   0x0000005c   Code   RO         1212    i.SEGGER_RTT_WriteNoLock  segger_rtt.o
    0x00000854   0x00000018   Code   RO         1214    i.SEGGER_RTT_WriteString  segger_rtt.o
    0x0000086c   0x00000018   Code   RO         1350    i.SEGGER_RTT_printf  segger_rtt_printf.o
    0x00000884   0x00000194   Code   RO         1351    i.SEGGER_RTT_vprintf  segger_rtt_printf.o
    0x00000a18   0x00000094   Code   RO         1093    i.Single_Frame_TX_SPIA  spi_an_main.o
    0x00000aac   0x00000010   Code   RO          125    i.SystemInit        system_va108xx.o
    0x00000abc   0x00000082   Code   RO           68    i.VOR_Disable_Irq   irq_va108xx.o
    0x00000b3e   0x00000002   PAD
    0x00000b40   0x0000011c   Code   RO           69    i.VOR_Enable_Irq    irq_va108xx.o
    0x00000c5c   0x0000000c   Code   RO          157    i.VOR_Get_ClockFreq  driver.common.o
    0x00000c68   0x00000002   Code   RO          158    i.VOR_Get_SysTime   driver.common.o
    0x00000c6a   0x00000002   PAD
    0x00000c6c   0x00000010   Code   RO          238    i.VOR_I2C0_Control  i2c_drv_api.o
    0x00000c7c   0x00000010   Code   RO          239    i.VOR_I2C0_GetDataCount  i2c_drv_api.o
    0x00000c8c   0x00000010   Code   RO          240    i.VOR_I2C0_GetStatus  i2c_drv_api.o
    0x00000c9c   0x00000010   Code   RO          241    i.VOR_I2C0_Initialize  i2c_drv_api.o
    0x00000cac   0x00000010   Code   RO          242    i.VOR_I2C0_MS_IRQHandler  i2c_drv_api.o
    0x00000cbc   0x00000010   Code   RO          243    i.VOR_I2C0_MasterReceive  i2c_drv_api.o
    0x00000ccc   0x00000010   Code   RO          244    i.VOR_I2C0_MasterTransmit  i2c_drv_api.o
    0x00000cdc   0x00000010   Code   RO          245    i.VOR_I2C0_SL_IRQHandler  i2c_drv_api.o
    0x00000cec   0x00000010   Code   RO          246    i.VOR_I2C0_SlaveReceive  i2c_drv_api.o
    0x00000cfc   0x00000010   Code   RO          247    i.VOR_I2C0_SlaveTransmit  i2c_drv_api.o
    0x00000d0c   0x00000010   Code   RO          248    i.VOR_I2C0_Uninitialize  i2c_drv_api.o
    0x00000d1c   0x00000010   Code   RO          249    i.VOR_I2C1_Control  i2c_drv_api.o
    0x00000d2c   0x00000010   Code   RO          250    i.VOR_I2C1_GetDataCount  i2c_drv_api.o
    0x00000d3c   0x00000010   Code   RO          251    i.VOR_I2C1_GetStatus  i2c_drv_api.o
    0x00000d4c   0x00000010   Code   RO          252    i.VOR_I2C1_Initialize  i2c_drv_api.o
    0x00000d5c   0x00000010   Code   RO          253    i.VOR_I2C1_MS_IRQHandler  i2c_drv_api.o
    0x00000d6c   0x00000010   Code   RO          254    i.VOR_I2C1_MasterReceive  i2c_drv_api.o
    0x00000d7c   0x00000010   Code   RO          255    i.VOR_I2C1_MasterTransmit  i2c_drv_api.o
    0x00000d8c   0x00000010   Code   RO          256    i.VOR_I2C1_SL_IRQHandler  i2c_drv_api.o
    0x00000d9c   0x00000010   Code   RO          257    i.VOR_I2C1_SlaveReceive  i2c_drv_api.o
    0x00000dac   0x00000010   Code   RO          258    i.VOR_I2C1_SlaveTransmit  i2c_drv_api.o
    0x00000dbc   0x00000010   Code   RO          259    i.VOR_I2C1_Uninitialize  i2c_drv_api.o
    0x00000dcc   0x000000ec   Code   RO          377    i.VOR_I2C_Control   i2c_va108xx.o
    0x00000eb8   0x0000000e   Code   RO          378    i.VOR_I2C_GetDataCount  i2c_va108xx.o
    0x00000ec6   0x00000002   PAD
    0x00000ec8   0x0000012c   Code   RO          379    i.VOR_I2C_GetStatus  i2c_va108xx.o
    0x00000ff4   0x0000003c   Code   RO          380    i.VOR_I2C_Initialize  i2c_va108xx.o
    0x00001030   0x00000172   Code   RO          381    i.VOR_I2C_MasterHandler  i2c_va108xx.o
    0x000011a2   0x00000002   PAD
    0x000011a4   0x00000118   Code   RO          382    i.VOR_I2C_MasterReceive  i2c_va108xx.o
    0x000012bc   0x00000168   Code   RO          383    i.VOR_I2C_MasterTransmit  i2c_va108xx.o
    0x00001424   0x00000182   Code   RO          384    i.VOR_I2C_Setup     i2c_va108xx.o
    0x000015a6   0x00000002   PAD
    0x000015a8   0x00000190   Code   RO          385    i.VOR_I2C_SlaveHandler  i2c_va108xx.o
    0x00001738   0x0000010c   Code   RO          386    i.VOR_I2C_SlaveReceive  i2c_va108xx.o
    0x00001844   0x00000188   Code   RO          387    i.VOR_I2C_SlaveTransmit  i2c_va108xx.o
    0x000019cc   0x0000005e   Code   RO          388    i.VOR_I2C_Stop      i2c_va108xx.o
    0x00001a2a   0x00000002   PAD
    0x00001a2c   0x00000020   Code   RO          389    i.VOR_I2C_Uninitialize  i2c_va108xx.o
    0x00001a4c   0x0000004a   Code   RO          390    i.VOR_I2C_abort_transfer  i2c_va108xx.o
    0x00001a96   0x00000002   PAD
    0x00001a98   0x00000018   Code   RO          391    i.VOR_I2Cx_GetVersion  i2c_va108xx.o
    0x00001ab0   0x00000010   Code   RO          504    i.VOR_SPI0_Control  spi_drv_api.o
    0x00001ac0   0x00000010   Code   RO          505    i.VOR_SPI0_GetRxCount  spi_drv_api.o
    0x00001ad0   0x00000010   Code   RO          506    i.VOR_SPI0_GetStatus  spi_drv_api.o
    0x00001ae0   0x00000010   Code   RO          507    i.VOR_SPI0_GetTxCount  spi_drv_api.o
    0x00001af0   0x00000010   Code   RO          508    i.VOR_SPI0_IRQHandler  spi_drv_api.o
    0x00001b00   0x00000010   Code   RO          509    i.VOR_SPI0_Initialize  spi_drv_api.o
    0x00001b10   0x00000010   Code   RO          510    i.VOR_SPI0_Receive  spi_drv_api.o
    0x00001b20   0x00000010   Code   RO          511    i.VOR_SPI0_Send     spi_drv_api.o
    0x00001b30   0x00000010   Code   RO          512    i.VOR_SPI0_Transfer  spi_drv_api.o
    0x00001b40   0x00000010   Code   RO          513    i.VOR_SPI0_Uninitialize  spi_drv_api.o
    0x00001b50   0x00000010   Code   RO          514    i.VOR_SPI1_Control  spi_drv_api.o
    0x00001b60   0x00000010   Code   RO          515    i.VOR_SPI1_GetRxCount  spi_drv_api.o
    0x00001b70   0x00000010   Code   RO          516    i.VOR_SPI1_GetStatus  spi_drv_api.o
    0x00001b80   0x00000010   Code   RO          517    i.VOR_SPI1_GetTxCount  spi_drv_api.o
    0x00001b90   0x00000010   Code   RO          518    i.VOR_SPI1_IRQHandler  spi_drv_api.o
    0x00001ba0   0x00000010   Code   RO          519    i.VOR_SPI1_Initialize  spi_drv_api.o
    0x00001bb0   0x00000010   Code   RO          520    i.VOR_SPI1_Receive  spi_drv_api.o
    0x00001bc0   0x00000010   Code   RO          521    i.VOR_SPI1_Send     spi_drv_api.o
    0x00001bd0   0x00000010   Code   RO          522    i.VOR_SPI1_Transfer  spi_drv_api.o
    0x00001be0   0x00000010   Code   RO          523    i.VOR_SPI1_Uninitialize  spi_drv_api.o
    0x00001bf0   0x00000010   Code   RO          524    i.VOR_SPI2_Control  spi_drv_api.o
    0x00001c00   0x00000010   Code   RO          525    i.VOR_SPI2_GetRxCount  spi_drv_api.o
    0x00001c10   0x00000010   Code   RO          526    i.VOR_SPI2_GetStatus  spi_drv_api.o
    0x00001c20   0x00000010   Code   RO          527    i.VOR_SPI2_GetTxCount  spi_drv_api.o
    0x00001c30   0x00000010   Code   RO          528    i.VOR_SPI2_IRQHandler  spi_drv_api.o
    0x00001c40   0x00000010   Code   RO          529    i.VOR_SPI2_Initialize  spi_drv_api.o
    0x00001c50   0x00000010   Code   RO          530    i.VOR_SPI2_Receive  spi_drv_api.o
    0x00001c60   0x00000010   Code   RO          531    i.VOR_SPI2_Send     spi_drv_api.o
    0x00001c70   0x00000010   Code   RO          532    i.VOR_SPI2_Transfer  spi_drv_api.o
    0x00001c80   0x00000010   Code   RO          533    i.VOR_SPI2_Uninitialize  spi_drv_api.o
    0x00001c90   0x00000024   Code   RO          683    i.VOR_SPI_CTRL_ENABLE_BLOCKMODE_OPR  spi_va108xx.o
    0x00001cb4   0x00000024   Code   RO          684    i.VOR_SPI_CTRL_SLAVE_OP_DISABLEMODE  spi_va108xx.o
    0x00001cd8   0x000000ae   Code   RO          685    i.VOR_SPI_Control   spi_va108xx.o
    0x00001d86   0x00000024   Code   RO          687    i.VOR_SPI_ENABLE_INTERFACE  spi_va108xx.o
    0x00001daa   0x00000004   Code   RO          688    i.VOR_SPI_GetRxCount  spi_va108xx.o
    0x00001dae   0x0000009a   Code   RO          689    i.VOR_SPI_GetStatus  spi_va108xx.o
    0x00001e48   0x00000004   Code   RO          690    i.VOR_SPI_GetTxCount  spi_va108xx.o
    0x00001e4c   0x0000003c   Code   RO          691    i.VOR_SPI_Initialize  spi_va108xx.o
    0x00001e88   0x00000118   Code   RO          692    i.VOR_SPI_IrqHandler  spi_va108xx.o
    0x00001fa0   0x000000d8   Code   RO          694    i.VOR_SPI_Receive   spi_va108xx.o
    0x00002078   0x00000022   Code   RO          695    i.VOR_SPI_SET_CTRL_SIZE_OPR  spi_va108xx.o
    0x0000209a   0x0000002a   Code   RO          696    i.VOR_SPI_SET_Clock_Mode  spi_va108xx.o
    0x000020c4   0x00000052   Code   RO          697    i.VOR_SPI_SET_Clock_Rate  spi_va108xx.o
    0x00002116   0x00000026   Code   RO          698    i.VOR_SPI_SET_LOOPBACKMODE  spi_va108xx.o
    0x0000213c   0x00000016   Code   RO          699    i.VOR_SPI_SET_RX_FIFOTRG  spi_va108xx.o
    0x00002152   0x00000028   Code   RO          700    i.VOR_SPI_SET_SLAVEMODE  spi_va108xx.o
    0x0000217a   0x00000016   Code   RO          701    i.VOR_SPI_SET_TX_FIFOTRG  spi_va108xx.o
    0x00002190   0x0000001e   Code   RO          702    i.VOR_SPI_SLAVE_SELECT_OPR  spi_va108xx.o
    0x000021ae   0x00000002   PAD
    0x000021b0   0x0000009c   Code   RO          703    i.VOR_SPI_Send      spi_va108xx.o
    0x0000224c   0x00000118   Code   RO          704    i.VOR_SPI_Transfer  spi_va108xx.o
    0x00002364   0x0000002c   Code   RO          705    i.VOR_SPI_Uninitialize  spi_va108xx.o
    0x00002390   0x00000022   Code   RO          706    i.VOR_SPI_abort_transfer  spi_va108xx.o
    0x000023b2   0x00000002   PAD
    0x000023b4   0x00000018   Code   RO          707    i.VOR_SPIx_GetVersion  spi_va108xx.o
    0x000023cc   0x00000028   Code   RO          159    i.VOR_Sleep         driver.common.o
    0x000023f4   0x00000020   Code   RO         1018    i.VOR_TIM0_IRQHandler  reb_timer.o
    0x00002414   0x00000020   Code   RO         1022    i.VOR_TIM1_IRQHandler  reb_timer.o
    0x00002434   0x000000a4   Code   RO         1215    i._DoInit           segger_rtt.o
    0x000024d8   0x00000016   Code   RO         1216    i._GetAvailWriteSpace  segger_rtt.o
    0x000024ee   0x000000c8   Code   RO         1352    i._PrintInt         segger_rtt_printf.o
    0x000025b6   0x00000002   PAD
    0x000025b8   0x000000d8   Code   RO         1353    i._PrintUnsigned    segger_rtt_printf.o
    0x00002690   0x0000003e   Code   RO         1354    i._StoreChar        segger_rtt_printf.o
    0x000026ce   0x00000060   Code   RO         1218    i._WriteBlocking    segger_rtt.o
    0x0000272e   0x0000003c   Code   RO         1219    i._WriteNoCheck     segger_rtt.o
    0x0000276a   0x0000001a   Code   RO          101    i.__ARM_common_switch8  irq_va108xx.o
    0x00002784   0x0000000e   Code   RO         1824    i.__scatterload_copy  mc_p.l(handlers.o)
    0x00002792   0x00000002   Code   RO         1825    i.__scatterload_null  mc_p.l(handlers.o)
    0x00002794   0x0000000e   Code   RO         1826    i.__scatterload_zeroinit  mc_p.l(handlers.o)
    0x000027a2   0x00000002   PAD
    0x000027a4   0x000003dc   Code   RO         1095    i.main              spi_an_main.o
    0x00002b80   0x00000004   Data   RO          392    .constdata          i2c_va108xx.o
    0x00002b84   0x00000004   Data   RO          708    .constdata          spi_va108xx.o
    0x00002b88   0x00000010   Data   RO         1355    .constdata          segger_rtt_printf.o
    0x00002b98   0x00000125   Data   RO         1098    .conststring        spi_an_main.o
    0x00002cbd   0x00000003   PAD
    0x00002cc0   0x00000020   Data   RO         1822    Region$$Table       anon$$obj.o


    Execution Region ER_RW (Base: 0x10000000, Size: 0x0000055c, Max: 0xffffffff, ABSOLUTE, COMPRESSED[0x000000e0])

    Base Addr    Size         Type   Attr      Idx    E Section Name        Object

    0x10000000   0x00000004   Data   RW          126    .data               system_va108xx.o
    0x10000004   0x00000028   Data   RW          260    .data               i2c_drv_api.o
    0x1000002c   0x00000028   Data   RW          261    .data               i2c_drv_api.o
    0x10000054   0x000000e8   Data   RW          393    .data               i2c_va108xx.o
    0x1000013c   0x000000e8   Data   RW          394    .data               i2c_va108xx.o
    0x10000224   0x00000028   Data   RW          534    .data               spi_drv_api.o
    0x1000024c   0x00000028   Data   RW          535    .data               spi_drv_api.o
    0x10000274   0x00000028   Data   RW          536    .data               spi_drv_api.o
    0x1000029c   0x000000dc   Data   RW          709    .data               spi_va108xx.o
    0x10000378   0x000000dc   Data   RW          710    .data               spi_va108xx.o
    0x10000454   0x000000dc   Data   RW          711    .data               spi_va108xx.o
    0x10000530   0x00000002   Data   RW         1026    .data               reb_timer.o
    0x10000532   0x00000002   PAD
    0x10000534   0x00000014   Data   RW         1102    .data               spi_an_main.o
    0x10000548   0x00000011   Data   RW         1222    .data               segger_rtt.o


    Execution Region ER_ZI (Base: 0x1000055c, Size: 0x000011a4, Max: 0xffffffff, ABSOLUTE)

    Base Addr    Size         Type   Attr      Idx    E Section Name        Object

    0x1000055c   0x00000184   Zero   RW         1097    .bss                spi_an_main.o
    0x100006e0   0x00000c20   Zero   RW         1221    .bss                segger_rtt.o
    0x10001300   0x00000400   Zero   RW          115    STACK               startup_va108xx.o



  Load Region LR$$.ARM.__at_0x10007000 (Base: 0x10007000, Size: 0x00000000, Max: 0x000000a8, ABSOLUTE)

    Execution Region ER$$.ARM.__at_0x10007000 (Base: 0x10007000, Size: 0x000000a8, Max: 0x000000a8, ABSOLUTE, UNINIT)

    Base Addr    Size         Type   Attr      Idx    E Section Name        Object

    0x10007000   0x000000a8   Zero   RW         1220    .ARM.__at_0x10007000  segger_rtt.o


==============================================================================

Image component sizes


      Code (inc. data)   RO Data    RW Data    ZI Data      Debug   Object Name

        54         16          0          0          0       2338   driver.common.o
        14          0          0          0          0     182294   hardfault_handler.o
       352        124          0         80          0      16546   i2c_drv_api.o
      3290        108          4        464          0      20197   i2c_va108xx.o
       548         50          0          0          0       9419   irq_va108xx.o
         0          0          0          0          0        556   reb_log.o
        64         12          0          2          0       1136   reb_timer.o
       770         86          0         17       3272      11938   segger_rtt.o
       906          6         16          0          0       6185   segger_rtt_printf.o
      2220        714        293         20        388      15183   spi_an_main.o
       480        180          0        120          0      21227   spi_drv_api.o
      1848         34          4        660          0      22489   spi_va108xx.o
        36          8        192          0       1024        804   startup_va108xx.o
        16          8          0          4          0        687   system_va108xx.o

    ----------------------------------------------------------------------
     10618       1346        544       1372       4684     310999   Object Totals
         0          0         32          0          0          0   (incl. Generated)
        20          0          3          5          0          0   (incl. Padding)

    ----------------------------------------------------------------------

      Code (inc. data)   RO Data    RW Data    ZI Data      Debug   Library Member Name

        86          0          0          0          0          0   __dczerorl2.o
         0          0          0          0          0          0   entry.o
         0          0          0          0          0          0   entry10a.o
         0          0          0          0          0          0   entry11a.o
         8          4          0          0          0          0   entry2.o
         4          0          0          0          0          0   entry5.o
         0          0          0          0          0          0   entry7b.o
         0          0          0          0          0          0   entry8b.o
         8          4          0          0          0          0   entry9a.o
        30          0          0          0          0          0   handlers.o
        40          0          0          0          0         72   idiv.o
        36          8          0          0          0         68   init.o
        36          0          0          0          0         60   memcpya.o
        18          0          0          0          0         60   strcpy.o
        14          0          0          0          0         60   strlen.o
        44          0          0          0          0         72   uidiv.o

    ----------------------------------------------------------------------
       326         16          0          0          0        392   Library Totals
         2          0          0          0          0          0   (incl. Padding)

    ----------------------------------------------------------------------

      Code (inc. data)   RO Data    RW Data    ZI Data      Debug   Library Name

       324         16          0          0          0        392   mc_p.l

    ----------------------------------------------------------------------
       326         16          0          0          0        392   Library Totals

    ----------------------------------------------------------------------

==============================================================================


      Code (inc. data)   RO Data    RW Data    ZI Data      Debug   

     10944       1362        544       1372       4684     306019   Grand Totals
     10944       1362        544        224       4684     306019   ELF Image Totals (compressed)
     10944       1362        544        224          0          0   ROM Totals

==============================================================================

    Total RO  Size (Code + RO Data)                11488 (  11.22kB)
    Total RW  Size (RW Data + ZI Data)              6056 (   5.91kB)
    Total ROM Size (Code + RO Data + RW Data)      11712 (  11.44kB)

==============================================================================

