Component: ARM Compiler 5.06 update 2 (build 183) Tool: armlink [4d35b7]

==============================================================================

Section Cross References

    hardfault_handler.o(.emb_text) refers to hardfault_handler.o(i.C_HardFault_Handler) for C_HardFault_Handler
    irq_va108xx.o(i.VOR_Disable_Irq) refers to irq_va108xx.o(i.__ARM_common_switch8) for __ARM_common_switch8
    irq_va108xx.o(i.VOR_Disable_Irq) refers to irq_va108xx.o(i.NVIC_DisableIRQ) for NVIC_DisableIRQ
    irq_va108xx.o(i.VOR_Enable_Irq) refers to irq_va108xx.o(i.__ARM_common_switch8) for __ARM_common_switch8
    irq_va108xx.o(i.VOR_Enable_Irq) refers to irq_va108xx.o(i.NVIC_SetPriority) for NVIC_SetPriority
    irq_va108xx.o(i.VOR_Enable_Irq) refers to irq_va108xx.o(i.NVIC_EnableIRQ) for NVIC_EnableIRQ
    startup_va108xx.o(RESET) refers to startup_va108xx.o(STACK) for __initial_sp
    startup_va108xx.o(RESET) refers to startup_va108xx.o(.text) for Reset_Handler
    startup_va108xx.o(RESET) refers to hardfault_handler.o(.emb_text) for HardFault_Handler
    startup_va108xx.o(RESET) refers to reb_timer.o(i.VOR_TIM0_IRQHandler) for VOR_TIM0_IRQHandler
    startup_va108xx.o(RESET) refers to reb_timer.o(i.VOR_TIM1_IRQHandler) for VOR_TIM1_IRQHandler
    startup_va108xx.o(RESET) refers to spi_drv_api.o(i.VOR_SPI0_IRQHandler) for VOR_SPI0_IRQHandler
    startup_va108xx.o(RESET) refers to spi_drv_api.o(i.VOR_SPI1_IRQHandler) for VOR_SPI1_IRQHandler
    startup_va108xx.o(RESET) refers to spi_drv_api.o(i.VOR_SPI2_IRQHandler) for VOR_SPI2_IRQHandler
    startup_va108xx.o(RESET) refers to i2c_drv_api.o(i.VOR_I2C0_MS_IRQHandler) for VOR_I2C0_MS_IRQHandler
    startup_va108xx.o(RESET) refers to i2c_drv_api.o(i.VOR_I2C0_SL_IRQHandler) for VOR_I2C0_SL_IRQHandler
    startup_va108xx.o(RESET) refers to i2c_drv_api.o(i.VOR_I2C1_MS_IRQHandler) for VOR_I2C1_MS_IRQHandler
    startup_va108xx.o(RESET) refers to i2c_drv_api.o(i.VOR_I2C1_SL_IRQHandler) for VOR_I2C1_SL_IRQHandler
    startup_va108xx.o(.text) refers to system_va108xx.o(i.SystemInit) for SystemInit
    startup_va108xx.o(.text) refers to entry.o(.ARM.Collect$$$$00000000) for __main
    system_va108xx.o(i.SystemCoreClockUpdate) refers to system_va108xx.o(.data) for .data
    system_va108xx.o(i.SystemInit) refers to system_va108xx.o(.data) for .data
    driver.common.o(i.VOR_Get_ClockFreq) refers to system_va108xx.o(.data) for SystemCoreClock
    driver.common.o(i.VOR_Sleep) refers to uidiv.o(.text) for __aeabi_uidivmod
    driver.common.o(i.VOR_Sleep) refers to system_va108xx.o(.data) for SystemCoreClock
    i2c_drv_api.o(i.VOR_I2C0_Control) refers to i2c_va108xx.o(i.VOR_I2C_Control) for VOR_I2C_Control
    i2c_drv_api.o(i.VOR_I2C0_Control) refers to i2c_va108xx.o(.data) for I2C0_Resources
    i2c_drv_api.o(i.VOR_I2C0_GetDataCount) refers to i2c_va108xx.o(i.VOR_I2C_GetDataCount) for VOR_I2C_GetDataCount
    i2c_drv_api.o(i.VOR_I2C0_GetDataCount) refers to i2c_va108xx.o(.data) for I2C0_Resources
    i2c_drv_api.o(i.VOR_I2C0_GetStatus) refers to i2c_va108xx.o(i.VOR_I2C_GetStatus) for VOR_I2C_GetStatus
    i2c_drv_api.o(i.VOR_I2C0_GetStatus) refers to i2c_va108xx.o(.data) for I2C0_Resources
    i2c_drv_api.o(i.VOR_I2C0_Initialize) refers to i2c_va108xx.o(i.VOR_I2C_Initialize) for VOR_I2C_Initialize
    i2c_drv_api.o(i.VOR_I2C0_Initialize) refers to i2c_va108xx.o(.data) for I2C0_Resources
    i2c_drv_api.o(i.VOR_I2C0_MS_IRQHandler) refers to i2c_va108xx.o(i.VOR_I2C_MasterHandler) for VOR_I2C_MasterHandler
    i2c_drv_api.o(i.VOR_I2C0_MS_IRQHandler) refers to i2c_va108xx.o(.data) for I2C0_Resources
    i2c_drv_api.o(i.VOR_I2C0_MasterReceive) refers to i2c_va108xx.o(i.VOR_I2C_MasterReceive) for VOR_I2C_MasterReceive
    i2c_drv_api.o(i.VOR_I2C0_MasterReceive) refers to i2c_va108xx.o(.data) for I2C0_Resources
    i2c_drv_api.o(i.VOR_I2C0_MasterTransmit) refers to i2c_va108xx.o(i.VOR_I2C_MasterTransmit) for VOR_I2C_MasterTransmit
    i2c_drv_api.o(i.VOR_I2C0_MasterTransmit) refers to i2c_va108xx.o(.data) for I2C0_Resources
    i2c_drv_api.o(i.VOR_I2C0_SL_IRQHandler) refers to i2c_va108xx.o(i.VOR_I2C_SlaveHandler) for VOR_I2C_SlaveHandler
    i2c_drv_api.o(i.VOR_I2C0_SL_IRQHandler) refers to i2c_va108xx.o(.data) for I2C0_Resources
    i2c_drv_api.o(i.VOR_I2C0_SlaveReceive) refers to i2c_va108xx.o(i.VOR_I2C_SlaveReceive) for VOR_I2C_SlaveReceive
    i2c_drv_api.o(i.VOR_I2C0_SlaveReceive) refers to i2c_va108xx.o(.data) for I2C0_Resources
    i2c_drv_api.o(i.VOR_I2C0_SlaveTransmit) refers to i2c_va108xx.o(i.VOR_I2C_SlaveTransmit) for VOR_I2C_SlaveTransmit
    i2c_drv_api.o(i.VOR_I2C0_SlaveTransmit) refers to i2c_va108xx.o(.data) for I2C0_Resources
    i2c_drv_api.o(i.VOR_I2C0_Uninitialize) refers to i2c_va108xx.o(i.VOR_I2C_Uninitialize) for VOR_I2C_Uninitialize
    i2c_drv_api.o(i.VOR_I2C0_Uninitialize) refers to i2c_va108xx.o(.data) for I2C0_Resources
[...]
    printfa.o(i.__0printf) refers (Special) to iusefp.o(.text) for __I$use$fp
    printfa.o(i.__0printf) refers to printfa.o(i._printf_core) for _printf_core
    printfa.o(i.__0printf) refers to fputc.o(i.fputc) for fputc
    printfa.o(i.__0printf) refers to stdout.o(.data) for __stdout
    printfa.o(i.__0snprintf) refers (Special) to iusefp.o(.text) for __I$use$fp
    printfa.o(i.__0snprintf) refers to printfa.o(i._printf_core) for _printf_core
    printfa.o(i.__0snprintf) refers to printfa.o(i._snputc) for _snputc
    printfa.o(i.__0sprintf) refers (Special) to iusefp.o(.text) for __I$use$fp
    printfa.o(i.__0sprintf) refers to printfa.o(i._printf_core) for _printf_core
    printfa.o(i.__0sprintf) refers to printfa.o(i._sputc) for _sputc
    printfa.o(i.__0vfprintf) refers (Special) to iusefp.o(.text) for __I$use$fp
    printfa.o(i.__0vfprintf) refers to printfa.o(i._printf_core) for _printf_core
    printfa.o(i.__0vfprintf) refers to fputc.o(i.fputc) for fputc
    printfa.o(i.__0vprintf) refers (Special) to iusefp.o(.text) for __I$use$fp
    printfa.o(i.__0vprintf) refers to printfa.o(i._printf_core) for _printf_core
    printfa.o(i.__0vprintf) refers to fputc.o(i.fputc) for fputc
    printfa.o(i.__0vprintf) refers to stdout.o(.data) for __stdout
    printfa.o(i.__0vsnprintf) refers (Special) to iusefp.o(.text) for __I$use$fp
    printfa.o(i.__0vsnprintf) refers to printfa.o(i._printf_core) for _printf_core
    printfa.o(i.__0vsnprintf) refers to printfa.o(i._snputc) for _snputc
    printfa.o(i.__0vsprintf) refers (Special) to iusefp.o(.text) for __I$use$fp
    printfa.o(i.__0vsprintf) refers to printfa.o(i._printf_core) for _printf_core
    printfa.o(i.__0vsprintf) refers to printfa.o(i._sputc) for _sputc
    printfa.o(i._fp_digits) refers (Special) to iusefp.o(.text) for __I$use$fp
    printfa.o(i._fp_digits) refers to dmul.o(.text) for __aeabi_dmul
    printfa.o(i._fp_digits) refers to ddiv.o(.text) for __aeabi_ddiv
    printfa.o(i._fp_digits) refers to cdrcmple.o(.text) for __aeabi_cdrcmple
    printfa.o(i._fp_digits) refers to dadd.o(.text) for __aeabi_dadd
    printfa.o(i._fp_digits) refers to dfixul.o(.text) for __aeabi_d2ulz
    printfa.o(i._fp_digits) refers to uldiv.o(.text) for __aeabi_uldivmod
    printfa.o(i._printf_core) refers (Special) to iusefp.o(.text) for __I$use$fp
    printfa.o(i._printf_core) refers to printfa.o(i._printf_pre_padding) for _printf_pre_padding
    printfa.o(i._printf_core) refers to uldiv.o(.text) for __aeabi_uldivmod
    printfa.o(i._printf_core) refers to printfa.o(i._printf_post_padding) for _printf_post_padding
    printfa.o(i._printf_core) refers to printfa.o(i._fp_digits) for _fp_digits
    printfa.o(i._printf_core) refers to uidiv.o(.text) for __aeabi_uidivmod
    printfa.o(i._printf_post_padding) refers (Special) to iusefp.o(.text) for __I$use$fp
    printfa.o(i._printf_pre_padding) refers (Special) to iusefp.o(.text) for __I$use$fp
    printfa.o(i._snputc) refers (Special) to iusefp.o(.text) for __I$use$fp
    printfa.o(i._sputc) refers (Special) to iusefp.o(.text) for __I$use$fp
    entry2.o(.ARM.Collect$$$$00000001) refers to entry2.o(.ARM.Collect$$$$00002712) for __lit__00000000
    entry2.o(.ARM.Collect$$$$00002712) refers to startup_va108xx.o(STACK) for __initial_sp
    entry2.o(__vectab_stack_and_reset_area) refers to startup_va108xx.o(STACK) for __initial_sp
    entry2.o(__vectab_stack_and_reset_area) refers to entry.o(.ARM.Collect$$$$00000000) for __main
    entry5.o(.ARM.Collect$$$$00000004) refers to init.o(.text) for __scatterload
    entry9a.o(.ARM.Collect$$$$0000000B) refers to reb_main.o(i.main) for main
    entry9b.o(.ARM.Collect$$$$0000000C) refers to reb_main.o(i.main) for main
    uldiv.o(.text) refers to llushr.o(.text) for __aeabi_llsr
    uldiv.o(.text) refers to llshl.o(.text) for __aeabi_llsl
    dadd.o(.text) refers to llshl.o(.text) for __aeabi_llsl
    dadd.o(.text) refers to llsshr.o(.text) for __aeabi_lasr
    dadd.o(.text) refers to depilogue.o(.text) for _double_epilogue
    dmul.o(.text) refers to depilogue.o(.text) for _double_epilogue
    ddiv.o(.text) refers to depilogue.o(.text) for _double_round
    dfixul.o(.text) refers to llushr.o(.text) for __aeabi_llsr
    dfixul.o(.text) refers to llshl.o(.text) for __aeabi_llsl
    init.o(.text) refers to entry5.o(.ARM.Collect$$$$00000004) for __main_after_scatterload
    depilogue.o(.text) refers to depilogue.o(i.__ARM_clz) for __ARM_clz
    depilogue.o(.text) refers to llshl.o(.text) for __aeabi_llsl
    depilogue.o(.text) refers to llushr.o(.text) for __aeabi_llsr


==============================================================================

Removing Unused input sections from the image.

    Removing hardfault_handler.o(.rev16_text), (4 bytes).
    Removing hardfault_handler.o(.revsh_text), (4 bytes).
    Removing hardfault_handler.o(i.ReadMem), (24 bytes).
    Removing irq_va108xx.o(.rev16_text), (4 bytes).
    Removing irq_va108xx.o(.revsh_text), (4 bytes).
    Removing startup_va108xx.o(HEAP), (3072 bytes).
    Removing system_va108xx.o(.rev16_text), (4 bytes).
    Removing system_va108xx.o(.revsh_text), (4 bytes).
    Removing system_va108xx.o(i.SystemCoreClockUpdate), (16 bytes).
    Removing driver.common.o(.rev16_text), (4 bytes).
    Removing driver.common.o(.revsh_text), (4 bytes).
    Removing gpio_drv_api.o(.rev16_text), (4 bytes).
    Removing gpio_drv_api.o(.revsh_text), (4 bytes).
    Removing gpio_va108xx.o(.rev16_text), (4 bytes).
    Removing gpio_va108xx.o(.revsh_text), (4 bytes).
    Removing i2c_drv_api.o(.rev16_text), (4 bytes).
    Removing i2c_drv_api.o(.revsh_text), (4 bytes).
    Removing i2c_va108xx.o(.rev16_text), (4 bytes).
    Removing i2c_va108xx.o(.revsh_text), (4 bytes).
    Removing spi_drv_api.o(.rev16_text), (4 bytes).
    Removing spi_drv_api.o(.revsh_text), (4 bytes).
    Removing spi_va108xx.o(.rev16_text), (4 bytes).
    Removing spi_va108xx.o(.revsh_text), (4 bytes).
    Removing spi_va108xx.o(i.VOR_SPI_Drv_Mode), (6 bytes).
    Removing spi_va108xx.o(i.VOR_SPI_Poll_Tout), (6 bytes).
    Removing uart_drv_api.o(.rev16_text), (4 bytes).
    Removing uart_drv_api.o(.revsh_text), (4 bytes).
    Removing uart_va108xx.o(.rev16_text), (4 bytes).
    Removing uart_va108xx.o(.revsh_text), (4 bytes).
    Removing reb_adt75.o(i.VOR_ADT75_UnInitialize), (20 bytes).
    Removing reb_log.o(.rev16_text), (4 bytes).
    Removing reb_log.o(.revsh_text), (4 bytes).
    Removing reb_main.o(.rev16_text), (4 bytes).
    Removing reb_main.o(.revsh_text), (4 bytes).
    Removing reb_max11619.o(.rev16_text), (4 bytes).
    Removing reb_max11619.o(.revsh_text), (4 bytes).
    Removing reb_max11619.o(i.VOR_MAX11619_UnInitialize), (20 bytes).
    Removing reb_timer.o(.rev16_text), (4 bytes).
    Removing reb_timer.o(.revsh_text), (4 bytes).
    Removing redirect.o(.rev16_text), (4 bytes).
    Removing redirect.o(.revsh_text), (4 bytes).
    Removing segger_rtt.o(i.SEGGER_RTT_AllocDownBuffer), (84 bytes).
    Removing segger_rtt.o(i.SEGGER_RTT_AllocUpBuffer), (84 bytes).
    Removing segger_rtt.o(i.SEGGER_RTT_ConfigDownBuffer), (76 bytes).
    Removing segger_rtt.o(i.SEGGER_RTT_GetKey), (28 bytes).
    Removing segger_rtt.o(i.SEGGER_RTT_HasData), (20 bytes).
    Removing segger_rtt.o(i.SEGGER_RTT_HasKey), (36 bytes).
    Removing segger_rtt.o(i.SEGGER_RTT_Read), (8 bytes).
    Removing segger_rtt.o(i.SEGGER_RTT_ReadNoLock), (128 bytes).
    Removing segger_rtt.o(i.SEGGER_RTT_SetNameDownBuffer), (48 bytes).
    Removing segger_rtt.o(i.SEGGER_RTT_SetNameUpBuffer), (48 bytes).
    Removing segger_rtt.o(i.SEGGER_RTT_SetTerminal), (104 bytes).
    Removing segger_rtt.o(i.SEGGER_RTT_TerminalOut), (148 bytes).
    Removing segger_rtt.o(i.SEGGER_RTT_WaitKey), (12 bytes).
    Removing segger_rtt.o(i.SEGGER_RTT_WriteSkipNoLock), (136 bytes).
    Removing segger_rtt.o(i.SEGGER_RTT_WriteString), (24 bytes).
    Removing segger_rtt.o(i._PostTerminalSwitch), (32 bytes).
    Removing segger_rtt.o(.data), (17 bytes).
    Removing segger_rtt_syscalls_keil.o(i._sys_close), (4 bytes).
    Removing segger_rtt_syscalls_keil.o(i._sys_command_string), (2 bytes).
    Removing segger_rtt_syscalls_keil.o(i._sys_ensure), (6 bytes).
    Removing segger_rtt_syscalls_keil.o(i._sys_exit), (2 bytes).
    Removing segger_rtt_syscalls_keil.o(i._sys_flen), (4 bytes).
    Removing segger_rtt_syscalls_keil.o(i._sys_istty), (16 bytes).
    Removing segger_rtt_syscalls_keil.o(i._sys_open), (52 bytes).
    Removing segger_rtt_syscalls_keil.o(i._sys_read), (4 bytes).
    Removing segger_rtt_syscalls_keil.o(i._sys_seek), (4 bytes).
    Removing segger_rtt_syscalls_keil.o(i._sys_tmpnam), (4 bytes).
    Removing segger_rtt_syscalls_keil.o(i._sys_write), (28 bytes).
    Removing segger_rtt_syscalls_keil.o(i._ttywrch), (20 bytes).
    Removing segger_rtt_syscalls_keil.o(.constdata), (6 bytes).
    Removing segger_rtt_syscalls_keil.o(.constdata), (14 bytes).
    Removing utils.o(.rev16_text), (4 bytes).
    Removing utils.o(.revsh_text), (4 bytes).

74 unused section(s) (total 4507 bytes) removed from the image.

==============================================================================

Image Symbol Table

    Local Symbols

    Symbol Name                              Value     Ov Type        Size  Object(Section)

    RESET                                    0x00000000   Section      192  startup_va108xx.o(RESET)
    ../clib/../cmprslib/zerorunl2.c          0x00000000   Number         0  __dczerorl2.o ABSOLUTE
    ../clib/microlib/division.c              0x00000000   Number         0  uldiv.o ABSOLUTE
    ../clib/microlib/division.c              0x00000000   Number         0  uidiv.o ABSOLUTE
    ../clib/microlib/division.c              0x00000000   Number         0  idiv.o ABSOLUTE
    ../clib/microlib/init/entry.s            0x00000000   Number         0  entry8b.o ABSOLUTE
    ../clib/microlib/init/entry.s            0x00000000   Number         0  entry10b.o ABSOLUTE
    ../clib/microlib/init/entry.s            0x00000000   Number         0  entry2.o ABSOLUTE
    ../clib/microlib/init/entry.s            0x00000000   Number         0  entry5.o ABSOLUTE
    ../clib/microlib/init/entry.s            0x00000000   Number         0  entry7a.o ABSOLUTE
    ../clib/microlib/init/entry.s            0x00000000   Number         0  entry7b.o ABSOLUTE
    ../clib/microlib/init/entry.s            0x00000000   Number         0  entry8a.o ABSOLUTE
    ../clib/microlib/init/entry.s            0x00000000   Number         0  entry10a.o ABSOLUTE
    ../clib/microlib/init/entry.s            0x00000000   Number         0  entry.o ABSOLUTE
    ../clib/microlib/init/entry.s            0x00000000   Number         0  entry9b.o ABSOLUTE
    ../clib/microlib/init/entry.s            0x00000000   Number         0  entry9a.o ABSOLUTE
    ../clib/microlib/init/entry.s            0x00000000   Number         0  entry11a.o ABSOLUTE
    ../clib/microlib/init/entry.s            0x00000000   Number         0  entry11b.o ABSOLUTE
    ../clib/microlib/longlong.c              0x00000000   Number         0  llushr.o ABSOLUTE
    ../clib/microlib/longlong.c              0x00000000   Number         0  llshl.o ABSOLUTE
    ../clib/microlib/longlong.c              0x00000000   Number         0  llsshr.o ABSOLUTE
    ../clib/microlib/printf/printf.c         0x00000000   Number         0  printfb.o ABSOLUTE
    ../clib/microlib/printf/printf.c         0x00000000   Number         0  printf0.o ABSOLUTE
    ../clib/microlib/printf/printf.c         0x00000000   Number         0  printf1.o ABSOLUTE
    ../clib/microlib/printf/printf.c         0x00000000   Number         0  printf2.o ABSOLUTE
    ../clib/microlib/printf/printf.c         0x00000000   Number         0  printf3.o ABSOLUTE
    ../clib/microlib/printf/printf.c         0x00000000   Number         0  printf4.o ABSOLUTE
    ../clib/microlib/printf/printf.c         0x00000000   Number         0  printf5.o ABSOLUTE
    ../clib/microlib/printf/printf.c         0x00000000   Number         0  printfa.o ABSOLUTE
    ../clib/microlib/printf/printf.c         0x00000000   Number         0  printf6.o ABSOLUTE
    ../clib/microlib/printf/printf.c         0x00000000   Number         0  printf8.o ABSOLUTE
    ../clib/microlib/printf/printf.c         0x00000000   Number         0  printf7.o ABSOLUTE
    ../clib/microlib/stdio/fflush.c          0x00000000   Number         0  fflush.o ABSOLUTE
    ../clib/microlib/stdio/fputc.c           0x00000000   Number         0  fputc.o ABSOLUTE
    ../clib/microlib/stdio/semi.s            0x00000000   Number         0  semi.o ABSOLUTE
    ../clib/microlib/stdio/streams.c         0x00000000   Number         0  stdout.o ABSOLUTE
    ../clib/microlib/string/memcpy.c         0x00000000   Number         0  memcpya.o ABSOLUTE
    ../clib/microlib/string/memcpy.c         0x00000000   Number         0  memcpyb.o ABSOLUTE
    ../clib/microlib/string/strcmp.c         0x00000000   Number         0  strcmp.o ABSOLUTE
    ../clib/microlib/string/strcpy.c         0x00000000   Number         0  strcpy.o ABSOLUTE
    ../clib/microlib/string/strlen.c         0x00000000   Number         0  strlen.o ABSOLUTE
    ../clib/microlib/stubs.s                 0x00000000   Number         0  iusefp.o ABSOLUTE
    ../clib/microlib/stubs.s                 0x00000000   Number         0  iusesemip.o ABSOLUTE
    ../clib/microlib/stubs.s                 0x00000000   Number         0  useno.o ABSOLUTE
    ../fplib/microlib/fpadd.c                0x00000000   Number         0  dadd.o ABSOLUTE
    ../fplib/microlib/fpdiv.c                0x00000000   Number         0  ddiv.o ABSOLUTE
    ../fplib/microlib/fpepilogue.c           0x00000000   Number         0  depilogue.o ABSOLUTE
    ../fplib/microlib/fpfix.c                0x00000000   Number         0  dfixul.o ABSOLUTE
    ../fplib/microlib/fpmul.c                0x00000000   Number         0  dmul.o ABSOLUTE
    ..\..\common\src\hardfault_handler.c     0x00000000   Number         0  hardfault_handler.o ABSOLUTE
    ..\..\common\src\irq_va108xx.c           0x00000000   Number         0  irq_va108xx.o ABSOLUTE
    ..\..\common\src\startup_va108xx.s       0x00000000   Number         0  startup_va108xx.o ABSOLUTE
    ..\..\common\src\system_va108xx.c        0x00000000   Number         0  system_va108xx.o ABSOLUTE
    ..\..\driver\src\driver.common.c         0x00000000   Number         0  driver.common.o ABSOLUTE
    ..\..\driver\src\gpio_drv_api.c          0x00000000   Number         0  gpio_drv_api.o ABSOLUTE
    ..\..\driver\src\gpio_va108xx.c          0x00000000   Number         0  gpio_va108xx.o ABSOLUTE
    ..\..\driver\src\i2c_drv_api.c           0x00000000   Number         0  i2c_drv_api.o ABSOLUTE
    ..\..\driver\src\i2c_va108xx.c           0x00000000   Number         0  i2c_va108xx.o ABSOLUTE
    ..\..\driver\src\spi_drv_api.c           0x00000000   Number         0  spi_drv_api.o ABSOLUTE
    ..\..\driver\src\spi_va108xx.c           0x00000000   Number         0  spi_va108xx.o ABSOLUTE
    ..\..\driver\src\uart_drv_api.c          0x00000000   Number         0  uart_drv_api.o ABSOLUTE
    ..\..\driver\src\uart_va108xx.c          0x00000000   Number         0  uart_va108xx.o ABSOLUTE
    ..\..\utilities\src\redirect.c           0x00000000   Number         0  redirect.o ABSOLUTE
    ..\..\utilities\src\segger_rtt.c         0x00000000   Number         0  segger_rtt.o ABSOLUTE
    ..\..\utilities\src\segger_rtt_printf.c  0x00000000   Number         0  segger_rtt_printf.o ABSOLUTE
    ..\..\utilities\src\segger_rtt_syscalls_keil.c 0x00000000   Number         0  segger_rtt_syscalls_keil.o ABSOLUTE
    ..\..\utilities\src\utils.c              0x00000000   Number         0  utils.o ABSOLUTE
    ..\\..\\common\\src\\hardfault_handler.c 0x00000000   Number         0  hardfault_handler.o ABSOLUTE
    ..\\..\\common\\src\\irq_va108xx.c       0x00000000   Number         0  irq_va108xx.o ABSOLUTE
    ..\\..\\common\\src\\system_va108xx.c    0x00000000   Number         0  system_va108xx.o ABSOLUTE
    ..\\..\\driver\\src\\driver.common.c     0x00000000   Number         0  driver.common.o ABSOLUTE
    ..\\..\\driver\\src\\gpio_drv_api.c      0x00000000   Number         0  gpio_drv_api.o ABSOLUTE
    ..\\..\\driver\\src\\gpio_va108xx.c      0x00000000   Number         0  gpio_va108xx.o ABSOLUTE
    ..\\..\\driver\\src\\i2c_drv_api.c       0x00000000   Number         0  i2c_drv_api.o ABSOLUTE
    ..\\..\\driver\\src\\i2c_va108xx.c       0x00000000   Number         0  i2c_va108xx.o ABSOLUTE
    ..\\..\\driver\\src\\spi_drv_api.c       0x00000000   Number         0  spi_drv_api.o ABSOLUTE
    ..\\..\\driver\\src\\spi_va108xx.c       0x00000000   Number         0  spi_va108xx.o ABSOLUTE
    ..\\..\\driver\\src\\uart_drv_api.c      0x00000000   Number         0  uart_drv_api.o ABSOLUTE
    ..\\..\\driver\\src\\uart_va108xx.c      0x00000000   Number         0  uart_va108xx.o ABSOLUTE
    ..\\..\\utilities\\src\\redirect.c       0x00000000   Number         0  redirect.o ABSOLUTE
    ..\\..\\utilities\\src\\utils.c          0x00000000   Number         0  utils.o ABSOLUTE
    cdrcmple.s                               0x00000000   Number         0  cdrcmple.o ABSOLUTE
    dc.s                                     0x00000000   Number         0  dc.o ABSOLUTE
    handlers.s                               0x00000000   Number         0  handlers.o ABSOLUTE
    init.s                                   0x00000000   Number         0  init.o ABSOLUTE
    src\\reb_log.c                           0x00000000   Number         0  reb_log.o ABSOLUTE
    src\\reb_main.c                          0x00000000   Number         0  reb_main.o ABSOLUTE
    src\\reb_max11619.c                      0x00000000   Number         0  reb_max11619.o ABSOLUTE
    src\\reb_timer.c                         0x00000000   Number         0  reb_timer.o ABSOLUTE
    src\reb_adt75.c                          0x00000000   Number         0  reb_adt75.o ABSOLUTE
    src\reb_log.c                            0x00000000   Number         0  reb_log.o ABSOLUTE
    src\reb_main.c                           0x00000000   Number         0  reb_main.o ABSOLUTE
    src\reb_max11619.c                       0x00000000   Number         0  reb_max11619.o ABSOLUTE
    src\reb_timer.c                          0x00000000   Number         0  reb_timer.o ABSOLUTE
    .ARM.Collect$$$$00000000                 0x000000c0   Section        0  entry.o(.ARM.Collect$$$$00000000)
    .ARM.Collect$$$$00000001                 0x000000c0   Section        4  entry2.o(.ARM.Collect$$$$00000001)
    .ARM.Collect$$$$00000004                 0x000000c4   Section        4  entry5.o(.ARM.Collect$$$$00000004)
    .ARM.Collect$$$$00000008                 0x000000c8   Section        0  entry7b.o(.ARM.Collect$$$$00000008)
    .ARM.Collect$$$$0000000A                 0x000000c8   Section        0  entry8b.o(.ARM.Collect$$$$0000000A)
    .ARM.Collect$$$$0000000B                 0x000000c8   Section        8  entry9a.o(.ARM.Collect$$$$0000000B)
    .ARM.Collect$$$$0000000D                 0x000000d0   Section        0  entry10a.o(.ARM.Collect$$$$0000000D)
    .ARM.Collect$$$$0000000F                 0x000000d0   Section        0  entry11a.o(.ARM.Collect$$$$0000000F)
    .ARM.Collect$$$$00002712                 0x000000d0   Section        4  entry2.o(.ARM.Collect$$$$00002712)
    __lit__00000000                          0x000000d0   Data           4  entry2.o(.ARM.Collect$$$$00002712)
    .emb_text                                0x000000d4   Section       12  hardfault_handler.o(.emb_text)
    .text                                    0x000000e0   Section       36  startup_va108xx.o(.text)
    .text                                    0x00000104   Section        0  uidiv.o(.text)
    .text                                    0x00000130   Section        0  idiv.o(.text)
    .text                                    0x00000158   Section        0  memcpya.o(.text)
    .text                                    0x0000017c   Section        0  strlen.o(.text)
    .text                                    0x0000018a   Section        0  strcpy.o(.text)
    .text                                    0x0000019c   Section        0  uldiv.o(.text)
    .text                                    0x000001fc   Section        0  iusefp.o(.text)
    .text                                    0x000001fc   Section        0  dadd.o(.text)
    .text                                    0x00000360   Section        0  dmul.o(.text)
    .text                                    0x00000430   Section        0  ddiv.o(.text)
    .text                                    0x00000520   Section        0  dfixul.o(.text)
    .text                                    0x00000560   Section       40  cdrcmple.o(.text)
    .text                                    0x00000588   Section       36  init.o(.text)
    .text                                    0x000005ac   Section        0  llshl.o(.text)
    .text                                    0x000005cc   Section        0  llushr.o(.text)
    .text                                    0x000005ee   Section        0  llsshr.o(.text)
    .text                                    0x00000614   Section        0  depilogue.o(.text)
    .text                                    0x000006d2   Section        0  __dczerorl2.o(.text)
    i.C_HardFault_Handler                    0x00000728   Section        0  hardfault_handler.o(i.C_HardFault_Handler)
    __tagsym$$used                           0x00000729   Number         0  hardfault_handler.o(i.C_HardFault_Handler)
    i.NVIC_DisableIRQ                        0x0000072c   Section        0  irq_va108xx.o(i.NVIC_DisableIRQ)
    NVIC_DisableIRQ                          0x0000072d   Thumb Code    14  irq_va108xx.o(i.NVIC_DisableIRQ)
    i.NVIC_EnableIRQ                         0x00000740   Section        0  irq_va108xx.o(i.NVIC_EnableIRQ)
    NVIC_EnableIRQ                           0x00000741   Thumb Code    14  irq_va108xx.o(i.NVIC_EnableIRQ)
    i.NVIC_SetPriority                       0x00000754   Section        0  irq_va108xx.o(i.NVIC_SetPriority)
    NVIC_SetPriority                         0x00000755   Thumb Code    60  irq_va108xx.o(i.NVIC_SetPriority)
    i.SEGGER_RTT_ConfigUpBuffer              0x00000798   Section        0  segger_rtt.o(i.SEGGER_RTT_ConfigUpBuffer)
    i.SEGGER_RTT_Init                        0x000007e4   Section        0  segger_rtt.o(i.SEGGER_RTT_Init)
    i.SEGGER_RTT_Write                       0x000007f8   Section        0  segger_rtt.o(i.SEGGER_RTT_Write)
    i.SEGGER_RTT_WriteNoLock                 0x0000081c   Section        0  segger_rtt.o(i.SEGGER_RTT_WriteNoLock)
    i.SEGGER_RTT_printf                      0x00000878   Section        0  segger_rtt_printf.o(i.SEGGER_RTT_printf)
    i.SEGGER_RTT_vprintf                     0x00000890   Section        0  segger_rtt_printf.o(i.SEGGER_RTT_vprintf)
    i.SystemInit                             0x00000a24   Section        0  system_va108xx.o(i.SystemInit)
    i.VOR_ADT75_GetTemp                      0x00000a34   Section        0  reb_adt75.o(i.VOR_ADT75_GetTemp)
    i.VOR_ADT75_Initialize                   0x00000a74   Section        0  reb_adt75.o(i.VOR_ADT75_Initialize)
    i.VOR_Disable_Irq                        0x00000ab4   Section        0  irq_va108xx.o(i.VOR_Disable_Irq)
    i.VOR_Enable_Irq                         0x00000b38   Section        0  irq_va108xx.o(i.VOR_Enable_Irq)
    i.VOR_GPIO_PinMux                        0x00000c54   Section        0  driver.common.o(i.VOR_GPIO_PinMux)
    i.VOR_Get_ClockFreq                      0x00000c74   Section        0  driver.common.o(i.VOR_Get_ClockFreq)
    i.VOR_Get_SysTime                        0x00000c80   Section        0  driver.common.o(i.VOR_Get_SysTime)
    i.VOR_I2C0_Control                       0x00000c84   Section        0  i2c_drv_api.o(i.VOR_I2C0_Control)
    VOR_I2C0_Control                         0x00000c85   Thumb Code    10  i2c_drv_api.o(i.VOR_I2C0_Control)
    i.VOR_I2C0_GetDataCount                  0x00000c94   Section        0  i2c_drv_api.o(i.VOR_I2C0_GetDataCount)
    VOR_I2C0_GetDataCount                    0x00000c95   Thumb Code    10  i2c_drv_api.o(i.VOR_I2C0_GetDataCount)
    i.VOR_I2C0_GetStatus                     0x00000ca4   Section        0  i2c_drv_api.o(i.VOR_I2C0_GetStatus)
    VOR_I2C0_GetStatus                       0x00000ca5   Thumb Code    10  i2c_drv_api.o(i.VOR_I2C0_GetStatus)
    i.VOR_I2C0_Initialize                    0x00000cb4   Section        0  i2c_drv_api.o(i.VOR_I2C0_Initialize)
    VOR_I2C0_Initialize                      0x00000cb5   Thumb Code    10  i2c_drv_api.o(i.VOR_I2C0_Initialize)
    i.VOR_I2C0_MS_IRQHandler                 0x00000cc4   Section        0  i2c_drv_api.o(i.VOR_I2C0_MS_IRQHandler)
    i.VOR_I2C0_MasterReceive                 0x00000cd4   Section        0  i2c_drv_api.o(i.VOR_I2C0_MasterReceive)
    VOR_I2C0_MasterReceive                   0x00000cd5   Thumb Code    12  i2c_drv_api.o(i.VOR_I2C0_MasterReceive)
    i.VOR_I2C0_MasterTransmit                0x00000ce4   Section        0  i2c_drv_api.o(i.VOR_I2C0_MasterTransmit)
    VOR_I2C0_MasterTransmit                  0x00000ce5   Thumb Code    12  i2c_drv_api.o(i.VOR_I2C0_MasterTransmit)
    i.VOR_I2C0_SL_IRQHandler                 0x00000cf4   Section        0  i2c_drv_api.o(i.VOR_I2C0_SL_IRQHandler)
    i.VOR_I2C0_SlaveReceive                  0x00000d04   Section        0  i2c_drv_api.o(i.VOR_I2C0_SlaveReceive)
    VOR_I2C0_SlaveReceive                    0x00000d05   Thumb Code    10  i2c_drv_api.o(i.VOR_I2C0_SlaveReceive)
    i.VOR_I2C0_SlaveTransmit                 0x00000d14   Section        0  i2c_drv_api.o(i.VOR_I2C0_SlaveTransmit)
    VOR_I2C0_SlaveTransmit                   0x00000d15   Thumb Code    10  i2c_drv_api.o(i.VOR_I2C0_SlaveTransmit)
    i.VOR_I2C0_Uninitialize                  0x00000d24   Section        0  i2c_drv_api.o(i.VOR_I2C0_Uninitialize)
    VOR_I2C0_Uninitialize                    0x00000d25   Thumb Code    10  i2c_drv_api.o(i.VOR_I2C0_Uninitialize)
    i.VOR_I2C1_Control                       0x00000d34   Section        0  i2c_drv_api.o(i.VOR_I2C1_Control)
    VOR_I2C1_Control                         0x00000d35   Thumb Code    10  i2c_drv_api.o(i.VOR_I2C1_Control)
    i.VOR_I2C1_GetDataCount                  0x00000d44   Section        0  i2c_drv_api.o(i.VOR_I2C1_GetDataCount)
    VOR_I2C1_GetDataCount                    0x00000d45   Thumb Code    10  i2c_drv_api.o(i.VOR_I2C1_GetDataCount)
    i.VOR_I2C1_GetStatus                     0x00000d54   Section        0  i2c_drv_api.o(i.VOR_I2C1_GetStatus)
    VOR_I2C1_GetStatus                       0x00000d55   Thumb Code    10  i2c_drv_api.o(i.VOR_I2C1_GetStatus)
    i.VOR_I2C1_Initialize                    0x00000d64   Section        0  i2c_drv_api.o(i.VOR_I2C1_Initialize)
    VOR_I2C1_Initialize                      0x00000d65   Thumb Code    10  i2c_drv_api.o(i.VOR_I2C1_Initialize)
    i.VOR_I2C1_MS_IRQHandler                 0x00000d74   Section        0  i2c_drv_api.o(i.VOR_I2C1_MS_IRQHandler)
    i.VOR_I2C1_MasterReceive                 0x00000d84   Section        0  i2c_drv_api.o(i.VOR_I2C1_MasterReceive)
    VOR_I2C1_MasterReceive                   0x00000d85   Thumb Code    12  i2c_drv_api.o(i.VOR_I2C1_MasterReceive)
    i.VOR_I2C1_MasterTransmit                0x00000d94   Section        0  i2c_drv_api.o(i.VOR_I2C1_MasterTransmit)
    VOR_I2C1_MasterTransmit                  0x00000d95   Thumb Code    12  i2c_drv_api.o(i.VOR_I2C1_MasterTransmit)
    i.VOR_I2C1_SL_IRQHandler                 0x00000da4   Section        0  i2c_drv_api.o(i.VOR_I2C1_SL_IRQHandler)
    i.VOR_I2C1_SlaveReceive                  0x00000db4   Section        0  i2c_drv_api.o(i.VOR_I2C1_SlaveReceive)
    VOR_I2C1_SlaveReceive                    0x00000db5   Thumb Code    10  i2c_drv_api.o(i.VOR_I2C1_SlaveReceive)
    i.VOR_I2C1_SlaveTransmit                 0x00000dc4   Section        0  i2c_drv_api.o(i.VOR_I2C1_SlaveTransmit)
    VOR_I2C1_SlaveTransmit                   0x00000dc5   Thumb Code    10  i2c_drv_api.o(i.VOR_I2C1_SlaveTransmit)
    i.VOR_I2C1_Uninitialize                  0x00000dd4   Section        0  i2c_drv_api.o(i.VOR_I2C1_Uninitialize)
    VOR_I2C1_Uninitialize                    0x00000dd5   Thumb Code    10  i2c_drv_api.o(i.VOR_I2C1_Uninitialize)
    i.VOR_I2C_Control                        0x00000de4   Section        0  i2c_va108xx.o(i.VOR_I2C_Control)
    i.VOR_I2C_GetDataCount                   0x00000ed0   Section        0  i2c_va108xx.o(i.VOR_I2C_GetDataCount)
    i.VOR_I2C_GetStatus                      0x00000ee0   Section        0  i2c_va108xx.o(i.VOR_I2C_GetStatus)
    i.VOR_I2C_Initialize                     0x0000100c   Section        0  i2c_va108xx.o(i.VOR_I2C_Initialize)
    i.VOR_I2C_MasterHandler                  0x00001048   Section        0  i2c_va108xx.o(i.VOR_I2C_MasterHandler)
    i.VOR_I2C_MasterReceive                  0x000011bc   Section        0  i2c_va108xx.o(i.VOR_I2C_MasterReceive)
    i.VOR_I2C_MasterTransmit                 0x000012d4   Section        0  i2c_va108xx.o(i.VOR_I2C_MasterTransmit)
    i.VOR_I2C_Setup                          0x0000143c   Section        0  i2c_va108xx.o(i.VOR_I2C_Setup)
    VOR_I2C_Setup                            0x0000143d   Thumb Code   386  i2c_va108xx.o(i.VOR_I2C_Setup)
    i.VOR_I2C_SlaveHandler                   0x000015c0   Section        0  i2c_va108xx.o(i.VOR_I2C_SlaveHandler)
    i.VOR_I2C_SlaveReceive                   0x00001750   Section        0  i2c_va108xx.o(i.VOR_I2C_SlaveReceive)
    i.VOR_I2C_SlaveTransmit                  0x0000185c   Section        0  i2c_va108xx.o(i.VOR_I2C_SlaveTransmit)
    i.VOR_I2C_Stop                           0x000019e4   Section        0  i2c_va108xx.o(i.VOR_I2C_Stop)
    VOR_I2C_Stop                             0x000019e5   Thumb Code    94  i2c_va108xx.o(i.VOR_I2C_Stop)
    i.VOR_I2C_Uninitialize                   0x00001a44   Section        0  i2c_va108xx.o(i.VOR_I2C_Uninitialize)
    i.VOR_I2C_abort_transfer                 0x00001a64   Section        0  i2c_va108xx.o(i.VOR_I2C_abort_transfer)
    i.VOR_I2Cx_GetVersion                    0x00001ab0   Section        0  i2c_va108xx.o(i.VOR_I2Cx_GetVersion)
    i.VOR_Log                                0x00001ac8   Section        0  reb_log.o(i.VOR_Log)
    i.VOR_Log_Init                           0x00001b24   Section        0  reb_log.o(i.VOR_Log_Init)
    i.VOR_MAX11619_Configure                 0x00001b44   Section        0  reb_max11619.o(i.VOR_MAX11619_Configure)
    i.VOR_MAX11619_GetData                   0x00001b9c   Section        0  reb_max11619.o(i.VOR_MAX11619_GetData)
    i.VOR_MAX11619_Initialize                0x00001bd8   Section        0  reb_max11619.o(i.VOR_MAX11619_Initialize)
    i.VOR_SPI0_Control                       0x00001c8c   Section        0  spi_drv_api.o(i.VOR_SPI0_Control)
    VOR_SPI0_Control                         0x00001c8d   Thumb Code    10  spi_drv_api.o(i.VOR_SPI0_Control)
    i.VOR_SPI0_GetRxCount                    0x00001c9c   Section        0  spi_drv_api.o(i.VOR_SPI0_GetRxCount)
    VOR_SPI0_GetRxCount                      0x00001c9d   Thumb Code    10  spi_drv_api.o(i.VOR_SPI0_GetRxCount)
    i.VOR_SPI0_GetStatus                     0x00001cac   Section        0  spi_drv_api.o(i.VOR_SPI0_GetStatus)
    VOR_SPI0_GetStatus                       0x00001cad   Thumb Code    10  spi_drv_api.o(i.VOR_SPI0_GetStatus)
    i.VOR_SPI0_GetTxCount                    0x00001cbc   Section        0  spi_drv_api.o(i.VOR_SPI0_GetTxCount)
    VOR_SPI0_GetTxCount                      0x00001cbd   Thumb Code    10  spi_drv_api.o(i.VOR_SPI0_GetTxCount)
    i.VOR_SPI0_IRQHandler                    0x00001ccc   Section        0  spi_drv_api.o(i.VOR_SPI0_IRQHandler)
    i.VOR_SPI0_Initialize                    0x00001cdc   Section        0  spi_drv_api.o(i.VOR_SPI0_Initialize)
    VOR_SPI0_Initialize                      0x00001cdd   Thumb Code    10  spi_drv_api.o(i.VOR_SPI0_Initialize)
    i.VOR_SPI0_Receive                       0x00001cec   Section        0  spi_drv_api.o(i.VOR_SPI0_Receive)
    VOR_SPI0_Receive                         0x00001ced   Thumb Code    10  spi_drv_api.o(i.VOR_SPI0_Receive)
    i.VOR_SPI0_Send                          0x00001cfc   Section        0  spi_drv_api.o(i.VOR_SPI0_Send)
    VOR_SPI0_Send                            0x00001cfd   Thumb Code    10  spi_drv_api.o(i.VOR_SPI0_Send)
    i.VOR_SPI0_Transfer                      0x00001d0c   Section        0  spi_drv_api.o(i.VOR_SPI0_Transfer)
    VOR_SPI0_Transfer                        0x00001d0d   Thumb Code    10  spi_drv_api.o(i.VOR_SPI0_Transfer)
    i.VOR_SPI0_Uninitialize                  0x00001d1c   Section        0  spi_drv_api.o(i.VOR_SPI0_Uninitialize)
    VOR_SPI0_Uninitialize                    0x00001d1d   Thumb Code    10  spi_drv_api.o(i.VOR_SPI0_Uninitialize)
    i.VOR_SPI1_Control                       0x00001d2c   Section        0  spi_drv_api.o(i.VOR_SPI1_Control)
    VOR_SPI1_Control                         0x00001d2d   Thumb Code    10  spi_drv_api.o(i.VOR_SPI1_Control)
    i.VOR_SPI1_GetRxCount                    0x00001d3c   Section        0  spi_drv_api.o(i.VOR_SPI1_GetRxCount)
    VOR_SPI1_GetRxCount                      0x00001d3d   Thumb Code    10  spi_drv_api.o(i.VOR_SPI1_GetRxCount)
    i.VOR_SPI1_GetStatus                     0x00001d4c   Section        0  spi_drv_api.o(i.VOR_SPI1_GetStatus)
    VOR_SPI1_GetStatus                       0x00001d4d   Thumb Code    10  spi_drv_api.o(i.VOR_SPI1_GetStatus)
    i.VOR_SPI1_GetTxCount                    0x00001d5c   Section        0  spi_drv_api.o(i.VOR_SPI1_GetTxCount)
    VOR_SPI1_GetTxCount                      0x00001d5d   Thumb Code    10  spi_drv_api.o(i.VOR_SPI1_GetTxCount)
    i.VOR_SPI1_IRQHandler                    0x00001d6c   Section        0  spi_drv_api.o(i.VOR_SPI1_IRQHandler)
    i.VOR_SPI1_Initialize                    0x00001d7c   Section        0  spi_drv_api.o(i.VOR_SPI1_Initialize)
    VOR_SPI1_Initialize                      0x00001d7d   Thumb Code    10  spi_drv_api.o(i.VOR_SPI1_Initialize)
    i.VOR_SPI1_Receive                       0x00001d8c   Section        0  spi_drv_api.o(i.VOR_SPI1_Receive)
    VOR_SPI1_Receive                         0x00001d8d   Thumb Code    10  spi_drv_api.o(i.VOR_SPI1_Receive)
    i.VOR_SPI1_Send                          0x00001d9c   Section        0  spi_drv_api.o(i.VOR_SPI1_Send)
    VOR_SPI1_Send                            0x00001d9d   Thumb Code    10  spi_drv_api.o(i.VOR_SPI1_Send)
    i.VOR_SPI1_Transfer                      0x00001dac   Section        0  spi_drv_api.o(i.VOR_SPI1_Transfer)
    VOR_SPI1_Transfer                        0x00001dad   Thumb Code    10  spi_drv_api.o(i.VOR_SPI1_Transfer)
    i.VOR_SPI1_Uninitialize                  0x00001dbc   Section        0  spi_drv_api.o(i.VOR_SPI1_Uninitialize)
    VOR_SPI1_Uninitialize                    0x00001dbd   Thumb Code    10  spi_drv_api.o(i.VOR_SPI1_Uninitialize)
    i.VOR_SPI2_Control                       0x00001dcc   Section        0  spi_drv_api.o(i.VOR_SPI2_Control)
    VOR_SPI2_Control                         0x00001dcd   Thumb Code    10  spi_drv_api.o(i.VOR_SPI2_Control)
    i.VOR_SPI2_GetRxCount                    0x00001ddc   Section        0  spi_drv_api.o(i.VOR_SPI2_GetRxCount)
    VOR_SPI2_GetRxCount                      0x00001ddd   Thumb Code    10  spi_drv_api.o(i.VOR_SPI2_GetRxCount)
    i.VOR_SPI2_GetStatus                     0x00001dec   Section        0  spi_drv_api.o(i.VOR_SPI2_GetStatus)
    VOR_SPI2_GetStatus                       0x00001ded   Thumb Code    10  spi_drv_api.o(i.VOR_SPI2_GetStatus)
    i.VOR_SPI2_GetTxCount                    0x00001dfc   Section        0  spi_drv_api.o(i.VOR_SPI2_GetTxCount)
    VOR_SPI2_GetTxCount                      0x00001dfd   Thumb Code    10  spi_drv_api.o(i.VOR_SPI2_GetTxCount)
    i.VOR_SPI2_IRQHandler                    0x00001e0c   Section        0  spi_drv_api.o(i.VOR_SPI2_IRQHandler)
    i.VOR_SPI2_Initialize                    0x00001e1c   Section        0  spi_drv_api.o(i.VOR_SPI2_Initialize)
    VOR_SPI2_Initialize                      0x00001e1d   Thumb Code    10  spi_drv_api.o(i.VOR_SPI2_Initialize)
    i.VOR_SPI2_Receive                       0x00001e2c   Section        0  spi_drv_api.o(i.VOR_SPI2_Receive)
    VOR_SPI2_Receive                         0x00001e2d   Thumb Code    10  spi_drv_api.o(i.VOR_SPI2_Receive)
    i.VOR_SPI2_Send                          0x00001e3c   Section        0  spi_drv_api.o(i.VOR_SPI2_Send)
    VOR_SPI2_Send                            0x00001e3d   Thumb Code    10  spi_drv_api.o(i.VOR_SPI2_Send)
    i.VOR_SPI2_Transfer                      0x00001e4c   Section        0  spi_drv_api.o(i.VOR_SPI2_Transfer)
    VOR_SPI2_Transfer                        0x00001e4d   Thumb Code    10  spi_drv_api.o(i.VOR_SPI2_Transfer)
    i.VOR_SPI2_Uninitialize                  0x00001e5c   Section        0  spi_drv_api.o(i.VOR_SPI2_Uninitialize)
    VOR_SPI2_Uninitialize                    0x00001e5d   Thumb Code    10  spi_drv_api.o(i.VOR_SPI2_Uninitialize)
    i.VOR_SPI_CTRL_ENABLE_BLOCKMODE_OPR      0x00001e6c   Section        0  spi_va108xx.o(i.VOR_SPI_CTRL_ENABLE_BLOCKMODE_OPR)
    i.VOR_SPI_CTRL_SLAVE_OP_DISABLEMODE      0x00001e90   Section        0  spi_va108xx.o(i.VOR_SPI_CTRL_SLAVE_OP_DISABLEMODE)
    i.VOR_SPI_Control                        0x00001eb4   Section        0  spi_va108xx.o(i.VOR_SPI_Control)
    i.VOR_SPI_ENABLE_INTERFACE               0x00001f62   Section        0  spi_va108xx.o(i.VOR_SPI_ENABLE_INTERFACE)
    i.VOR_SPI_GetRxCount                     0x00001f86   Section        0  spi_va108xx.o(i.VOR_SPI_GetRxCount)
    i.VOR_SPI_GetStatus                      0x00001f8a   Section        0  spi_va108xx.o(i.VOR_SPI_GetStatus)
    i.VOR_SPI_GetTxCount                     0x00002024   Section        0  spi_va108xx.o(i.VOR_SPI_GetTxCount)
    i.VOR_SPI_Initialize                     0x00002028   Section        0  spi_va108xx.o(i.VOR_SPI_Initialize)
    i.VOR_SPI_IrqHandler                     0x00002064   Section        0  spi_va108xx.o(i.VOR_SPI_IrqHandler)
    i.VOR_SPI_Receive                        0x0000217c   Section        0  spi_va108xx.o(i.VOR_SPI_Receive)
    i.VOR_SPI_SET_CTRL_SIZE_OPR              0x00002254   Section        0  spi_va108xx.o(i.VOR_SPI_SET_CTRL_SIZE_OPR)
    i.VOR_SPI_SET_Clock_Mode                 0x00002276   Section        0  spi_va108xx.o(i.VOR_SPI_SET_Clock_Mode)
    i.VOR_SPI_SET_Clock_Rate                 0x000022a0   Section        0  spi_va108xx.o(i.VOR_SPI_SET_Clock_Rate)
    i.VOR_SPI_SET_LOOPBACKMODE               0x000022f2   Section        0  spi_va108xx.o(i.VOR_SPI_SET_LOOPBACKMODE)
    i.VOR_SPI_SET_RX_FIFOTRG                 0x00002318   Section        0  spi_va108xx.o(i.VOR_SPI_SET_RX_FIFOTRG)
    i.VOR_SPI_SET_SLAVEMODE                  0x0000232e   Section        0  spi_va108xx.o(i.VOR_SPI_SET_SLAVEMODE)
    i.VOR_SPI_SET_TX_FIFOTRG                 0x00002356   Section        0  spi_va108xx.o(i.VOR_SPI_SET_TX_FIFOTRG)
    i.VOR_SPI_SLAVE_SELECT_OPR               0x0000236c   Section        0  spi_va108xx.o(i.VOR_SPI_SLAVE_SELECT_OPR)
    i.VOR_SPI_Send                           0x0000238c   Section        0  spi_va108xx.o(i.VOR_SPI_Send)
    i.VOR_SPI_Transfer                       0x00002428   Section        0  spi_va108xx.o(i.VOR_SPI_Transfer)
    i.VOR_SPI_Uninitialize                   0x00002540   Section        0  spi_va108xx.o(i.VOR_SPI_Uninitialize)
    i.VOR_SPI_abort_transfer                 0x0000256c   Section        0  spi_va108xx.o(i.VOR_SPI_abort_transfer)
    i.VOR_SPIx_GetVersion                    0x00002590   Section        0  spi_va108xx.o(i.VOR_SPIx_GetVersion)
    i.VOR_Sleep                              0x000025a8   Section        0  driver.common.o(i.VOR_Sleep)
    i.VOR_TIM0_IRQHandler                    0x000025d0   Section        0  reb_timer.o(i.VOR_TIM0_IRQHandler)
    i.VOR_TIM0_MSecClear                     0x000025f0   Section        0  reb_timer.o(i.VOR_TIM0_MSecClear)
    i.VOR_TIM0_MSecExpired                   0x000025fc   Section        0  reb_timer.o(i.VOR_TIM0_MSecExpired)
    i.VOR_TIM0_MSecInitialize                0x00002608   Section        0  reb_timer.o(i.VOR_TIM0_MSecInitialize)
    i.VOR_TIM1_IRQHandler                    0x00002650   Section        0  reb_timer.o(i.VOR_TIM1_IRQHandler)
    i.VOR_TIM1_SecClear                      0x00002670   Section        0  reb_timer.o(i.VOR_TIM1_SecClear)
    i.VOR_TIM1_SecExpired                    0x0000267c   Section        0  reb_timer.o(i.VOR_TIM1_SecExpired)
    i.VOR_TIM1_SecInitialize                 0x00002688   Section        0  reb_timer.o(i.VOR_TIM1_SecInitialize)
    i._DoInit                                0x000026c8   Section        0  segger_rtt.o(i._DoInit)
    _DoInit                                  0x000026c9   Thumb Code   112  segger_rtt.o(i._DoInit)
    i._GetAvailWriteSpace                    0x0000276c   Section        0  segger_rtt.o(i._GetAvailWriteSpace)
    _GetAvailWriteSpace                      0x0000276d   Thumb Code    22  segger_rtt.o(i._GetAvailWriteSpace)
    i._PrintInt                              0x00002782   Section        0  segger_rtt_printf.o(i._PrintInt)
    _PrintInt                                0x00002783   Thumb Code   200  segger_rtt_printf.o(i._PrintInt)
    i._PrintUnsigned                         0x0000284c   Section        0  segger_rtt_printf.o(i._PrintUnsigned)
    _PrintUnsigned                           0x0000284d   Thumb Code   210  segger_rtt_printf.o(i._PrintUnsigned)
    i._StoreChar                             0x00002924   Section        0  segger_rtt_printf.o(i._StoreChar)
    _StoreChar                               0x00002925   Thumb Code    62  segger_rtt_printf.o(i._StoreChar)
    i._WriteBlocking                         0x00002962   Section        0  segger_rtt.o(i._WriteBlocking)
    _WriteBlocking                           0x00002963   Thumb Code    96  segger_rtt.o(i._WriteBlocking)
    i._WriteNoCheck                          0x000029c2   Section        0  segger_rtt.o(i._WriteNoCheck)
    _WriteNoCheck                            0x000029c3   Thumb Code    60  segger_rtt.o(i._WriteNoCheck)
    i.__0sprintf$bare                        0x00002a00   Section        0  printfb.o(i.__0sprintf$bare)
    i.__0vsnprintf                           0x00002a28   Section        0  printfa.o(i.__0vsnprintf)
    i.__ARM_clz                              0x00002a4c   Section        0  depilogue.o(i.__ARM_clz)
    i.__ARM_common_switch8                   0x00002a7a   Section        0  irq_va108xx.o(i.__ARM_common_switch8)
    i.__scatterload_copy                     0x00002a94   Section       14  handlers.o(i.__scatterload_copy)
    i.__scatterload_null                     0x00002aa2   Section        2  handlers.o(i.__scatterload_null)
    i.__scatterload_zeroinit                 0x00002aa4   Section       14  handlers.o(i.__scatterload_zeroinit)
    i._fp_digits                             0x00002ab4   Section        0  printfa.o(i._fp_digits)
    _fp_digits                               0x00002ab5   Thumb Code   316  printfa.o(i._fp_digits)
    i._printf_core                           0x00002c0c   Section        0  printfb.o(i._printf_core)
    _printf_core                             0x00002c0d   Thumb Code    30  printfb.o(i._printf_core)
    i._printf_core                           0x00002c2c   Section        0  printfa.o(i._printf_core)
    _printf_core                             0x00002c2d   Thumb Code  1754  printfa.o(i._printf_core)
    i._printf_post_padding                   0x00003318   Section        0  printfa.o(i._printf_post_padding)
    _printf_post_padding                     0x00003319   Thumb Code    32  printfa.o(i._printf_post_padding)
    i._printf_pre_padding                    0x00003338   Section        0  printfa.o(i._printf_pre_padding)
    _printf_pre_padding                      0x00003339   Thumb Code    44  printfa.o(i._printf_pre_padding)
    i._snputc                                0x00003364   Section        0  printfa.o(i._snputc)
    _snputc                                  0x00003365   Thumb Code    22  printfa.o(i._snputc)
    i._sputc                                 0x0000337a   Section        0  printfb.o(i._sputc)
    _sputc                                   0x0000337b   Thumb Code    10  printfb.o(i._sputc)
    i.main                                   0x00003384   Section        0  reb_main.o(i.main)
    .constdata                               0x000036ac   Section        4  i2c_va108xx.o(.constdata)
    i2c_driver_version                       0x000036ac   Data           4  i2c_va108xx.o(.constdata)
    .constdata                               0x000036b0   Section        4  spi_va108xx.o(.constdata)
    DriverVersion                            0x000036b0   Data           4  spi_va108xx.o(.constdata)
    .constdata                               0x000036b4   Section       16  segger_rtt_printf.o(.constdata)
    _aV2C                                    0x000036b4   Data          16  segger_rtt_printf.o(.constdata)
    .data                                    0x10000000   Section        4  system_va108xx.o(.data)
    .data                                    0x10000004   Section       40  i2c_drv_api.o(.data)
    .data                                    0x1000002c   Section       40  i2c_drv_api.o(.data)
    .data                                    0x10000054   Section      232  i2c_va108xx.o(.data)
    .data                                    0x1000013c   Section      232  i2c_va108xx.o(.data)
    .data                                    0x10000224   Section       40  spi_drv_api.o(.data)
    .data                                    0x1000024c   Section       40  spi_drv_api.o(.data)
    .data                                    0x10000274   Section       40  spi_drv_api.o(.data)
    .data                                    0x1000029c   Section      220  spi_va108xx.o(.data)
    .data                                    0x10000378   Section      220  spi_va108xx.o(.data)
    .data                                    0x10000454   Section      220  spi_va108xx.o(.data)
    .data                                    0x10000530   Section        2  reb_log.o(.data)
    log_level                                0x10000530   Data           1  reb_log.o(.data)
    .data                                    0x10000532   Section        1  reb_main.o(.data)
    .data                                    0x10000534   Section        4  reb_max11619.o(.data)
    pSPI                                     0x10000534   Data           4  reb_max11619.o(.data)
    .data                                    0x10000538   Section        2  reb_timer.o(.data)
    msec_tim_timeout                         0x10000538   Data           1  reb_timer.o(.data)
    sec_tim_timeout                          0x10000539   Data           1  reb_timer.o(.data)
    .bss                                     0x1000053c   Section      100  reb_log.o(.bss)
    log_buff                                 0x1000053c   Data         100  reb_log.o(.bss)
    .bss                                     0x100005a0   Section     3104  segger_rtt.o(.bss)
    _acUpBuffer                              0x100005a0   Data        1024  segger_rtt.o(.bss)
    _acDownBuffer                            0x100009a0   Data          16  segger_rtt.o(.bss)
    _scopeUpBuffer                           0x100009b0   Data        2048  segger_rtt.o(.bss)
    _scopeDownBuffer                         0x100011b0   Data          16  segger_rtt.o(.bss)
    STACK                                    0x100011c0   Section     1024  startup_va108xx.o(STACK)
    .ARM.__at_0x10007000                     0x10007000   Section      168  segger_rtt.o(.ARM.__at_0x10007000)

    Global Symbols

    Symbol Name                              Value     Ov Type        Size  Object(Section)

    BuildAttributes$$THM_ISAv3M$S$PE$A:L22$X:L11$S22$IEEE1$IW$USESV6$~STKCKD$USESV7$~SHL$OSPACE$ROPI$EBA8$MICROLIB$REQ8$PRES8$EABIv2 0x00000000   Number         0  anon$$obj.o ABSOLUTE
    __ARM_use_no_argv                        0x00000000   Number         0  reb_main.o ABSOLUTE
    __Vectors                                0x00000000   Data           4  startup_va108xx.o(RESET)
    __use_no_errno                           0x00000000   Number         0  useno.o ABSOLUTE
    __use_no_exception_handling              0x00000000   Number         0  useno.o ABSOLUTE
    __use_no_fp                              0x00000000   Number         0  useno.o ABSOLUTE
    __use_no_heap                            0x00000000   Number         0  useno.o ABSOLUTE
    __use_no_heap_region                     0x00000000   Number         0  useno.o ABSOLUTE
    __use_no_semihosting                     0x00000000   Number         0  useno.o ABSOLUTE
    __use_no_semihosting_swi                 0x00000000   Number         0  useno.o ABSOLUTE
    __use_no_signal_handling                 0x00000000   Number         0  useno.o ABSOLUTE
    __cpp_initialize__aeabi_                  - Undefined Weak Reference
    __cxa_finalize                            - Undefined Weak Reference
    _clock_init                               - Undefined Weak Reference
    _microlib_exit                            - Undefined Weak Reference
    __Vectors_End                            0x000000c0   Data           0  startup_va108xx.o(RESET)
    __Vectors_Size                           0x000000c0   Number         0  startup_va108xx.o ABSOLUTE
    __main                                   0x000000c1   Thumb Code     0  entry.o(.ARM.Collect$$$$00000000)
    _main_stk                                0x000000c1   Thumb Code     0  entry2.o(.ARM.Collect$$$$00000001)
    _main_scatterload                        0x000000c5   Thumb Code     0  entry5.o(.ARM.Collect$$$$00000004)
    __main_after_scatterload                 0x000000c9   Thumb Code     0  entry5.o(.ARM.Collect$$$$00000004)
    _main_clock                              0x000000c9   Thumb Code     0  entry7b.o(.ARM.Collect$$$$00000008)
    _main_cpp_init                           0x000000c9   Thumb Code     0  entry8b.o(.ARM.Collect$$$$0000000A)
    _main_init                               0x000000c9   Thumb Code     0  entry9a.o(.ARM.Collect$$$$0000000B)
    __rt_final_cpp                           0x000000d1   Thumb Code     0  entry10a.o(.ARM.Collect$$$$0000000D)
    __rt_final_exit                          0x000000d1   Thumb Code     0  entry11a.o(.ARM.Collect$$$$0000000F)
    HardFault_Handler                        0x000000d5   Thumb Code    12  hardfault_handler.o(.emb_text)
    Reset_Handler                            0x000000e1   Thumb Code     8  startup_va108xx.o(.text)
    NMI_Handler                              0x000000e9   Thumb Code     2  startup_va108xx.o(.text)
    MemManage_Handler                        0x000000ed   Thumb Code     2  startup_va108xx.o(.text)
    BusFault_Handler                         0x000000ef   Thumb Code     2  startup_va108xx.o(.text)
    UsageFault_Handler                       0x000000f1   Thumb Code     2  startup_va108xx.o(.text)
    SVC_Handler                              0x000000f3   Thumb Code     2  startup_va108xx.o(.text)
    DebugMon_Handler                         0x000000f5   Thumb Code     2  startup_va108xx.o(.text)
    PendSV_Handler                           0x000000f7   Thumb Code     2  startup_va108xx.o(.text)
    SysTick_Handler                          0x000000f9   Thumb Code     2  startup_va108xx.o(.text)
    OC13_IRQHandler                          0x000000fb   Thumb Code     0  startup_va108xx.o(.text)
    OC14_IRQHandler                          0x000000fb   Thumb Code     0  startup_va108xx.o(.text)
    OC15_IRQHandler                          0x000000fb   Thumb Code     0  startup_va108xx.o(.text)
    OC16_IRQHandler                          0x000000fb   Thumb Code     0  startup_va108xx.o(.text)
    OC17_IRQHandler                          0x000000fb   Thumb Code     0  startup_va108xx.o(.text)
    OC18_IRQHandler                          0x000000fb   Thumb Code     0  startup_va108xx.o(.text)
    OC19_IRQHandler                          0x000000fb   Thumb Code     0  startup_va108xx.o(.text)
    OC20_IRQHandler                          0x000000fb   Thumb Code     0  startup_va108xx.o(.text)
    OC21_IRQHandler                          0x000000fb   Thumb Code     0  startup_va108xx.o(.text)
    OC22_IRQHandler                          0x000000fb   Thumb Code     0  startup_va108xx.o(.text)
    OC23_IRQHandler                          0x000000fb   Thumb Code     0  startup_va108xx.o(.text)
    OC24_IRQHandler                          0x000000fb   Thumb Code     0  startup_va108xx.o(.text)
    OC25_IRQHandler                          0x000000fb   Thumb Code     0  startup_va108xx.o(.text)
    OC26_IRQHandler                          0x000000fb   Thumb Code     0  startup_va108xx.o(.text)
    OC27_IRQHandler                          0x000000fb   Thumb Code     0  startup_va108xx.o(.text)
    OC28_IRQHandler                          0x000000fb   Thumb Code     0  startup_va108xx.o(.text)
    OC29_IRQHandler                          0x000000fb   Thumb Code     0  startup_va108xx.o(.text)
    OC2_IRQHandler                           0x000000fb   Thumb Code     0  startup_va108xx.o(.text)
    OC30_IRQHandler                          0x000000fb   Thumb Code     0  startup_va108xx.o(.text)
    OC31_IRQHandler                          0x000000fb   Thumb Code     0  startup_va108xx.o(.text)
    VOR_GPIO_IRQHandler                      0x000000fb   Thumb Code     0  startup_va108xx.o(.text)
    VOR_UART0_IRQHandler                     0x000000fb   Thumb Code     0  startup_va108xx.o(.text)
    VOR_UART1_IRQHandler                     0x000000fb   Thumb Code     0  startup_va108xx.o(.text)
    __aeabi_uidiv                            0x00000105   Thumb Code     0  uidiv.o(.text)
    __aeabi_uidivmod                         0x00000105   Thumb Code    44  uidiv.o(.text)
    __aeabi_idiv                             0x00000131   Thumb Code     0  idiv.o(.text)
    __aeabi_idivmod                          0x00000131   Thumb Code    40  idiv.o(.text)
    __aeabi_memcpy                           0x00000159   Thumb Code    36  memcpya.o(.text)
    __aeabi_memcpy4                          0x00000159   Thumb Code     0  memcpya.o(.text)
    __aeabi_memcpy8                          0x00000159   Thumb Code     0  memcpya.o(.text)
    strlen                                   0x0000017d   Thumb Code    14  strlen.o(.text)
    strcpy                                   0x0000018b   Thumb Code    18  strcpy.o(.text)
    __aeabi_uldivmod                         0x0000019d   Thumb Code    96  uldiv.o(.text)
    __I$use$fp                               0x000001fd   Thumb Code     0  iusefp.o(.text)
    __aeabi_dadd                             0x000001fd   Thumb Code   328  dadd.o(.text)
    __aeabi_dsub                             0x00000345   Thumb Code    12  dadd.o(.text)
    __aeabi_drsub                            0x00000351   Thumb Code    12  dadd.o(.text)
    __aeabi_dmul                             0x00000361   Thumb Code   202  dmul.o(.text)
    __aeabi_ddiv                             0x00000431   Thumb Code   234  ddiv.o(.text)
    __aeabi_d2ulz                            0x00000521   Thumb Code    54  dfixul.o(.text)
    __aeabi_cdrcmple                         0x00000561   Thumb Code    38  cdrcmple.o(.text)
    __scatterload                            0x00000589   Thumb Code    28  init.o(.text)
    __scatterload_rt2                        0x00000589   Thumb Code     0  init.o(.text)
    __aeabi_llsl                             0x000005ad   Thumb Code    32  llshl.o(.text)
    _ll_shift_l                              0x000005ad   Thumb Code     0  llshl.o(.text)
    __aeabi_llsr                             0x000005cd   Thumb Code    34  llushr.o(.text)
    _ll_ushift_r                             0x000005cd   Thumb Code     0  llushr.o(.text)
    __aeabi_lasr                             0x000005ef   Thumb Code    38  llsshr.o(.text)
    _ll_sshift_r                             0x000005ef   Thumb Code     0  llsshr.o(.text)
    _double_round                            0x00000615   Thumb Code    26  depilogue.o(.text)
    _double_epilogue                         0x0000062f   Thumb Code   164  depilogue.o(.text)
    __decompress                             0x000006d3   Thumb Code     0  __dczerorl2.o(.text)
    __decompress1                            0x000006d3   Thumb Code    86  __dczerorl2.o(.text)
    C_HardFault_Handler                      0x00000729   Thumb Code     2  hardfault_handler.o(i.C_HardFault_Handler)
    SEGGER_RTT_ConfigUpBuffer                0x00000799   Thumb Code    70  segger_rtt.o(i.SEGGER_RTT_ConfigUpBuffer)
    SEGGER_RTT_Init                          0x000007e5   Thumb Code    16  segger_rtt.o(i.SEGGER_RTT_Init)
    SEGGER_RTT_Write                         0x000007f9   Thumb Code    32  segger_rtt.o(i.SEGGER_RTT_Write)
    SEGGER_RTT_WriteNoLock                   0x0000081d   Thumb Code    86  segger_rtt.o(i.SEGGER_RTT_WriteNoLock)
    SEGGER_RTT_printf                        0x00000879   Thumb Code    24  segger_rtt_printf.o(i.SEGGER_RTT_printf)
    SEGGER_RTT_vprintf                       0x00000891   Thumb Code   404  segger_rtt_printf.o(i.SEGGER_RTT_vprintf)
    SystemInit                               0x00000a25   Thumb Code     8  system_va108xx.o(i.SystemInit)
    VOR_ADT75_GetTemp                        0x00000a35   Thumb Code    58  reb_adt75.o(i.VOR_ADT75_GetTemp)
    VOR_ADT75_Initialize                     0x00000a75   Thumb Code    56  reb_adt75.o(i.VOR_ADT75_Initialize)
    VOR_Disable_Irq                          0x00000ab5   Thumb Code   130  irq_va108xx.o(i.VOR_Disable_Irq)
    VOR_Enable_Irq                           0x00000b39   Thumb Code   274  irq_va108xx.o(i.VOR_Enable_Irq)
    VOR_GPIO_PinMux                          0x00000c55   Thumb Code    28  driver.common.o(i.VOR_GPIO_PinMux)
    VOR_Get_ClockFreq                        0x00000c75   Thumb Code     6  driver.common.o(i.VOR_Get_ClockFreq)
    VOR_Get_SysTime                          0x00000c81   Thumb Code     2  driver.common.o(i.VOR_Get_SysTime)
    VOR_I2C0_MS_IRQHandler                   0x00000cc5   Thumb Code    10  i2c_drv_api.o(i.VOR_I2C0_MS_IRQHandler)
    VOR_I2C0_SL_IRQHandler                   0x00000cf5   Thumb Code    10  i2c_drv_api.o(i.VOR_I2C0_SL_IRQHandler)
    VOR_I2C1_MS_IRQHandler                   0x00000d75   Thumb Code    10  i2c_drv_api.o(i.VOR_I2C1_MS_IRQHandler)
    VOR_I2C1_SL_IRQHandler                   0x00000da5   Thumb Code    10  i2c_drv_api.o(i.VOR_I2C1_SL_IRQHandler)
    VOR_I2C_Control                          0x00000de5   Thumb Code   226  i2c_va108xx.o(i.VOR_I2C_Control)
    VOR_I2C_GetDataCount                     0x00000ed1   Thumb Code    14  i2c_va108xx.o(i.VOR_I2C_GetDataCount)
    VOR_I2C_GetStatus                        0x00000ee1   Thumb Code   274  i2c_va108xx.o(i.VOR_I2C_GetStatus)
    VOR_I2C_Initialize                       0x0000100d   Thumb Code    54  i2c_va108xx.o(i.VOR_I2C_Initialize)
    VOR_I2C_MasterHandler                    0x00001049   Thumb Code   370  i2c_va108xx.o(i.VOR_I2C_MasterHandler)
    VOR_I2C_MasterReceive                    0x000011bd   Thumb Code   274  i2c_va108xx.o(i.VOR_I2C_MasterReceive)
    VOR_I2C_MasterTransmit                   0x000012d5   Thumb Code   354  i2c_va108xx.o(i.VOR_I2C_MasterTransmit)
    VOR_I2C_SlaveHandler                     0x000015c1   Thumb Code   396  i2c_va108xx.o(i.VOR_I2C_SlaveHandler)
    VOR_I2C_SlaveReceive                     0x00001751   Thumb Code   258  i2c_va108xx.o(i.VOR_I2C_SlaveReceive)
    VOR_I2C_SlaveTransmit                    0x0000185d   Thumb Code   382  i2c_va108xx.o(i.VOR_I2C_SlaveTransmit)
    VOR_I2C_Uninitialize                     0x00001a45   Thumb Code    28  i2c_va108xx.o(i.VOR_I2C_Uninitialize)
    VOR_I2C_abort_transfer                   0x00001a65   Thumb Code    74  i2c_va108xx.o(i.VOR_I2C_abort_transfer)
    VOR_I2Cx_GetVersion                      0x00001ab1   Thumb Code    18  i2c_va108xx.o(i.VOR_I2Cx_GetVersion)
    VOR_Log                                  0x00001ac9   Thumb Code    66  reb_log.o(i.VOR_Log)
    VOR_Log_Init                             0x00001b25   Thumb Code    28  reb_log.o(i.VOR_Log_Init)
    VOR_MAX11619_Configure                   0x00001b45   Thumb Code    82  reb_max11619.o(i.VOR_MAX11619_Configure)
    VOR_MAX11619_GetData                     0x00001b9d   Thumb Code    56  reb_max11619.o(i.VOR_MAX11619_GetData)
    VOR_MAX11619_Initialize                  0x00001bd9   Thumb Code   162  reb_max11619.o(i.VOR_MAX11619_Initialize)
    VOR_SPI0_IRQHandler                      0x00001ccd   Thumb Code    10  spi_drv_api.o(i.VOR_SPI0_IRQHandler)
    VOR_SPI1_IRQHandler                      0x00001d6d   Thumb Code    10  spi_drv_api.o(i.VOR_SPI1_IRQHandler)
    VOR_SPI2_IRQHandler                      0x00001e0d   Thumb Code    10  spi_drv_api.o(i.VOR_SPI2_IRQHandler)
    VOR_SPI_CTRL_ENABLE_BLOCKMODE_OPR        0x00001e6d   Thumb Code    36  spi_va108xx.o(i.VOR_SPI_CTRL_ENABLE_BLOCKMODE_OPR)
    VOR_SPI_CTRL_SLAVE_OP_DISABLEMODE        0x00001e91   Thumb Code    36  spi_va108xx.o(i.VOR_SPI_CTRL_SLAVE_OP_DISABLEMODE)
    VOR_SPI_Control                          0x00001eb5   Thumb Code   174  spi_va108xx.o(i.VOR_SPI_Control)
    VOR_SPI_ENABLE_INTERFACE                 0x00001f63   Thumb Code    36  spi_va108xx.o(i.VOR_SPI_ENABLE_INTERFACE)
    VOR_SPI_GetRxCount                       0x00001f87   Thumb Code     4  spi_va108xx.o(i.VOR_SPI_GetRxCount)
    VOR_SPI_GetStatus                        0x00001f8b   Thumb Code   154  spi_va108xx.o(i.VOR_SPI_GetStatus)
    VOR_SPI_GetTxCount                       0x00002025   Thumb Code     4  spi_va108xx.o(i.VOR_SPI_GetTxCount)
    VOR_SPI_Initialize                       0x00002029   Thumb Code    56  spi_va108xx.o(i.VOR_SPI_Initialize)
    VOR_SPI_IrqHandler                       0x00002065   Thumb Code   280  spi_va108xx.o(i.VOR_SPI_IrqHandler)
    VOR_SPI_Receive                          0x0000217d   Thumb Code   216  spi_va108xx.o(i.VOR_SPI_Receive)
    VOR_SPI_SET_CTRL_SIZE_OPR                0x00002255   Thumb Code    34  spi_va108xx.o(i.VOR_SPI_SET_CTRL_SIZE_OPR)
    VOR_SPI_SET_Clock_Mode                   0x00002277   Thumb Code    42  spi_va108xx.o(i.VOR_SPI_SET_Clock_Mode)
    VOR_SPI_SET_Clock_Rate                   0x000022a1   Thumb Code    82  spi_va108xx.o(i.VOR_SPI_SET_Clock_Rate)
    VOR_SPI_SET_LOOPBACKMODE                 0x000022f3   Thumb Code    38  spi_va108xx.o(i.VOR_SPI_SET_LOOPBACKMODE)
    VOR_SPI_SET_RX_FIFOTRG                   0x00002319   Thumb Code    22  spi_va108xx.o(i.VOR_SPI_SET_RX_FIFOTRG)
    VOR_SPI_SET_SLAVEMODE                    0x0000232f   Thumb Code    40  spi_va108xx.o(i.VOR_SPI_SET_SLAVEMODE)
    VOR_SPI_SET_TX_FIFOTRG                   0x00002357   Thumb Code    22  spi_va108xx.o(i.VOR_SPI_SET_TX_FIFOTRG)
    VOR_SPI_SLAVE_SELECT_OPR                 0x0000236d   Thumb Code    30  spi_va108xx.o(i.VOR_SPI_SLAVE_SELECT_OPR)
    VOR_SPI_Send                             0x0000238d   Thumb Code   152  spi_va108xx.o(i.VOR_SPI_Send)
    VOR_SPI_Transfer                         0x00002429   Thumb Code   280  spi_va108xx.o(i.VOR_SPI_Transfer)
    VOR_SPI_Uninitialize                     0x00002541   Thumb Code    40  spi_va108xx.o(i.VOR_SPI_Uninitialize)
    VOR_SPI_abort_transfer                   0x0000256d   Thumb Code    34  spi_va108xx.o(i.VOR_SPI_abort_transfer)
    VOR_SPIx_GetVersion                      0x00002591   Thumb Code    18  spi_va108xx.o(i.VOR_SPIx_GetVersion)
    VOR_Sleep                                0x000025a9   Thumb Code    30  driver.common.o(i.VOR_Sleep)
    VOR_TIM0_IRQHandler                      0x000025d1   Thumb Code    26  reb_timer.o(i.VOR_TIM0_IRQHandler)
    VOR_TIM0_MSecClear                       0x000025f1   Thumb Code     8  reb_timer.o(i.VOR_TIM0_MSecClear)
    VOR_TIM0_MSecExpired                     0x000025fd   Thumb Code     6  reb_timer.o(i.VOR_TIM0_MSecExpired)
    VOR_TIM0_MSecInitialize                  0x00002609   Thumb Code    60  reb_timer.o(i.VOR_TIM0_MSecInitialize)
    VOR_TIM1_IRQHandler                      0x00002651   Thumb Code    26  reb_timer.o(i.VOR_TIM1_IRQHandler)
    VOR_TIM1_SecClear                        0x00002671   Thumb Code     8  reb_timer.o(i.VOR_TIM1_SecClear)
    VOR_TIM1_SecExpired                      0x0000267d   Thumb Code     6  reb_timer.o(i.VOR_TIM1_SecExpired)
    VOR_TIM1_SecInitialize                   0x00002689   Thumb Code    52  reb_timer.o(i.VOR_TIM1_SecInitialize)
    __0sprintf$bare                          0x00002a01   Thumb Code    34  printfb.o(i.__0sprintf$bare)
    __1sprintf$bare                          0x00002a01   Thumb Code     0  printfb.o(i.__0sprintf$bare)
    __2sprintf                               0x00002a01   Thumb Code     0  printfb.o(i.__0sprintf$bare)
    __0vsnprintf                             0x00002a29   Thumb Code    32  printfa.o(i.__0vsnprintf)
    __1vsnprintf                             0x00002a29   Thumb Code     0  printfa.o(i.__0vsnprintf)
    __2vsnprintf                             0x00002a29   Thumb Code     0  printfa.o(i.__0vsnprintf)
    __c89vsnprintf                           0x00002a29   Thumb Code     0  printfa.o(i.__0vsnprintf)
    vsnprintf                                0x00002a29   Thumb Code     0  printfa.o(i.__0vsnprintf)
    __ARM_clz                                0x00002a4d   Thumb Code    46  depilogue.o(i.__ARM_clz)
    __ARM_common_switch8                     0x00002a7b   Thumb Code    26  irq_va108xx.o(i.__ARM_common_switch8)
    __scatterload_copy                       0x00002a95   Thumb Code    14  handlers.o(i.__scatterload_copy)
    __scatterload_null                       0x00002aa3   Thumb Code     2  handlers.o(i.__scatterload_null)
    __scatterload_zeroinit                   0x00002aa5   Thumb Code    14  handlers.o(i.__scatterload_zeroinit)
    main                                     0x00003385   Thumb Code   346  reb_main.o(i.main)
    Region$$Table$$Base                      0x000036c4   Number         0  anon$$obj.o(Region$$Table)
    Region$$Table$$Limit                     0x000036e4   Number         0  anon$$obj.o(Region$$Table)
    SystemCoreClock                          0x10000000   Data           4  system_va108xx.o(.data)
    Driver_I2C0                              0x10000004   Data          40  i2c_drv_api.o(.data)
    Driver_I2C1                              0x1000002c   Data          40  i2c_drv_api.o(.data)
    I2C0_Resources                           0x10000054   Data         232  i2c_va108xx.o(.data)
    I2C1_Resources                           0x1000013c   Data         232  i2c_va108xx.o(.data)
    Driver_SPI0                              0x10000224   Data          40  spi_drv_api.o(.data)
    Driver_SPI1                              0x1000024c   Data          40  spi_drv_api.o(.data)
    Driver_SPI2                              0x10000274   Data          40  spi_drv_api.o(.data)
    SPI0_Resources                           0x1000029c   Data         220  spi_va108xx.o(.data)
    SPI1_Resources                           0x10000378   Data         220  spi_va108xx.o(.data)
    SPI2_Resources                           0x10000454   Data         220  spi_va108xx.o(.data)
    port_type                                0x10000531   Data           1  reb_log.o(.data)
    bounce_cnt                               0x10000532   Data           1  reb_main.o(.data)
    __initial_sp                             0x100015c0   Data           0  startup_va108xx.o(STACK)
    _SEGGER_RTT                              0x10007000   Data         168  segger_rtt.o(.ARM.__at_0x10007000)



==============================================================================

Memory Map of the image

  Image Entry point : 0x000000e1

  Load Region LR_1 (Base: 0x00000000, Size: 0x00003c20, Max: 0xffffffff, ABSOLUTE, COMPRESSED[0x000037b0])

    Execution Region ER_RO (Base: 0x00000000, Size: 0x000036e4, Max: 0xffffffff, ABSOLUTE)

    Base Addr    Size         Type   Attr      Idx    E Section Name        Object

    0x00000000   0x000000c0   Data   RO          117    RESET               startup_va108xx.o
    0x000000c0   0x00000000   Code   RO         1429  * .ARM.Collect$$$$00000000  mc_p.l(entry.o)
    0x000000c0   0x00000004   Code   RO         1711    .ARM.Collect$$$$00000001  mc_p.l(entry2.o)
    0x000000c4   0x00000004   Code   RO         1714    .ARM.Collect$$$$00000004  mc_p.l(entry5.o)
    0x000000c8   0x00000000   Code   RO         1716    .ARM.Collect$$$$00000008  mc_p.l(entry7b.o)
    0x000000c8   0x00000000   Code   RO         1718    .ARM.Collect$$$$0000000A  mc_p.l(entry8b.o)
    0x000000c8   0x00000008   Code   RO         1719    .ARM.Collect$$$$0000000B  mc_p.l(entry9a.o)
    0x000000d0   0x00000000   Code   RO         1721    .ARM.Collect$$$$0000000D  mc_p.l(entry10a.o)
    0x000000d0   0x00000000   Code   RO         1723    .ARM.Collect$$$$0000000F  mc_p.l(entry11a.o)
    0x000000d0   0x00000004   Code   RO         1712    .ARM.Collect$$$$00002712  mc_p.l(entry2.o)
    0x000000d4   0x0000000c   Code   RO            3    .emb_text           hardfault_handler.o
    0x000000e0   0x00000024   Code   RO          118  * .text               startup_va108xx.o
    0x00000104   0x0000002c   Code   RO         1437    .text               mc_p.l(uidiv.o)
    0x00000130   0x00000028   Code   RO         1439    .text               mc_p.l(idiv.o)
    0x00000158   0x00000024   Code   RO         1441    .text               mc_p.l(memcpya.o)
    0x0000017c   0x0000000e   Code   RO         1443    .text               mc_p.l(strlen.o)
    0x0000018a   0x00000012   Code   RO         1447    .text               mc_p.l(strcpy.o)
    0x0000019c   0x00000060   Code   RO         1726    .text               mc_p.l(uldiv.o)
    0x000001fc   0x00000000   Code   RO         1728    .text               mc_p.l(iusefp.o)
    0x000001fc   0x00000164   Code   RO         1730    .text               mf_p.l(dadd.o)
    0x00000360   0x000000d0   Code   RO         1732    .text               mf_p.l(dmul.o)
    0x00000430   0x000000f0   Code   RO         1734    .text               mf_p.l(ddiv.o)
    0x00000520   0x00000040   Code   RO         1736    .text               mf_p.l(dfixul.o)
    0x00000560   0x00000028   Code   RO         1738    .text               mf_p.l(cdrcmple.o)
    0x00000588   0x00000024   Code   RO         1740    .text               mc_p.l(init.o)
    0x000005ac   0x00000020   Code   RO         1742    .text               mc_p.l(llshl.o)
    0x000005cc   0x00000022   Code   RO         1744    .text               mc_p.l(llushr.o)
    0x000005ee   0x00000026   Code   RO         1746    .text               mc_p.l(llsshr.o)
    0x00000614   0x000000be   Code   RO         1748    .text               mf_p.l(depilogue.o)
    0x000006d2   0x00000056   Code   RO         1760    .text               mc_p.l(__dczerorl2.o)
    0x00000728   0x00000002   Code   RO            4    i.C_HardFault_Handler  hardfault_handler.o
    0x0000072a   0x00000002   PAD
    0x0000072c   0x00000014   Code   RO           65    i.NVIC_DisableIRQ   irq_va108xx.o
    0x00000740   0x00000014   Code   RO           66    i.NVIC_EnableIRQ    irq_va108xx.o
    0x00000754   0x00000044   Code   RO           67    i.NVIC_SetPriority  irq_va108xx.o
    0x00000798   0x0000004c   Code   RO         1129    i.SEGGER_RTT_ConfigUpBuffer  segger_rtt.o
    0x000007e4   0x00000014   Code   RO         1133    i.SEGGER_RTT_Init   segger_rtt.o
    0x000007f8   0x00000024   Code   RO         1141    i.SEGGER_RTT_Write  segger_rtt.o
    0x0000081c   0x0000005c   Code   RO         1142    i.SEGGER_RTT_WriteNoLock  segger_rtt.o
    0x00000878   0x00000018   Code   RO         1280    i.SEGGER_RTT_printf  segger_rtt_printf.o
    0x00000890   0x00000194   Code   RO         1281    i.SEGGER_RTT_vprintf  segger_rtt_printf.o
    0x00000a24   0x00000010   Code   RO          125    i.SystemInit        system_va108xx.o
    0x00000a34   0x00000040   Code   RO          890    i.VOR_ADT75_GetTemp  reb_adt75.o
    0x00000a74   0x00000040   Code   RO          891    i.VOR_ADT75_Initialize  reb_adt75.o
    0x00000ab4   0x00000082   Code   RO           68    i.VOR_Disable_Irq   irq_va108xx.o
    0x00000b36   0x00000002   PAD
    0x00000b38   0x0000011c   Code   RO           69    i.VOR_Enable_Irq    irq_va108xx.o
    0x00000c54   0x00000020   Code   RO          156    i.VOR_GPIO_PinMux   driver.common.o
    0x00000c74   0x0000000c   Code   RO          157    i.VOR_Get_ClockFreq  driver.common.o
    0x00000c80   0x00000002   Code   RO          158    i.VOR_Get_SysTime   driver.common.o
    0x00000c82   0x00000002   PAD
    0x00000c84   0x00000010   Code   RO          238    i.VOR_I2C0_Control  i2c_drv_api.o
    0x00000c94   0x00000010   Code   RO          239    i.VOR_I2C0_GetDataCount  i2c_drv_api.o
    0x00000ca4   0x00000010   Code   RO          240    i.VOR_I2C0_GetStatus  i2c_drv_api.o
    0x00000cb4   0x00000010   Code   RO          241    i.VOR_I2C0_Initialize  i2c_drv_api.o
    0x00000cc4   0x00000010   Code   RO          242    i.VOR_I2C0_MS_IRQHandler  i2c_drv_api.o
    0x00000cd4   0x00000010   Code   RO          243    i.VOR_I2C0_MasterReceive  i2c_drv_api.o
    0x00000ce4   0x00000010   Code   RO          244    i.VOR_I2C0_MasterTransmit  i2c_drv_api.o
    0x00000cf4   0x00000010   Code   RO          245    i.VOR_I2C0_SL_IRQHandler  i2c_drv_api.o
    0x00000d04   0x00000010   Code   RO          246    i.VOR_I2C0_SlaveReceive  i2c_drv_api.o
    0x00000d14   0x00000010   Code   RO          247    i.VOR_I2C0_SlaveTransmit  i2c_drv_api.o
    0x00000d24   0x00000010   Code   RO          248    i.VOR_I2C0_Uninitialize  i2c_drv_api.o
    0x00000d34   0x00000010   Code   RO          249    i.VOR_I2C1_Control  i2c_drv_api.o
    0x00000d44   0x00000010   Code   RO          250    i.VOR_I2C1_GetDataCount  i2c_drv_api.o
    0x00000d54   0x00000010   Code   RO          251    i.VOR_I2C1_GetStatus  i2c_drv_api.o
    0x00000d64   0x00000010   Code   RO          252    i.VOR_I2C1_Initialize  i2c_drv_api.o
    0x00000d74   0x00000010   Code   RO          253    i.VOR_I2C1_MS_IRQHandler  i2c_drv_api.o
    0x00000d84   0x00000010   Code   RO          254    i.VOR_I2C1_MasterReceive  i2c_drv_api.o
    0x00000d94   0x00000010   Code   RO          255    i.VOR_I2C1_MasterTransmit  i2c_drv_api.o
    0x00000da4   0x00000010   Code   RO          256    i.VOR_I2C1_SL_IRQHandler  i2c_drv_api.o
    0x00000db4   0x00000010   Code   RO          257    i.VOR_I2C1_SlaveReceive  i2c_drv_api.o
    0x00000dc4   0x00000010   Code   RO          258    i.VOR_I2C1_SlaveTransmit  i2c_drv_api.o
    0x00000dd4   0x00000010   Code   RO          259    i.VOR_I2C1_Uninitialize  i2c_drv_api.o
    0x00000de4   0x000000ec   Code   RO          377    i.VOR_I2C_Control   i2c_va108xx.o
    0x00000ed0   0x0000000e   Code   RO          378    i.VOR_I2C_GetDataCount  i2c_va108xx.o
    0x00000ede   0x00000002   PAD
    0x00000ee0   0x0000012c   Code   RO          379    i.VOR_I2C_GetStatus  i2c_va108xx.o
    0x0000100c   0x0000003c   Code   RO          380    i.VOR_I2C_Initialize  i2c_va108xx.o
    0x00001048   0x00000172   Code   RO          381    i.VOR_I2C_MasterHandler  i2c_va108xx.o
    0x000011ba   0x00000002   PAD
    0x000011bc   0x00000118   Code   RO          382    i.VOR_I2C_MasterReceive  i2c_va108xx.o
    0x000012d4   0x00000168   Code   RO          383    i.VOR_I2C_MasterTransmit  i2c_va108xx.o
    0x0000143c   0x00000182   Code   RO          384    i.VOR_I2C_Setup     i2c_va108xx.o
    0x000015be   0x00000002   PAD
    0x000015c0   0x00000190   Code   RO          385    i.VOR_I2C_SlaveHandler  i2c_va108xx.o
    0x00001750   0x0000010c   Code   RO          386    i.VOR_I2C_SlaveReceive  i2c_va108xx.o
    0x0000185c   0x00000188   Code   RO          387    i.VOR_I2C_SlaveTransmit  i2c_va108xx.o
    0x000019e4   0x0000005e   Code   RO          388    i.VOR_I2C_Stop      i2c_va108xx.o
    0x00001a42   0x00000002   PAD
    0x00001a44   0x00000020   Code   RO          389    i.VOR_I2C_Uninitialize  i2c_va108xx.o
    0x00001a64   0x0000004a   Code   RO          390    i.VOR_I2C_abort_transfer  i2c_va108xx.o
    0x00001aae   0x00000002   PAD
    0x00001ab0   0x00000018   Code   RO          391    i.VOR_I2Cx_GetVersion  i2c_va108xx.o
    0x00001ac8   0x0000005c   Code   RO          919    i.VOR_Log           reb_log.o
    0x00001b24   0x00000020   Code   RO          920    i.VOR_Log_Init      reb_log.o
    0x00001b44   0x00000058   Code   RO         1007    i.VOR_MAX11619_Configure  reb_max11619.o
    0x00001b9c   0x0000003c   Code   RO         1008    i.VOR_MAX11619_GetData  reb_max11619.o
    0x00001bd8   0x000000b4   Code   RO         1009    i.VOR_MAX11619_Initialize  reb_max11619.o
    0x00001c8c   0x00000010   Code   RO          504    i.VOR_SPI0_Control  spi_drv_api.o
    0x00001c9c   0x00000010   Code   RO          505    i.VOR_SPI0_GetRxCount  spi_drv_api.o
    0x00001cac   0x00000010   Code   RO          506    i.VOR_SPI0_GetStatus  spi_drv_api.o
    0x00001cbc   0x00000010   Code   RO          507    i.VOR_SPI0_GetTxCount  spi_drv_api.o
    0x00001ccc   0x00000010   Code   RO          508    i.VOR_SPI0_IRQHandler  spi_drv_api.o
    0x00001cdc   0x00000010   Code   RO          509    i.VOR_SPI0_Initialize  spi_drv_api.o
    0x00001cec   0x00000010   Code   RO          510    i.VOR_SPI0_Receive  spi_drv_api.o
    0x00001cfc   0x00000010   Code   RO          511    i.VOR_SPI0_Send     spi_drv_api.o
    0x00001d0c   0x00000010   Code   RO          512    i.VOR_SPI0_Transfer  spi_drv_api.o
    0x00001d1c   0x00000010   Code   RO          513    i.VOR_SPI0_Uninitialize  spi_drv_api.o
    0x00001d2c   0x00000010   Code   RO          514    i.VOR_SPI1_Control  spi_drv_api.o
    0x00001d3c   0x00000010   Code   RO          515    i.VOR_SPI1_GetRxCount  spi_drv_api.o
    0x00001d4c   0x00000010   Code   RO          516    i.VOR_SPI1_GetStatus  spi_drv_api.o
    0x00001d5c   0x00000010   Code   RO          517    i.VOR_SPI1_GetTxCount  spi_drv_api.o
    0x00001d6c   0x00000010   Code   RO          518    i.VOR_SPI1_IRQHandler  spi_drv_api.o
    0x00001d7c   0x00000010   Code   RO          519    i.VOR_SPI1_Initialize  spi_drv_api.o
    0x00001d8c   0x00000010   Code   RO          520    i.VOR_SPI1_Receive  spi_drv_api.o
    0x00001d9c   0x00000010   Code   RO          521    i.VOR_SPI1_Send     spi_drv_api.o
    0x00001dac   0x00000010   Code   RO          522    i.VOR_SPI1_Transfer  spi_drv_api.o
    0x00001dbc   0x00000010   Code   RO          523    i.VOR_SPI1_Uninitialize  spi_drv_api.o
    0x00001dcc   0x00000010   Code   RO          524    i.VOR_SPI2_Control  spi_drv_api.o
    0x00001ddc   0x00000010   Code   RO          525    i.VOR_SPI2_GetRxCount  spi_drv_api.o
    0x00001dec   0x00000010   Code   RO          526    i.VOR_SPI2_GetStatus  spi_drv_api.o
    0x00001dfc   0x00000010   Code   RO          527    i.VOR_SPI2_GetTxCount  spi_drv_api.o
    0x00001e0c   0x00000010   Code   RO          528    i.VOR_SPI2_IRQHandler  spi_drv_api.o
    0x00001e1c   0x00000010   Code   RO          529    i.VOR_SPI2_Initialize  spi_drv_api.o
    0x00001e2c   0x00000010   Code   RO          530    i.VOR_SPI2_Receive  spi_drv_api.o
    0x00001e3c   0x00000010   Code   RO          531    i.VOR_SPI2_Send     spi_drv_api.o
    0x00001e4c   0x00000010   Code   RO          532    i.VOR_SPI2_Transfer  spi_drv_api.o
    0x00001e5c   0x00000010   Code   RO          533    i.VOR_SPI2_Uninitialize  spi_drv_api.o
    0x00001e6c   0x00000024   Code   RO          683    i.VOR_SPI_CTRL_ENABLE_BLOCKMODE_OPR  spi_va108xx.o
    0x00001e90   0x00000024   Code   RO          684    i.VOR_SPI_CTRL_SLAVE_OP_DISABLEMODE  spi_va108xx.o
    0x00001eb4   0x000000ae   Code   RO          685    i.VOR_SPI_Control   spi_va108xx.o
    0x00001f62   0x00000024   Code   RO          687    i.VOR_SPI_ENABLE_INTERFACE  spi_va108xx.o
    0x00001f86   0x00000004   Code   RO          688    i.VOR_SPI_GetRxCount  spi_va108xx.o
    0x00001f8a   0x0000009a   Code   RO          689    i.VOR_SPI_GetStatus  spi_va108xx.o
    0x00002024   0x00000004   Code   RO          690    i.VOR_SPI_GetTxCount  spi_va108xx.o
    0x00002028   0x0000003c   Code   RO          691    i.VOR_SPI_Initialize  spi_va108xx.o
    0x00002064   0x00000118   Code   RO          692    i.VOR_SPI_IrqHandler  spi_va108xx.o
    0x0000217c   0x000000d8   Code   RO          694    i.VOR_SPI_Receive   spi_va108xx.o
    0x00002254   0x00000022   Code   RO          695    i.VOR_SPI_SET_CTRL_SIZE_OPR  spi_va108xx.o
    0x00002276   0x0000002a   Code   RO          696    i.VOR_SPI_SET_Clock_Mode  spi_va108xx.o
    0x000022a0   0x00000052   Code   RO          697    i.VOR_SPI_SET_Clock_Rate  spi_va108xx.o
    0x000022f2   0x00000026   Code   RO          698    i.VOR_SPI_SET_LOOPBACKMODE  spi_va108xx.o
    0x00002318   0x00000016   Code   RO          699    i.VOR_SPI_SET_RX_FIFOTRG  spi_va108xx.o
    0x0000232e   0x00000028   Code   RO          700    i.VOR_SPI_SET_SLAVEMODE  spi_va108xx.o
    0x00002356   0x00000016   Code   RO          701    i.VOR_SPI_SET_TX_FIFOTRG  spi_va108xx.o
    0x0000236c   0x0000001e   Code   RO          702    i.VOR_SPI_SLAVE_SELECT_OPR  spi_va108xx.o
    0x0000238a   0x00000002   PAD
    0x0000238c   0x0000009c   Code   RO          703    i.VOR_SPI_Send      spi_va108xx.o
    0x00002428   0x00000118   Code   RO          704    i.VOR_SPI_Transfer  spi_va108xx.o
    0x00002540   0x0000002c   Code   RO          705    i.VOR_SPI_Uninitialize  spi_va108xx.o
    0x0000256c   0x00000022   Code   RO          706    i.VOR_SPI_abort_transfer  spi_va108xx.o
    0x0000258e   0x00000002   PAD
    0x00002590   0x00000018   Code   RO          707    i.VOR_SPIx_GetVersion  spi_va108xx.o
    0x000025a8   0x00000028   Code   RO          159    i.VOR_Sleep         driver.common.o
    0x000025d0   0x00000020   Code   RO         1047    i.VOR_TIM0_IRQHandler  reb_timer.o
    0x000025f0   0x0000000c   Code   RO         1048    i.VOR_TIM0_MSecClear  reb_timer.o
    0x000025fc   0x0000000c   Code   RO         1049    i.VOR_TIM0_MSecExpired  reb_timer.o
    0x00002608   0x00000048   Code   RO         1050    i.VOR_TIM0_MSecInitialize  reb_timer.o
    0x00002650   0x00000020   Code   RO         1051    i.VOR_TIM1_IRQHandler  reb_timer.o
    0x00002670   0x0000000c   Code   RO         1052    i.VOR_TIM1_SecClear  reb_timer.o
    0x0000267c   0x0000000c   Code   RO         1053    i.VOR_TIM1_SecExpired  reb_timer.o
    0x00002688   0x00000040   Code   RO         1054    i.VOR_TIM1_SecInitialize  reb_timer.o
    0x000026c8   0x000000a4   Code   RO         1145    i._DoInit           segger_rtt.o
    0x0000276c   0x00000016   Code   RO         1146    i._GetAvailWriteSpace  segger_rtt.o
    0x00002782   0x000000c8   Code   RO         1282    i._PrintInt         segger_rtt_printf.o
    0x0000284a   0x00000002   PAD
    0x0000284c   0x000000d8   Code   RO         1283    i._PrintUnsigned    segger_rtt_printf.o
    0x00002924   0x0000003e   Code   RO         1284    i._StoreChar        segger_rtt_printf.o
    0x00002962   0x00000060   Code   RO         1148    i._WriteBlocking    segger_rtt.o
    0x000029c2   0x0000003c   Code   RO         1149    i._WriteNoCheck     segger_rtt.o
    0x000029fe   0x00000002   PAD
    0x00002a00   0x00000028   Code   RO         1454    i.__0sprintf$bare   mc_p.l(printfb.o)
    0x00002a28   0x00000024   Code   RO         1689    i.__0vsnprintf      mc_p.l(printfa.o)
    0x00002a4c   0x0000002e   Code   RO         1750    i.__ARM_clz         mf_p.l(depilogue.o)
    0x00002a7a   0x0000001a   Code   RO          101    i.__ARM_common_switch8  irq_va108xx.o
    0x00002a94   0x0000000e   Code   RO         1754    i.__scatterload_copy  mc_p.l(handlers.o)
    0x00002aa2   0x00000002   Code   RO         1755    i.__scatterload_null  mc_p.l(handlers.o)
    0x00002aa4   0x0000000e   Code   RO         1756    i.__scatterload_zeroinit  mc_p.l(handlers.o)
    0x00002ab2   0x00000002   PAD
    0x00002ab4   0x00000158   Code   RO         1691    i._fp_digits        mc_p.l(printfa.o)
    0x00002c0c   0x0000001e   Code   RO         1459    i._printf_core      mc_p.l(printfb.o)
    0x00002c2a   0x00000002   PAD
    0x00002c2c   0x000006ec   Code   RO         1692    i._printf_core      mc_p.l(printfa.o)
    0x00003318   0x00000020   Code   RO         1693    i._printf_post_padding  mc_p.l(printfa.o)
    0x00003338   0x0000002c   Code   RO         1694    i._printf_pre_padding  mc_p.l(printfa.o)
    0x00003364   0x00000016   Code   RO         1695    i._snputc           mc_p.l(printfa.o)
    0x0000337a   0x0000000a   Code   RO         1461    i._sputc            mc_p.l(printfb.o)
    0x00003384   0x00000328   Code   RO          975    i.main              reb_main.o
    0x000036ac   0x00000004   Data   RO          392    .constdata          i2c_va108xx.o
    0x000036b0   0x00000004   Data   RO          708    .constdata          spi_va108xx.o
    0x000036b4   0x00000010   Data   RO         1285    .constdata          segger_rtt_printf.o
    0x000036c4   0x00000020   Data   RO         1752    Region$$Table       anon$$obj.o


    Execution Region ER_RW (Base: 0x10000000, Size: 0x0000053c, Max: 0xffffffff, ABSOLUTE, COMPRESSED[0x000000cc])

    Base Addr    Size         Type   Attr      Idx    E Section Name        Object

    0x10000000   0x00000004   Data   RW          126    .data               system_va108xx.o
    0x10000004   0x00000028   Data   RW          260    .data               i2c_drv_api.o
    0x1000002c   0x00000028   Data   RW          261    .data               i2c_drv_api.o
    0x10000054   0x000000e8   Data   RW          393    .data               i2c_va108xx.o
    0x1000013c   0x000000e8   Data   RW          394    .data               i2c_va108xx.o
    0x10000224   0x00000028   Data   RW          534    .data               spi_drv_api.o
    0x1000024c   0x00000028   Data   RW          535    .data               spi_drv_api.o
    0x10000274   0x00000028   Data   RW          536    .data               spi_drv_api.o
    0x1000029c   0x000000dc   Data   RW          709    .data               spi_va108xx.o
    0x10000378   0x000000dc   Data   RW          710    .data               spi_va108xx.o
    0x10000454   0x000000dc   Data   RW          711    .data               spi_va108xx.o
    0x10000530   0x00000002   Data   RW          922    .data               reb_log.o
    0x10000532   0x00000001   Data   RW          976    .data               reb_main.o
    0x10000533   0x00000001   PAD
    0x10000534   0x00000004   Data   RW         1011    .data               reb_max11619.o
    0x10000538   0x00000002   Data   RW         1055    .data               reb_timer.o


    Execution Region ER_ZI (Base: 0x1000053c, Size: 0x00001084, Max: 0xffffffff, ABSOLUTE)

    Base Addr    Size         Type   Attr      Idx    E Section Name        Object

    0x1000053c   0x00000064   Zero   RW          921    .bss                reb_log.o
    0x100005a0   0x00000c20   Zero   RW         1151    .bss                segger_rtt.o
    0x100011c0   0x00000400   Zero   RW          115    STACK               startup_va108xx.o



  Load Region LR$$.ARM.__at_0x10007000 (Base: 0x10007000, Size: 0x00000000, Max: 0x000000a8, ABSOLUTE)

    Execution Region ER$$.ARM.__at_0x10007000 (Base: 0x10007000, Size: 0x000000a8, Max: 0x000000a8, ABSOLUTE, UNINIT)

    Base Addr    Size         Type   Attr      Idx    E Section Name        Object

    0x10007000   0x000000a8   Zero   RW         1150    .ARM.__at_0x10007000  segger_rtt.o


==============================================================================

Image component sizes


      Code (inc. data)   RO Data    RW Data    ZI Data      Debug   Object Name

        86         20          0          0          0       2892   driver.common.o
        14          0          0          0          0     183442   hardfault_handler.o
       352        124          0         80          0      16442   i2c_drv_api.o
      3290        108          4        464          0      20121   i2c_va108xx.o
       548         50          0          0          0       9395   irq_va108xx.o
       128         14          0          0          0       1471   reb_adt75.o
       124         30          0          2        100       2509   reb_log.o
       808        462          0          1          0       1456   reb_main.o
       328         28          0          4          0       2226   reb_max11619.o
       248         56          0          2          0       3957   reb_timer.o
       566         72          0          0       3272       9430   segger_rtt.o
       906          6         16          0          0       6161   segger_rtt_printf.o
       480        180          0        120          0      21091   spi_drv_api.o
      1848         34          4        660          0      22381   spi_va108xx.o
        36          8        192          0       1024        800   startup_va108xx.o
        16          8          0          4          0        679   system_va108xx.o

    ----------------------------------------------------------------------
      9802       1200        248       1340       4396     304453   Object Totals
         0          0         32          0          0          0   (incl. Generated)
        24          0          0          3          0          0   (incl. Padding)

    ----------------------------------------------------------------------

      Code (inc. data)   RO Data    RW Data    ZI Data      Debug   Library Member Name

        86          0          0          0          0          0   __dczerorl2.o
         0          0          0          0          0          0   entry.o
         0          0          0          0          0          0   entry10a.o
         0          0          0          0          0          0   entry11a.o
         8          4          0          0          0          0   entry2.o
         4          0          0          0          0          0   entry5.o
         0          0          0          0          0          0   entry7b.o
         0          0          0          0          0          0   entry8b.o
         8          4          0          0          0          0   entry9a.o
        30          0          0          0          0          0   handlers.o
        40          0          0          0          0         72   idiv.o
        36          8          0          0          0         68   init.o
         0          0          0          0          0          0   iusefp.o
        32          0          0          0          0         68   llshl.o
        38          0          0          0          0         68   llsshr.o
        34          0          0          0          0         68   llushr.o
        36          0          0          0          0         60   memcpya.o
      2250         94          0          0          0        460   printfa.o
        80          6          0          0          0        220   printfb.o
        18          0          0          0          0         60   strcpy.o
        14          0          0          0          0         60   strlen.o
        44          0          0          0          0         72   uidiv.o
        96          0          0          0          0         84   uldiv.o
        40          2          0          0          0         68   cdrcmple.o
       356          4          0          0          0        140   dadd.o
       240          6          0          0          0         84   ddiv.o
       236          0          0          0          0        216   depilogue.o
        64         10          0          0          0         68   dfixul.o
       208          6          0          0          0         88   dmul.o

    ----------------------------------------------------------------------
      4002        144          0          0          0       2024   Library Totals
         4          0          0          0          0          0   (incl. Padding)

    ----------------------------------------------------------------------

      Code (inc. data)   RO Data    RW Data    ZI Data      Debug   Library Name

      2854        116          0          0          0       1360   mc_p.l
      1144         28          0          0          0        664   mf_p.l

    ----------------------------------------------------------------------
      4002        144          0          0          0       2024   Library Totals

    ----------------------------------------------------------------------

==============================================================================


      Code (inc. data)   RO Data    RW Data    ZI Data      Debug   

     13804       1344        248       1340       4396     299997   Grand Totals
     13804       1344        248        204       4396     299997   ELF Image Totals (compressed)
     13804       1344        248        204          0          0   ROM Totals

==============================================================================

    Total RO  Size (Code + RO Data)                14052 (  13.72kB)
    Total RW  Size (RW Data + ZI Data)              5736 (   5.60kB)
    Total ROM Size (Code + RO Data + RW Data)      14256 (  13.92kB)

==============================================================================

