<html>
<body>
<pre>
<h1>µVision Build Log</h1>
<h2>Tool Versions:</h2>
IDE-Version: µVision V5.16a
Copyright (C) 2015 ARM Ltd and ARM Germany GmbH. All rights reserved.
License Information: Clay Merritt, Vorago Technologies, LIC=----
 
Tool Versions:
Toolchain:       MDK-Lite  Version: 5.16a
Toolchain Path:  C:\Keil_v5\ARM\ARMCC\Bin
C Compiler:      Armcc.exe V5.06 (build 20)
Assembler:       Armasm.exe V5.06 (build 20)
Linker/Locator:  ArmLink.exe V5.06 (build 20)
Library Manager: ArmAr.exe V5.06 (build 20)
Hex Converter:   FromElf.exe V5.06 (build 20)
CPU DLL:         SARMCM3.DLL V5.16a
Dialog DLL:      DARMCM1.DLL V1.12.0.0
Target DLL:      Segger\JL2CM3.dll V2.99.15.2
Dialog DLL:      TARMCM1.DLL V1.9.0.0
 
<h2>Project:</h2>
C:\SRC\Application Notes\AN1201 - SPI examples\mcu\project\SPI_AN_va108xx\SPI_AN__va108xx.uvprojx
Project File Date:  05/05/2016

<h2>Output:</h2>
*** Using Compiler 'V5.06 (build 20)', folder: 'C:\Keil_v5\ARM\ARMCC\Bin'
Rebuild target 'SPI_AN_xx'
Clean started - Project: 'SPI_AN__va108xx'
   deleting intermediate output files for target 'SPI_AN_xx'
compiling hardfault_handler.c...
compiling irq_va108xx.c...
assembling startup_va108xx.s...
compiling system_va108xx.c...
compiling driver.common.c...
compiling gpio_drv_api.c...
compiling gpio_va108xx.c...
compiling i2c_drv_api.c...
compiling i2c_va108xx.c...
compiling spi_drv_api.c...
compiling spi_va108xx.c...
compiling uart_drv_api.c...
compiling uart_va108xx.c...
compiling reb_adt75.c...
compiling reb_log.c...
compiling reb_max11619.c...
compiling reb_timer.c...
compiling SPI_AN_main.c...
src\SPI_AN_main.c(561): warning:  #550-D: variable "retVal" was set but never used
                int32_t systick_old, elapsed_ticks1, elapsed_ticks2, main_cnt, retVal; 
src\SPI_AN_main.c: 1 warning, 0 errors
compiling redirect.c...
compiling segger_rtt.c...
compiling segger_rtt_printf.c...
compiling segger_rtt_syscalls_keil.c...
compiling utils.c...
linking...
Program Size: Code=10944 RO-data=544 RW-data=1372 ZI-data=4684  
".\Objects\reb1_va108xx.axf" - 0 Error(s), 1 Warning(s).

*** Performing Cross-Module-Optimization:
compiling hardfault_handler.c...
compiling irq_va108xx.c...
compiling system_va108xx.c...
compiling driver.common.c...
compiling gpio_drv_api.c...
compiling gpio_va108xx.c...
compiling i2c_drv_api.c...
compiling i2c_va108xx.c...
compiling spi_drv_api.c...
compiling spi_va108xx.c...
compiling uart_drv_api.c...
compiling uart_va108xx.c...
compiling reb_adt75.c...
compiling reb_log.c...
compiling reb_max11619.c...
compiling reb_timer.c...
compiling SPI_AN_main.c...
src\SPI_AN_main.c(561): warning:  #550-D: variable "retVal" was set but never used
                int32_t systick_old, elapsed_ticks1, elapsed_ticks2, main_cnt, retVal; 
src\SPI_AN_main.c: 1 warning, 0 errors
compiling redirect.c...
compiling segger_rtt.c...
compiling segger_rtt_syscalls_keil.c...
compiling utils.c...
linking...
Program Size: Code=10944 RO-data=544 RW-data=1372 ZI-data=4684  
FromELF: creating hex file...
After Build - User command #1: C:\Keil_v5\ARM\ARMCC\bin\fromelf.exe --bin C:\SRC\Application Notes\AN1201 - SPI examples\mcu\project\SPI_AN_va108xx\Objects\reb1_va108xx.axf --output C:\SRC\Application Notes\AN1201 - SPI examples\mcu\project\SPI_AN_va108xx\Objects\reb1_va108xx.bin
Error: Q0466E: An output file can only be specified if there is a single input file
Finished: 0 information, 0 warning and 1 error messages.
".\Objects\reb1_va108xx.axf" - 0 Error(s), 1 Warning(s).
*** Completed Cross-Module-Optimization after 2 iteration(s).

<h2>Collection of Component include folders:</h2>
  C:\SRC\Application Notes\AN1201 - SPI examples\mcu\project\SPI_AN_va108xx\RTE
  C:\Keil_v5\ARM\PACK\Vorago\VA108xx\1.0.0\core

<h2>Collection of Component Files used:</h2>
Build Time Elapsed:  00:00:17
</pre>
</body>
</html>
